
**** 09/16/23 03:26:02 ********* PSpice 9.2 (Oct 2000) ******** ID# 0 ********

 * D:\OneDrive - BUET\Desktop\Project demo\DC\DC_divider.sch


 ****     CIRCUIT DESCRIPTION


******************************************************************************




* Schematics Version 9.2
* Sat Sep 16 03:25:58 2023



** Analysis setup **
.tran 1 1000
.OP 


* From [PSPICE NETLIST] section of C:\Program Files\Orcad\PSpice\PSpice.ini:
.lib "nom.lib"

.INC "DC_divider.net"



**** INCLUDING DC_divider.net ****
* Schematics Netlist *



D_D3         $N_0001 $N_0002 D1N4001 
R_R5         $N_0004 $N_0003  1k  
R_R6         $N_0003 $N_0005  1k  
V_V3         p 0 15
V_V4         0 n 15
X_U4         0 $N_0002 p n $N_0004 uA741
X_U5         0 $N_0003 p n $N_0005 uA741
X_U1         0 $N_0010 p n $N_0011 uA741
D_D1         $N_0010 $N_0011 D1N4001 
R_R12         $N_0015 $N_0014  1k  
X_U6         0 $N_0014 p n $N_0016 uA741
R_R8         k $N_0019  1k  
R_R4         $N_0002 $N_0004  1k  
R_R15         $N_0021 $N_0020  1k  
X_U7         0 $N_0021 p n $N_0020 uA741
D_D2         $N_0019 $N_0024 D1N4001 
X_U2         0 $N_0019 p n $N_0024 uA741
R_R14         $N_0024 $N_0021  1k  
R_R13         $N_0016 $N_0027  1k  
R_R17         $N_0020 $N_0027  1k  
R_R1         $N_0011 $N_0027  1k  
X_U3         0 $N_0027 p n $N_0001 uA741
R_R3         $N_0027 $N_0001  1k  
D_D7         $N_0014 $N_0016 D1N4001 
V_V5         $N_0015 0 1
R_R18         $N_0031 $N_0030  1k  
X_U8         0 $N_0031 $N_0032 $N_0033 $N_0030 uA741
V_V6         0 $N_0033 15
V_V7         $N_0032 0 15
R_R19         a $N_0031  100k  
R_R20         $N_0036 b  1k  
X_U9         0 $N_0036 $N_0037 $N_0038 b uA741
V_V8         0 $N_0038 15
V_V9         $N_0037 0 15
R_R21         $N_0030 $N_0036  1k  
R_R22         $N_0042 $N_0041  1k  
X_U10         0 $N_0042 $N_0043 $N_0044 $N_0041 uA741
V_V10         0 $N_0044 15
V_V11         $N_0043 0 15
R_R23         m $N_0042  100k  
R_R24         $N_0047 k  1k  
X_U11         0 $N_0047 $N_0048 $N_0049 k uA741
V_V12         0 $N_0049 15
V_V13         $N_0048 0 15
R_R25         $N_0041 $N_0047  1k  
R_R7         b $N_0010  1k  
V_V14         m 0 90
V_V1         a 0 99

**** RESUMING DC_divider.cir ****
.PROBE V(*) I(*) W(*) D(*) NOISE(*) 


.END

**** 09/16/23 03:26:02 ********* PSpice 9.2 (Oct 2000) ******** ID# 0 ********

 * D:\OneDrive - BUET\Desktop\Project demo\DC\DC_divider.sch


 ****     Diode MODEL PARAMETERS


******************************************************************************




               D1N4001         X_U4.dx         X_U4.dy         X_U5.dx         
          IS   14.110000E-09  800.000000E-18  800.000000E-18  800.000000E-18 
           N    1.984                                                        
         IKF   94.81                                                         
          BV   75                                                            
         IBV   10.000000E-06                                                 
          RS     .03389         1               1.000000E-03    1            
          TT    5.700000E-06                                                 
         CJO   25.890000E-12                   10.000000E-12                 
          VJ     .3245                                                       
           M     .44                                                         


               X_U5.dy         X_U1.dx         X_U1.dy         X_U6.dx         
          IS  800.000000E-18  800.000000E-18  800.000000E-18  800.000000E-18 
          RS    1.000000E-03    1               1.000000E-03    1            
         CJO   10.000000E-12                   10.000000E-12                 


               X_U6.dy         X_U7.dx         X_U7.dy         X_U2.dx         
          IS  800.000000E-18  800.000000E-18  800.000000E-18  800.000000E-18 
          RS    1.000000E-03    1               1.000000E-03    1            
         CJO   10.000000E-12                   10.000000E-12                 


               X_U2.dy         X_U3.dx         X_U3.dy         X_U8.dx         
          IS  800.000000E-18  800.000000E-18  800.000000E-18  800.000000E-18 
          RS    1.000000E-03    1               1.000000E-03    1            
         CJO   10.000000E-12                   10.000000E-12                 


               X_U8.dy         X_U9.dx         X_U9.dy         X_U10.dx        
          IS  800.000000E-18  800.000000E-18  800.000000E-18  800.000000E-18 
          RS    1.000000E-03    1               1.000000E-03    1            
         CJO   10.000000E-12                   10.000000E-12                 


               X_U10.dy        X_U11.dx        X_U11.dy        
          IS  800.000000E-18  800.000000E-18  800.000000E-18 
          RS    1.000000E-03    1               1.000000E-03 
         CJO   10.000000E-12                   10.000000E-12 


**** 09/16/23 03:26:02 ********* PSpice 9.2 (Oct 2000) ******** ID# 0 ********

 * D:\OneDrive - BUET\Desktop\Project demo\DC\DC_divider.sch


 ****     BJT MODEL PARAMETERS


******************************************************************************




               X_U4.qx         X_U5.qx         X_U1.qx         X_U6.qx         
               NPN             NPN             NPN             NPN             
          IS  800.000000E-18  800.000000E-18  800.000000E-18  800.000000E-18 
          BF   93.75           93.75           93.75           93.75         
          NF    1               1               1               1            
          BR    1               1               1               1            
          NR    1               1               1               1            
          CN    2.42            2.42            2.42            2.42         
           D     .87             .87             .87             .87         


               X_U7.qx         X_U2.qx         X_U3.qx         X_U8.qx         
               NPN             NPN             NPN             NPN             
          IS  800.000000E-18  800.000000E-18  800.000000E-18  800.000000E-18 
          BF   93.75           93.75           93.75           93.75         
          NF    1               1               1               1            
          BR    1               1               1               1            
          NR    1               1               1               1            
          CN    2.42            2.42            2.42            2.42         
           D     .87             .87             .87             .87         


               X_U9.qx         X_U10.qx        X_U11.qx        
               NPN             NPN             NPN             
          IS  800.000000E-18  800.000000E-18  800.000000E-18 
          BF   93.75           93.75           93.75         
          NF    1               1               1            
          BR    1               1               1            
          NR    1               1               1            
          CN    2.42            2.42            2.42         
           D     .87             .87             .87         


**** 09/16/23 03:26:02 ********* PSpice 9.2 (Oct 2000) ******** ID# 0 ********

 * D:\OneDrive - BUET\Desktop\Project demo\DC\DC_divider.sch


 ****     SMALL SIGNAL BIAS SOLUTION       TEMPERATURE =   27.000 DEG C


******************************************************************************



 NODE   VOLTAGE     NODE   VOLTAGE     NODE   VOLTAGE     NODE   VOLTAGE


(    a)   99.0000  (    b)     .9900  (    k)     .9000  (    m)   90.0000      

(    n)  -15.0000  (    p)   15.0000  (X_U1.6) 76.35E-06 (X_U1.7)    -.6507     

(X_U1.8)    -.6507 (X_U1.9)    0.0000 (X_U2.6) 74.53E-06 (X_U2.7)    -.6411     

(X_U2.8)    -.6411 (X_U2.9)    0.0000 (X_U3.6)-78.51E-06 (X_U3.7)     .6619     

(X_U3.8)     .6619 (X_U3.9)    0.0000 (X_U4.6) 135.1E-06 (X_U4.7)   -1.2093     

(X_U4.8)   -1.2093 (X_U4.9)    0.0000 (X_U5.6)-119.4E-06 (X_U5.7)    1.1544     

(X_U5.8)    1.1544 (X_U5.9)    0.0000 (X_U6.6) 76.55E-06 (X_U6.7)    -.6518     

(X_U6.8)    -.6518 (X_U6.9)    0.0000 (X_U7.6)-69.79E-06 (X_U7.7)     .6246     

(X_U7.8)     .6246 (X_U7.9)    0.0000 (X_U8.6) 121.7E-06 (X_U8.7)   -1.0889     

(X_U8.8)   -1.0889 (X_U8.9)    0.0000 (X_U9.6)-121.7E-06 (X_U9.7)    1.0890     

(X_U9.8)    1.0890 (X_U9.9)    0.0000 ($N_0001)     .5780                       

($N_0002) 26.43E-06                   ($N_0003) 12.91E-06                       

($N_0004)   -1.0993                   ($N_0005)    1.0994                       

($N_0010) 23.31E-06                   ($N_0011)    -.5726                       

($N_0014) 23.32E-06                   ($N_0015)    1.0000                       

($N_0016)    -.5731                   ($N_0019) 23.21E-06                       

($N_0020)     .5678                   ($N_0021) 15.54E-06                       

($N_0024)    -.5677                   ($N_0027) 15.08E-06                       

($N_0030)    -.9899                   ($N_0031) 25.72E-06                       

($N_0032)   15.0000                   ($N_0033)  -15.0000                       

($N_0036) 12.78E-06                   ($N_0037)   15.0000                       

($N_0038)  -15.0000                   ($N_0041)    -.8999                       

($N_0042) 25.13E-06                   ($N_0043)   15.0000                       

($N_0044)  -15.0000                   ($N_0047) 13.37E-06                       

($N_0048)   15.0000                   ($N_0049)  -15.0000                       

(X_U1.10)    -.6077                   (X_U1.11)   14.9600                       

(X_U1.12)   14.9600                   (X_U1.13)    -.5938                       

(X_U1.14)    -.5938                   (X_U1.53)   14.0000                       

(X_U1.54)  -14.0000                   (X_U1.90)   -1.5625                       

(X_U1.91)   40.0000                   (X_U1.92)  -40.0000                       

(X_U1.99)    0.0000                   (X_U10.6) 110.6E-06                       

(X_U10.7)    -.9899                   (X_U10.8)    -.9899                       

(X_U10.9)    0.0000                   (X_U11.6)-110.6E-06                       

(X_U11.7)     .9900                   (X_U11.8)     .9900                       

(X_U11.9)    0.0000                   (X_U2.10)    -.6077                       

(X_U2.11)   14.9600                   (X_U2.12)   14.9600                       

(X_U2.13)    -.5938                   (X_U2.14)    -.5938                       

(X_U2.53)   14.0000                   (X_U2.54)  -14.0000                       

(X_U2.90)   -1.4676                   (X_U2.91)   40.0000                       

(X_U2.92)  -40.0000                   (X_U2.99)    0.0000                       

(X_U3.10)    -.6077                   (X_U3.11)   14.9600                       

(X_U3.12)   14.9600                   (X_U3.13)    -.5938                       

(X_U3.14)    -.5938                   (X_U3.53)   14.0000                       

(X_U3.54)  -14.0000                   (X_U3.90)    1.6775                       

(X_U3.91)   40.0000                   (X_U3.92)  -40.0000                       

(X_U3.99)    0.0000                   (X_U4.10)    -.6077                       

(X_U4.11)   14.9600                   (X_U4.12)   14.9600                       

(X_U4.13)    -.5938                   (X_U4.14)    -.5938                       

(X_U4.53)   14.0000                   (X_U4.54)  -14.0000                       

(X_U4.90)   -2.1987                   (X_U4.91)   40.0000                       

(X_U4.92)  -40.0000                   (X_U4.99)    0.0000                       

(X_U5.10)    -.6077                   (X_U5.11)   14.9600                       

(X_U5.12)   14.9600                   (X_U5.13)    -.5938                       

(X_U5.14)    -.5938                   (X_U5.53)   14.0000                       

(X_U5.54)  -14.0000                   (X_U5.90)    1.0994                       

(X_U5.91)   40.0000                   (X_U5.92)  -40.0000                       

(X_U5.99)    0.0000                   (X_U6.10)    -.6077                       

(X_U6.11)   14.9600                   (X_U6.12)   14.9600                       

(X_U6.13)    -.5938                   (X_U6.14)    -.5938                       

(X_U6.53)   14.0000                   (X_U6.54)  -14.0000                       

(X_U6.90)   -1.5730                   (X_U6.91)   40.0000                       

(X_U6.92)  -40.0000                   (X_U6.99)    0.0000                       

(X_U7.10)    -.6077                   (X_U7.11)   14.9600                       

(X_U7.12)   14.9600                   (X_U7.13)    -.5938                       

(X_U7.14)    -.5938                   (X_U7.53)   14.0000                       

(X_U7.54)  -14.0000                   (X_U7.90)    1.1356                       

(X_U7.91)   40.0000                   (X_U7.92)  -40.0000                       

(X_U7.99)    0.0000                   (X_U8.10)    -.6077                       

(X_U8.11)   14.9600                   (X_U8.12)   14.9600                       

(X_U8.13)    -.5938                   (X_U8.14)    -.5938                       

(X_U8.53)   14.0000                   (X_U8.54)  -14.0000                       

(X_U8.90)   -1.9798                   (X_U8.91)   40.0000                       

(X_U8.92)  -40.0000                   (X_U8.99)    0.0000                       

(X_U9.10)    -.6077                   (X_U9.11)   14.9600                       

(X_U9.12)   14.9600                   (X_U9.13)    -.5938                       

(X_U9.14)    -.5938                   (X_U9.53)   14.0000                       

(X_U9.54)  -14.0000                   (X_U9.90)    1.9800                       

(X_U9.91)   40.0000                   (X_U9.92)  -40.0000                       

(X_U9.99)    0.0000                   (X_U10.10)    -.6077                      

(X_U10.11)   14.9600                  (X_U10.12)   14.9600                      

(X_U10.13)    -.5938                  (X_U10.14)    -.5938                      

(X_U10.53)   14.0000                  (X_U10.54)  -14.0000                      

(X_U10.90)   -1.7998                  (X_U10.91)   40.0000                      

(X_U10.92)  -40.0000                  (X_U10.99)    0.0000                      

(X_U11.10)    -.6077                  (X_U11.11)   14.9600                      

(X_U11.12)   14.9600                  (X_U11.13)    -.5938                      

(X_U11.14)    -.5938                  (X_U11.53)   14.0000                      

(X_U11.54)  -14.0000                  (X_U11.90)    1.8000                      

(X_U11.91)   40.0000                  (X_U11.92)  -40.0000                      

(X_U11.99)    0.0000                  




    VOLTAGE SOURCE CURRENTS
    NAME         CURRENT

    V_V3        -1.167E-02
    V_V4        -1.167E-02
    V_V5        -1.000E-03
    V_V6        -1.667E-03
    V_V7        -1.667E-03
    V_V8        -1.667E-03
    V_V9        -1.667E-03
    V_V10       -1.667E-03
    V_V11       -1.667E-03
    V_V12       -1.667E-03
    V_V13       -1.667E-03
    V_V14       -9.000E-04
    V_V1        -9.900E-04
    X_U4.vb      1.351E-09
    X_U4.vc      1.510E-11
    X_U4.ve      1.273E-11
    X_U4.vlim   -2.199E-03
    X_U4.vlp    -4.220E-11
    X_U4.vln    -3.780E-11
    X_U5.vb     -1.194E-09
    X_U5.vc      1.290E-11
    X_U5.ve      1.637E-11
    X_U5.vlim    1.099E-03
    X_U5.vlp    -3.890E-11
    X_U5.vln    -4.110E-11
    X_U1.vb      7.635E-10
    X_U1.vc      1.457E-11
    X_U1.ve      1.455E-11
    X_U1.vlim   -1.563E-03
    X_U1.vlp    -4.156E-11
    X_U1.vln    -3.844E-11
    X_U6.vb      7.655E-10
    X_U6.vc      1.457E-11
    X_U6.ve      1.455E-11
    X_U6.vlim   -1.573E-03
    X_U6.vlp    -4.157E-11
    X_U6.vln    -3.843E-11
    X_U7.vb     -6.979E-10
    X_U7.vc      1.343E-11
    X_U7.ve      1.455E-11
    X_U7.vlim    1.136E-03
    X_U7.vlp    -3.887E-11
    X_U7.vln    -4.114E-11
    X_U2.vb      7.453E-10
    X_U2.vc      1.457E-11
    X_U2.ve      1.455E-11
    X_U2.vlim   -1.468E-03
    X_U2.vlp    -4.147E-11
    X_U2.vln    -3.854E-11
    X_U3.vb     -7.851E-10
    X_U3.vc      1.342E-11
    X_U3.ve      1.455E-11
    X_U3.vlim    1.677E-03
    X_U3.vlp    -3.832E-11
    X_U3.vln    -4.168E-11
    X_U8.vb      1.217E-09
    X_U8.vc      1.499E-11
    X_U8.ve      1.273E-11
    X_U8.vlim   -1.980E-03
    X_U8.vlp    -4.198E-11
    X_U8.vln    -3.802E-11
    X_U9.vb     -1.217E-09
    X_U9.vc      1.301E-11
    X_U9.ve      1.637E-11
    X_U9.vlim    1.980E-03
    X_U9.vlp    -3.802E-11
    X_U9.vln    -4.198E-11
    X_U10.vb     1.106E-09
    X_U10.vc     1.490E-11
    X_U10.ve     1.455E-11
    X_U10.vlim  -1.800E-03
    X_U10.vlp   -4.180E-11
    X_U10.vln   -3.820E-11
    X_U11.vb    -1.106E-09
    X_U11.vc     1.310E-11
    X_U11.ve     1.455E-11
    X_U11.vlim   1.800E-03
    X_U11.vlp   -3.820E-11
    X_U11.vln   -4.180E-11

    TOTAL POWER DISSIPATION   7.30E-01  WATTS


**** 09/16/23 03:26:02 ********* PSpice 9.2 (Oct 2000) ******** ID# 0 ********

 * D:\OneDrive - BUET\Desktop\Project demo\DC\DC_divider.sch


 ****     OPERATING POINT INFORMATION      TEMPERATURE =   27.000 DEG C


******************************************************************************






**** VOLTAGE-CONTROLLED CURRENT SOURCES


NAME         X_U4.ga     X_U4.gcm    X_U5.ga     X_U5.gcm    X_U1.ga   
I-SOURCE    -4.973E-09  -3.622E-09  -2.429E-09  -3.622E-09  -4.386E-09

NAME         X_U1.gcm    X_U6.ga     X_U6.gcm    X_U7.ga     X_U7.gcm  
I-SOURCE    -3.622E-09  -4.388E-09  -3.622E-09  -2.924E-09  -3.622E-09

NAME         X_U2.ga     X_U2.gcm    X_U3.ga     X_U3.gcm    X_U8.ga   
I-SOURCE    -4.368E-09  -3.622E-09  -2.837E-09  -3.622E-09  -4.839E-09

NAME         X_U8.gcm    X_U9.ga     X_U9.gcm    X_U10.ga    X_U10.gcm 
I-SOURCE    -3.622E-09  -2.406E-09  -3.622E-09  -4.728E-09  -3.622E-09

NAME         X_U11.ga    X_U11.gcm 
I-SOURCE    -2.516E-09  -3.622E-09


**** VOLTAGE-CONTROLLED VOLTAGE SOURCES


NAME         X_U4.egnd   X_U5.egnd   X_U1.egnd   X_U6.egnd   X_U7.egnd 
V-SOURCE     0.000E+00   0.000E+00   0.000E+00   0.000E+00   0.000E+00
I-SOURCE     2.199E-03  -1.099E-03   1.562E-03   1.573E-03  -1.136E-03

NAME         X_U2.egnd   X_U3.egnd   X_U8.egnd   X_U9.egnd   X_U10.egnd
V-SOURCE     0.000E+00   0.000E+00   0.000E+00   0.000E+00   0.000E+00
I-SOURCE     1.468E-03  -1.678E-03   1.980E-03  -1.980E-03   1.800E-03

NAME         X_U11.egnd
V-SOURCE     0.000E+00
I-SOURCE    -1.800E-03


**** CURRENT-CONTROLLED CURRENT SOURCES


NAME         X_U4.fb     X_U5.fb     X_U1.fb     X_U6.fb     X_U7.fb   
I-SOURCE     1.427E-02  -1.263E-02   8.062E-03   8.085E-03  -7.375E-03

NAME         X_U2.fb     X_U3.fb     X_U8.fb     X_U9.fb     X_U10.fb  
I-SOURCE     7.871E-03  -8.303E-03   1.286E-02  -1.286E-02   1.169E-02

NAME         X_U11.fb  
I-SOURCE    -1.169E-02


**** CURRENT-CONTROLLED VOLTAGE SOURCES


NAME         X_U4.hlim   X_U5.hlim   X_U1.hlim   X_U6.hlim   X_U7.hlim 
V-SOURCE    -2.199E+00   1.099E+00  -1.563E+00  -1.573E+00   1.136E+00
I-SOURCE     4.398E-12  -2.199E-12   3.126E-12   3.146E-12  -2.272E-12

NAME         X_U2.hlim   X_U3.hlim   X_U8.hlim   X_U9.hlim   X_U10.hlim
V-SOURCE    -1.468E+00   1.677E+00  -1.980E+00   1.980E+00  -1.800E+00
I-SOURCE     2.935E-12  -3.355E-12   3.960E-12  -3.960E-12   3.600E-12

NAME         X_U11.hlim
V-SOURCE     1.800E+00
I-SOURCE    -3.600E-12


**** DIODES


NAME         D_D3        D_D1        D_D2        D_D7        X_U4.dc   
MODEL        D1N4001     D1N4001     D1N4001     D1N4001     X_U4.dy   
ID           1.10E-03    9.90E-04    9.00E-04    1.00E-03   -1.51E-11 
VD           5.78E-01    5.73E-01    5.68E-01    5.73E-01   -1.51E+01 
REQ          4.67E+01    5.18E+01    5.70E+01    5.13E+01    1.00E+12 
CAP          1.22E-07    1.10E-07    1.00E-07    1.11E-07    2.49E-12 

NAME         X_U4.de     X_U4.dlp    X_U4.dln    X_U4.dp     X_U5.dc   
MODEL        X_U4.dy     X_U4.dx     X_U4.dx     X_U4.dx     X_U5.dy   
ID          -1.29E-11   -4.22E-11   -3.78E-11   -3.00E-11   -1.29E-11 
VD          -1.29E+01   -4.22E+01   -3.78E+01   -3.00E+01   -1.29E+01 
REQ          1.00E+12    1.00E+12    1.00E+12    1.00E+12    1.00E+12 
CAP          2.68E-12    0.00E+00    0.00E+00    0.00E+00    2.68E-12 

NAME         X_U5.de     X_U5.dlp    X_U5.dln    X_U5.dp     X_U1.dc   
MODEL        X_U5.dy     X_U5.dx     X_U5.dx     X_U5.dx     X_U1.dy   
ID          -1.51E-11   -3.89E-11   -4.11E-11   -3.00E-11   -1.46E-11 
VD          -1.51E+01   -3.89E+01   -4.11E+01   -3.00E+01   -1.46E+01 
REQ          1.00E+12    1.00E+12    1.00E+12    1.00E+12    1.00E+12 
CAP          2.49E-12    0.00E+00    0.00E+00    0.00E+00    2.53E-12 

NAME         X_U1.de     X_U1.dlp    X_U1.dln    X_U1.dp     X_U6.dc   
MODEL        X_U1.dy     X_U1.dx     X_U1.dx     X_U1.dx     X_U6.dy   
ID          -1.34E-11   -4.16E-11   -3.84E-11   -3.00E-11   -1.46E-11 
VD          -1.34E+01   -4.16E+01   -3.84E+01   -3.00E+01   -1.46E+01 
REQ          1.00E+12    1.00E+12    1.00E+12    1.00E+12    1.00E+12 
CAP          2.63E-12    0.00E+00    0.00E+00    0.00E+00    2.53E-12 

NAME         X_U6.de     X_U6.dlp    X_U6.dln    X_U6.dp     X_U7.dc   
MODEL        X_U6.dy     X_U6.dx     X_U6.dx     X_U6.dx     X_U7.dy   
ID          -1.34E-11   -4.16E-11   -3.84E-11   -3.00E-11   -1.34E-11 
VD          -1.34E+01   -4.16E+01   -3.84E+01   -3.00E+01   -1.34E+01 
REQ          1.00E+12    1.00E+12    1.00E+12    1.00E+12    1.00E+12 
CAP          2.63E-12    0.00E+00    0.00E+00    0.00E+00    2.63E-12 

NAME         X_U7.de     X_U7.dlp    X_U7.dln    X_U7.dp     X_U2.dc   
MODEL        X_U7.dy     X_U7.dx     X_U7.dx     X_U7.dx     X_U2.dy   
ID          -1.46E-11   -3.89E-11   -4.11E-11   -3.00E-11   -1.46E-11 
VD          -1.46E+01   -3.89E+01   -4.11E+01   -3.00E+01   -1.46E+01 
REQ          1.00E+12    1.00E+12    1.00E+12    1.00E+12    1.00E+12 
CAP          2.53E-12    0.00E+00    0.00E+00    0.00E+00    2.53E-12 

NAME         X_U2.de     X_U2.dlp    X_U2.dln    X_U2.dp     X_U3.dc   
MODEL        X_U2.dy     X_U2.dx     X_U2.dx     X_U2.dx     X_U3.dy   
ID          -1.34E-11   -4.15E-11   -3.85E-11   -3.00E-11   -1.34E-11 
VD          -1.34E+01   -4.15E+01   -3.85E+01   -3.00E+01   -1.34E+01 
REQ          1.00E+12    1.00E+12    1.00E+12    1.00E+12    1.00E+12 
CAP          2.63E-12    0.00E+00    0.00E+00    0.00E+00    2.63E-12 

NAME         X_U3.de     X_U3.dlp    X_U3.dln    X_U3.dp     X_U8.dc   
MODEL        X_U3.dy     X_U3.dx     X_U3.dx     X_U3.dx     X_U8.dy   
ID          -1.46E-11   -3.83E-11   -4.17E-11   -3.00E-11   -1.50E-11 
VD          -1.46E+01   -3.83E+01   -4.17E+01   -3.00E+01   -1.50E+01 
REQ          1.00E+12    1.00E+12    1.00E+12    1.00E+12    1.00E+12 
CAP          2.53E-12    0.00E+00    0.00E+00    0.00E+00    2.50E-12 

NAME         X_U8.de     X_U8.dlp    X_U8.dln    X_U8.dp     X_U9.dc   
MODEL        X_U8.dy     X_U8.dx     X_U8.dx     X_U8.dx     X_U9.dy   
ID          -1.30E-11   -4.20E-11   -3.80E-11   -3.00E-11   -1.30E-11 
VD          -1.30E+01   -4.20E+01   -3.80E+01   -3.00E+01   -1.30E+01 
REQ          1.00E+12    1.00E+12    1.00E+12    1.00E+12    1.00E+12 
CAP          2.67E-12    0.00E+00    0.00E+00    0.00E+00    2.67E-12 

NAME         X_U9.de     X_U9.dlp    X_U9.dln    X_U9.dp     X_U10.dc  
MODEL        X_U9.dy     X_U9.dx     X_U9.dx     X_U9.dx     X_U10.dy  
ID          -1.50E-11   -3.80E-11   -4.20E-11   -3.00E-11   -1.49E-11 
VD          -1.50E+01   -3.80E+01   -4.20E+01   -3.00E+01   -1.49E+01 
REQ          1.00E+12    1.00E+12    1.00E+12    1.00E+12    1.00E+12 
CAP          2.50E-12    0.00E+00    0.00E+00    0.00E+00    2.51E-12 

NAME         X_U10.de    X_U10.dlp   X_U10.dln   X_U10.dp    X_U11.dc  
MODEL        X_U10.dy    X_U10.dx    X_U10.dx    X_U10.dx    X_U11.dy  
ID          -1.31E-11   -4.18E-11   -3.82E-11   -3.00E-11   -1.31E-11 
VD          -1.31E+01   -4.18E+01   -3.82E+01   -3.00E+01   -1.31E+01 
REQ          1.00E+12    1.00E+12    1.00E+12    1.00E+12    1.00E+12 
CAP          2.66E-12    0.00E+00    0.00E+00    0.00E+00    2.66E-12 

NAME         X_U11.de    X_U11.dlp   X_U11.dln   X_U11.dp  
MODEL        X_U11.dy    X_U11.dx    X_U11.dx    X_U11.dx  
ID          -1.49E-11   -3.82E-11   -4.18E-11   -3.00E-11 
VD          -1.49E+01   -3.82E+01   -4.18E+01   -3.00E+01 
REQ          1.00E+12    1.00E+12    1.00E+12    1.00E+12 
CAP          2.51E-12    0.00E+00    0.00E+00    0.00E+00 


**** BIPOLAR JUNCTION TRANSISTORS


NAME         X_U4.q1     X_U4.q2     X_U5.q1     X_U5.q2     X_U1.q1   
MODEL        X_U4.qx     X_U4.qx     X_U5.qx     X_U5.qx     X_U1.qx   
IB           7.98E-08    7.97E-08    7.98E-08    7.97E-08    7.98E-08 
IC           7.48E-06    7.47E-06    7.48E-06    7.48E-06    7.48E-06 
VBE          5.94E-01    5.94E-01    5.94E-01    5.94E-01    5.94E-01 
VBC         -1.50E+01   -1.50E+01   -1.50E+01   -1.50E+01   -1.50E+01 
VCE          1.56E+01    1.56E+01    1.56E+01    1.56E+01    1.56E+01 
BETADC       9.38E+01    9.38E+01    9.38E+01    9.38E+01    9.38E+01 
GM           2.89E-04    2.89E-04    2.89E-04    2.89E-04    2.89E-04 
RPI          3.24E+05    3.24E+05    3.24E+05    3.24E+05    3.24E+05 
RX           0.00E+00    0.00E+00    0.00E+00    0.00E+00    0.00E+00 
RO           1.00E+12    1.00E+12    1.00E+12    1.00E+12    1.00E+12 
CBE          0.00E+00    0.00E+00    0.00E+00    0.00E+00    0.00E+00 
CBC          0.00E+00    0.00E+00    0.00E+00    0.00E+00    0.00E+00 
CJS          0.00E+00    0.00E+00    0.00E+00    0.00E+00    0.00E+00 
BETAAC       9.38E+01    9.38E+01    9.38E+01    9.38E+01    9.38E+01 
CBX/CBX2     0.00E+00    0.00E+00    0.00E+00    0.00E+00    0.00E+00 
FT/FT2       4.60E+15    4.60E+15    4.60E+15    4.60E+15    4.60E+15 



NAME         X_U1.q2     X_U6.q1     X_U6.q2     X_U7.q1     X_U7.q2   
MODEL        X_U1.qx     X_U6.qx     X_U6.qx     X_U7.qx     X_U7.qx   
IB           7.97E-08    7.98E-08    7.97E-08    7.98E-08    7.97E-08 
IC           7.48E-06    7.48E-06    7.48E-06    7.48E-06    7.48E-06 
VBE          5.94E-01    5.94E-01    5.94E-01    5.94E-01    5.94E-01 
VBC         -1.50E+01   -1.50E+01   -1.50E+01   -1.50E+01   -1.50E+01 
VCE          1.56E+01    1.56E+01    1.56E+01    1.56E+01    1.56E+01 
BETADC       9.38E+01    9.38E+01    9.38E+01    9.38E+01    9.38E+01 
GM           2.89E-04    2.89E-04    2.89E-04    2.89E-04    2.89E-04 
RPI          3.24E+05    3.24E+05    3.24E+05    3.24E+05    3.24E+05 
RX           0.00E+00    0.00E+00    0.00E+00    0.00E+00    0.00E+00 
RO           1.00E+12    1.00E+12    1.00E+12    1.00E+12    1.00E+12 
CBE          0.00E+00    0.00E+00    0.00E+00    0.00E+00    0.00E+00 
CBC          0.00E+00    0.00E+00    0.00E+00    0.00E+00    0.00E+00 
CJS          0.00E+00    0.00E+00    0.00E+00    0.00E+00    0.00E+00 
BETAAC       9.38E+01    9.38E+01    9.38E+01    9.38E+01    9.38E+01 
CBX/CBX2     0.00E+00    0.00E+00    0.00E+00    0.00E+00    0.00E+00 
FT/FT2       4.60E+15    4.60E+15    4.60E+15    4.60E+15    4.60E+15 



NAME         X_U2.q1     X_U2.q2     X_U3.q1     X_U3.q2     X_U8.q1   
MODEL        X_U2.qx     X_U2.qx     X_U3.qx     X_U3.qx     X_U8.qx   
IB           7.98E-08    7.97E-08    7.98E-08    7.97E-08    7.98E-08 
IC           7.48E-06    7.48E-06    7.48E-06    7.48E-06    7.48E-06 
VBE          5.94E-01    5.94E-01    5.94E-01    5.94E-01    5.94E-01 
VBC         -1.50E+01   -1.50E+01   -1.50E+01   -1.50E+01   -1.50E+01 
VCE          1.56E+01    1.56E+01    1.56E+01    1.56E+01    1.56E+01 
BETADC       9.38E+01    9.38E+01    9.38E+01    9.38E+01    9.38E+01 
GM           2.89E-04    2.89E-04    2.89E-04    2.89E-04    2.89E-04 
RPI          3.24E+05    3.24E+05    3.24E+05    3.24E+05    3.24E+05 
RX           0.00E+00    0.00E+00    0.00E+00    0.00E+00    0.00E+00 
RO           1.00E+12    1.00E+12    1.00E+12    1.00E+12    1.00E+12 
CBE          0.00E+00    0.00E+00    0.00E+00    0.00E+00    0.00E+00 
CBC          0.00E+00    0.00E+00    0.00E+00    0.00E+00    0.00E+00 
CJS          0.00E+00    0.00E+00    0.00E+00    0.00E+00    0.00E+00 
BETAAC       9.38E+01    9.38E+01    9.38E+01    9.38E+01    9.38E+01 
CBX/CBX2     0.00E+00    0.00E+00    0.00E+00    0.00E+00    0.00E+00 
FT/FT2       4.60E+15    4.60E+15    4.60E+15    4.60E+15    4.60E+15 



NAME         X_U8.q2     X_U9.q1     X_U9.q2     X_U10.q1    X_U10.q2  
MODEL        X_U8.qx     X_U9.qx     X_U9.qx     X_U10.qx    X_U10.qx  
IB           7.97E-08    7.98E-08    7.97E-08    7.98E-08    7.97E-08 
IC           7.47E-06    7.48E-06    7.48E-06    7.48E-06    7.47E-06 
VBE          5.94E-01    5.94E-01    5.94E-01    5.94E-01    5.94E-01 
VBC         -1.50E+01   -1.50E+01   -1.50E+01   -1.50E+01   -1.50E+01 
VCE          1.56E+01    1.56E+01    1.56E+01    1.56E+01    1.56E+01 
BETADC       9.38E+01    9.38E+01    9.38E+01    9.38E+01    9.38E+01 
GM           2.89E-04    2.89E-04    2.89E-04    2.89E-04    2.89E-04 
RPI          3.24E+05    3.24E+05    3.24E+05    3.24E+05    3.24E+05 
RX           0.00E+00    0.00E+00    0.00E+00    0.00E+00    0.00E+00 
RO           1.00E+12    1.00E+12    1.00E+12    1.00E+12    1.00E+12 
CBE          0.00E+00    0.00E+00    0.00E+00    0.00E+00    0.00E+00 
CBC          0.00E+00    0.00E+00    0.00E+00    0.00E+00    0.00E+00 
CJS          0.00E+00    0.00E+00    0.00E+00    0.00E+00    0.00E+00 
BETAAC       9.38E+01    9.38E+01    9.38E+01    9.38E+01    9.38E+01 
CBX/CBX2     0.00E+00    0.00E+00    0.00E+00    0.00E+00    0.00E+00 
FT/FT2       4.60E+15    4.60E+15    4.60E+15    4.60E+15    4.60E+15 



NAME         X_U11.q1    X_U11.q2  
MODEL        X_U11.qx    X_U11.qx  
IB           7.98E-08    7.97E-08 
IC           7.48E-06    7.48E-06 
VBE          5.94E-01    5.94E-01 
VBC         -1.50E+01   -1.50E+01 
VCE          1.56E+01    1.56E+01 
BETADC       9.38E+01    9.38E+01 
GM           2.89E-04    2.89E-04 
RPI          3.24E+05    3.24E+05 
RX           0.00E+00    0.00E+00 
RO           1.00E+12    1.00E+12 
CBE          0.00E+00    0.00E+00 
CBC          0.00E+00    0.00E+00 
CJS          0.00E+00    0.00E+00 
BETAAC       9.38E+01    9.38E+01 
CBX/CBX2     0.00E+00    0.00E+00 
FT/FT2       4.60E+15    4.60E+15 


**** 09/16/23 03:26:02 ********* PSpice 9.2 (Oct 2000) ******** ID# 0 ********

 * D:\OneDrive - BUET\Desktop\Project demo\DC\DC_divider.sch


 ****     INITIAL TRANSIENT SOLUTION       TEMPERATURE =   27.000 DEG C


******************************************************************************



 NODE   VOLTAGE     NODE   VOLTAGE     NODE   VOLTAGE     NODE   VOLTAGE


(    a)   99.0000  (    b)     .9900  (    k)     .9000  (    m)   90.0000      

(    n)  -15.0000  (    p)   15.0000  (X_U1.6) 76.35E-06 (X_U1.7)    -.6507     

(X_U1.8)    -.6507 (X_U1.9)    0.0000 (X_U2.6) 74.53E-06 (X_U2.7)    -.6411     

(X_U2.8)    -.6411 (X_U2.9)    0.0000 (X_U3.6)-78.51E-06 (X_U3.7)     .6619     

(X_U3.8)     .6619 (X_U3.9)    0.0000 (X_U4.6) 135.1E-06 (X_U4.7)   -1.2093     

(X_U4.8)   -1.2093 (X_U4.9)    0.0000 (X_U5.6)-119.4E-06 (X_U5.7)    1.1544     

(X_U5.8)    1.1544 (X_U5.9)    0.0000 (X_U6.6) 76.55E-06 (X_U6.7)    -.6518     

(X_U6.8)    -.6518 (X_U6.9)    0.0000 (X_U7.6)-69.79E-06 (X_U7.7)     .6246     

(X_U7.8)     .6246 (X_U7.9)    0.0000 (X_U8.6) 121.7E-06 (X_U8.7)   -1.0889     

(X_U8.8)   -1.0889 (X_U8.9)    0.0000 (X_U9.6)-121.7E-06 (X_U9.7)    1.0890     

(X_U9.8)    1.0890 (X_U9.9)    0.0000 ($N_0001)     .5780                       

($N_0002) 26.43E-06                   ($N_0003) 12.91E-06                       

($N_0004)   -1.0993                   ($N_0005)    1.0994                       

($N_0010) 23.31E-06                   ($N_0011)    -.5726                       

($N_0014) 23.32E-06                   ($N_0015)    1.0000                       

($N_0016)    -.5731                   ($N_0019) 23.21E-06                       

($N_0020)     .5678                   ($N_0021) 15.54E-06                       

($N_0024)    -.5677                   ($N_0027) 15.08E-06                       

($N_0030)    -.9899                   ($N_0031) 25.72E-06                       

($N_0032)   15.0000                   ($N_0033)  -15.0000                       

($N_0036) 12.78E-06                   ($N_0037)   15.0000                       

($N_0038)  -15.0000                   ($N_0041)    -.8999                       

($N_0042) 25.13E-06                   ($N_0043)   15.0000                       

($N_0044)  -15.0000                   ($N_0047) 13.37E-06                       

($N_0048)   15.0000                   ($N_0049)  -15.0000                       

(X_U1.10)    -.6077                   (X_U1.11)   14.9600                       

(X_U1.12)   14.9600                   (X_U1.13)    -.5938                       

(X_U1.14)    -.5938                   (X_U1.53)   14.0000                       

(X_U1.54)  -14.0000                   (X_U1.90)   -1.5625                       

(X_U1.91)   40.0000                   (X_U1.92)  -40.0000                       

(X_U1.99)    0.0000                   (X_U10.6) 110.6E-06                       

(X_U10.7)    -.9899                   (X_U10.8)    -.9899                       

(X_U10.9)    0.0000                   (X_U11.6)-110.6E-06                       

(X_U11.7)     .9900                   (X_U11.8)     .9900                       

(X_U11.9)    0.0000                   (X_U2.10)    -.6077                       

(X_U2.11)   14.9600                   (X_U2.12)   14.9600                       

(X_U2.13)    -.5938                   (X_U2.14)    -.5938                       

(X_U2.53)   14.0000                   (X_U2.54)  -14.0000                       

(X_U2.90)   -1.4676                   (X_U2.91)   40.0000                       

(X_U2.92)  -40.0000                   (X_U2.99)    0.0000                       

(X_U3.10)    -.6077                   (X_U3.11)   14.9600                       

(X_U3.12)   14.9600                   (X_U3.13)    -.5938                       

(X_U3.14)    -.5938                   (X_U3.53)   14.0000                       

(X_U3.54)  -14.0000                   (X_U3.90)    1.6775                       

(X_U3.91)   40.0000                   (X_U3.92)  -40.0000                       

(X_U3.99)    0.0000                   (X_U4.10)    -.6077                       

(X_U4.11)   14.9600                   (X_U4.12)   14.9600                       

(X_U4.13)    -.5938                   (X_U4.14)    -.5938                       

(X_U4.53)   14.0000                   (X_U4.54)  -14.0000                       

(X_U4.90)   -2.1987                   (X_U4.91)   40.0000                       

(X_U4.92)  -40.0000                   (X_U4.99)    0.0000                       

(X_U5.10)    -.6077                   (X_U5.11)   14.9600                       

(X_U5.12)   14.9600                   (X_U5.13)    -.5938                       

(X_U5.14)    -.5938                   (X_U5.53)   14.0000                       

(X_U5.54)  -14.0000                   (X_U5.90)    1.0994                       

(X_U5.91)   40.0000                   (X_U5.92)  -40.0000                       

(X_U5.99)    0.0000                   (X_U6.10)    -.6077                       

(X_U6.11)   14.9600                   (X_U6.12)   14.9600                       

(X_U6.13)    -.5938                   (X_U6.14)    -.5938                       

(X_U6.53)   14.0000                   (X_U6.54)  -14.0000                       

(X_U6.90)   -1.5730                   (X_U6.91)   40.0000                       

(X_U6.92)  -40.0000                   (X_U6.99)    0.0000                       

(X_U7.10)    -.6077                   (X_U7.11)   14.9600                       

(X_U7.12)   14.9600                   (X_U7.13)    -.5938                       

(X_U7.14)    -.5938                   (X_U7.53)   14.0000                       

(X_U7.54)  -14.0000                   (X_U7.90)    1.1356                       

(X_U7.91)   40.0000                   (X_U7.92)  -40.0000                       

(X_U7.99)    0.0000                   (X_U8.10)    -.6077                       

(X_U8.11)   14.9600                   (X_U8.12)   14.9600                       

(X_U8.13)    -.5938                   (X_U8.14)    -.5938                       

(X_U8.53)   14.0000                   (X_U8.54)  -14.0000                       

(X_U8.90)   -1.9798                   (X_U8.91)   40.0000                       

(X_U8.92)  -40.0000                   (X_U8.99)    0.0000                       

(X_U9.10)    -.6077                   (X_U9.11)   14.9600                       

(X_U9.12)   14.9600                   (X_U9.13)    -.5938                       

(X_U9.14)    -.5938                   (X_U9.53)   14.0000                       

(X_U9.54)  -14.0000                   (X_U9.90)    1.9800                       

(X_U9.91)   40.0000                   (X_U9.92)  -40.0000                       

(X_U9.99)    0.0000                   (X_U10.10)    -.6077                      

(X_U10.11)   14.9600                  (X_U10.12)   14.9600                      

(X_U10.13)    -.5938                  (X_U10.14)    -.5938                      

(X_U10.53)   14.0000                  (X_U10.54)  -14.0000                      

(X_U10.90)   -1.7998                  (X_U10.91)   40.0000                      

(X_U10.92)  -40.0000                  (X_U10.99)    0.0000                      

(X_U11.10)    -.6077                  (X_U11.11)   14.9600                      

(X_U11.12)   14.9600                  (X_U11.13)    -.5938                      

(X_U11.14)    -.5938                  (X_U11.53)   14.0000                      

(X_U11.54)  -14.0000                  (X_U11.90)    1.8000                      

(X_U11.91)   40.0000                  (X_U11.92)  -40.0000                      

(X_U11.99)    0.0000                  




    VOLTAGE SOURCE CURRENTS
    NAME         CURRENT

    V_V3        -1.167E-02
    V_V4        -1.167E-02
    V_V5        -1.000E-03
    V_V6        -1.667E-03
    V_V7        -1.667E-03
    V_V8        -1.667E-03
    V_V9        -1.667E-03
    V_V10       -1.667E-03
    V_V11       -1.667E-03
    V_V12       -1.667E-03
    V_V13       -1.667E-03
    V_V14       -9.000E-04
    V_V1        -9.900E-04
    X_U4.vb      1.351E-09
    X_U4.vc      1.510E-11
    X_U4.ve      1.273E-11
    X_U4.vlim   -2.199E-03
    X_U4.vlp    -4.220E-11
    X_U4.vln    -3.780E-11
    X_U5.vb     -1.194E-09
    X_U5.vc      1.290E-11
    X_U5.ve      1.637E-11
    X_U5.vlim    1.099E-03
    X_U5.vlp    -3.890E-11
    X_U5.vln    -4.110E-11
    X_U1.vb      7.635E-10
    X_U1.vc      1.457E-11
    X_U1.ve      1.455E-11
    X_U1.vlim   -1.563E-03
    X_U1.vlp    -4.156E-11
    X_U1.vln    -3.844E-11
    X_U6.vb      7.655E-10
    X_U6.vc      1.457E-11
    X_U6.ve      1.455E-11
    X_U6.vlim   -1.573E-03
    X_U6.vlp    -4.157E-11
    X_U6.vln    -3.843E-11
    X_U7.vb     -6.979E-10
    X_U7.vc      1.343E-11
    X_U7.ve      1.455E-11
    X_U7.vlim    1.136E-03
    X_U7.vlp    -3.887E-11
    X_U7.vln    -4.114E-11
    X_U2.vb      7.453E-10
    X_U2.vc      1.457E-11
    X_U2.ve      1.455E-11
    X_U2.vlim   -1.468E-03
    X_U2.vlp    -4.147E-11
    X_U2.vln    -3.854E-11
    X_U3.vb     -7.851E-10
    X_U3.vc      1.342E-11
    X_U3.ve      1.455E-11
    X_U3.vlim    1.677E-03
    X_U3.vlp    -3.832E-11
    X_U3.vln    -4.168E-11
    X_U8.vb      1.217E-09
    X_U8.vc      1.499E-11
    X_U8.ve      1.273E-11
    X_U8.vlim   -1.980E-03
    X_U8.vlp    -4.198E-11
    X_U8.vln    -3.802E-11
    X_U9.vb     -1.217E-09
    X_U9.vc      1.301E-11
    X_U9.ve      1.637E-11
    X_U9.vlim    1.980E-03
    X_U9.vlp    -3.802E-11
    X_U9.vln    -4.198E-11
    X_U10.vb     1.106E-09
    X_U10.vc     1.490E-11
    X_U10.ve     1.455E-11
    X_U10.vlim  -1.800E-03
    X_U10.vlp   -4.180E-11
    X_U10.vln   -3.820E-11
    X_U11.vb    -1.106E-09
    X_U11.vc     1.310E-11
    X_U11.ve     1.455E-11
    X_U11.vlim   1.800E-03
    X_U11.vlp   -3.820E-11
    X_U11.vln   -4.180E-11

    TOTAL POWER DISSIPATION   7.30E-01  WATTS



          JOB CONCLUDED

          TOTAL JOB TIME             .19
