
**** 09/16/23 17:01:25 ********* PSpice 9.2 (Oct 2000) ******** ID# 0 ********

 * D:\OneDrive - BUET\Desktop\Project demo\DC\DC_differentiator.sch


 ****     CIRCUIT DESCRIPTION


******************************************************************************




* Schematics Version 9.2
* Sat Sep 16 16:56:05 2023



** Analysis setup **
.tran 0.01m 10m 0 0.01m SKIPBP
.TEMP 25
.OP 


* From [PSPICE NETLIST] section of C:\Program Files\Orcad\PSpice\PSpice.ini:
.lib "nom.lib"

.INC "DC_differentiator.net"



**** INCLUDING DC_differentiator.net ****
* Schematics Netlist *



C_C3d         b $N_0001  0.1592u IC=0 
R_R42         $N_0002 b  1k  
X_U58         0 $N_0002 $N_0003 $N_0004 b uA741
V_V56         0 $N_0004 15
V_V57         $N_0003 0 15
V_V58         a 0 99V
V_V5         $N_0007 0 15
V_V6         0 $N_0008 15
X_U56         0 $N_0001 $N_0007 $N_0008 $N_0009 uA741
R_Rf         $N_0001 $N_0009  1k  
R_R44         $N_0012 0  0.00001  
R_R43         a $N_0002  10k  
E_E1         $N_0012 0 $N_0009 0 10

**** RESUMING DC_differentiator.cir ****
.PROBE V(*) I(*) W(*) D(*) NOISE(*) 


.END

**** 09/16/23 17:01:25 ********* PSpice 9.2 (Oct 2000) ******** ID# 0 ********

 * D:\OneDrive - BUET\Desktop\Project demo\DC\DC_differentiator.sch


 ****     Diode MODEL PARAMETERS


******************************************************************************




               X_U58.dx        X_U58.dy        X_U56.dx        X_U56.dy        
          IS  800.000000E-18  800.000000E-18  800.000000E-18  800.000000E-18 
          RS    1               1.000000E-03    1               1.000000E-03 
         CJO                   10.000000E-12                   10.000000E-12 


**** 09/16/23 17:01:25 ********* PSpice 9.2 (Oct 2000) ******** ID# 0 ********

 * D:\OneDrive - BUET\Desktop\Project demo\DC\DC_differentiator.sch


 ****     BJT MODEL PARAMETERS


******************************************************************************




               X_U58.qx        X_U56.qx        
               NPN             NPN             
          IS  800.000000E-18  800.000000E-18 
          BF   93.75           93.75         
          NF    1               1            
          BR    1               1            
          NR    1               1            
          CN    2.42            2.42         
           D     .87             .87         


**** 09/16/23 17:01:25 ********* PSpice 9.2 (Oct 2000) ******** ID# 0 ********

 * D:\OneDrive - BUET\Desktop\Project demo\DC\DC_differentiator.sch


 ****     TEMPERATURE-ADJUSTED VALUES      TEMPERATURE =   25.000 DEG C


******************************************************************************




 **** DIODE MODEL PARAMETERS

                  X_U58.dy       X_U58.dx       X_U56.dy    

         IS        5.880E-16      5.880E-16      5.880E-16  
         VJ        1.002E+00      1.002E+00      1.002E+00  
        CJO        9.987E-12      0.000E+00      9.987E-12  
         RS        1.000E-03      1.000E+00      1.000E-03  
        IKF        0.000E+00      0.000E+00      0.000E+00  
         BV                   

                  X_U56.dx                                  

         IS        5.880E-16  
         VJ        1.002E+00  
        CJO        0.000E+00  
         RS        1.000E+00  
        IKF        0.000E+00  
         BV                   


 **** BJT MODEL PARAMETERS

                  X_U58.qx       X_U56.qx                   

         BF        9.375E+01      9.375E+01  
        ISE        0.000E+00      0.000E+00  
        VJE        7.535E-01      7.535E-01  
        CJE        0.000E+00      0.000E+00  
         RE        0.000E+00      0.000E+00  
         RB        0.000E+00      0.000E+00  
         BR        1.000E+00      1.000E+00  
        ISC        0.000E+00      0.000E+00  
        VJC        7.535E-01      7.535E-01  
        CJC        0.000E+00      0.000E+00  
         RC        0.000E+00      0.000E+00  
        RBM        0.000E+00      0.000E+00  
         IS        5.880E-16      5.880E-16  
        ISS        0.000E+00      0.000E+00  
        VJS        7.535E-01      7.535E-01  
        CJS        0.000E+00      0.000E+00  
      GAMMA        1.000E-11      1.000E-11  
        RCO        0.000E+00      0.000E+00  
         VO        1.000E+01      1.000E+01  


**** 09/16/23 17:01:25 ********* PSpice 9.2 (Oct 2000) ******** ID# 0 ********

 * D:\OneDrive - BUET\Desktop\Project demo\DC\DC_differentiator.sch


 ****     SMALL SIGNAL BIAS SOLUTION       TEMPERATURE =   25.000 DEG C


******************************************************************************



 NODE   VOLTAGE     NODE   VOLTAGE     NODE   VOLTAGE     NODE   VOLTAGE


(    a)   99.0000  (    b)   -9.8998  ($N_0001) 19.29E-06                       

($N_0002) 76.17E-06                   ($N_0003)   15.0000                       

($N_0004)  -15.0000                   ($N_0007)   15.0000                       

($N_0008)  -15.0000                   ($N_0009) 99.05E-06                       

($N_0012) 990.5E-06                   (X_U56.6)-10.76E-09                       

(X_U56.7) 103.0E-06                   (X_U56.8) 103.0E-06                       

(X_U56.9)    0.0000                   (X_U58.6)     .0011                       

(X_U58.7)  -10.3950                   (X_U58.8)  -10.3950                       

(X_U58.9)    0.0000                   (X_U56.10)    -.6116                      

(X_U56.11)   14.9600                  (X_U56.12)   14.9600                      

(X_U56.13)    -.5977                  (X_U56.14)    -.5977                      

(X_U56.53)   14.0000                  (X_U56.54)  -14.0000                      

(X_U56.90) 79.76E-06                  (X_U56.91)   40.0000                      

(X_U56.92)  -40.0000                  (X_U56.99)    0.0000                      

(X_U58.10)    -.6116                  (X_U58.11)   14.9600                      

(X_U58.12)   14.9600                  (X_U58.13)    -.5977                      

(X_U58.14)    -.5977                  (X_U58.53)   14.0000                      

(X_U58.54)  -14.0000                  (X_U58.90)   -9.8999                      

(X_U58.91)   40.0000                  (X_U58.92)  -40.0000                      

(X_U58.99)    0.0000                  




    VOLTAGE SOURCE CURRENTS
    NAME         CURRENT

    V_V56       -1.667E-03
    V_V57       -1.667E-03
    V_V58       -9.900E-03
    V_V5        -1.667E-03
    V_V6        -1.667E-03
    X_U58.vb     1.075E-08
    X_U58.vc     2.390E-11
    X_U58.ve     4.652E-12
    X_U58.vlim  -9.900E-03
    X_U58.vlp   -4.990E-11
    X_U58.vln   -3.010E-11
    X_U56.vb    -1.076E-13
    X_U56.vc     1.400E-11
    X_U56.ve     1.455E-11
    X_U56.vlim   7.976E-08
    X_U56.vlp   -4.000E-11
    X_U56.vln   -4.000E-11

    TOTAL POWER DISSIPATION   1.08E+00  WATTS


**** 09/16/23 17:01:25 ********* PSpice 9.2 (Oct 2000) ******** ID# 0 ********

 * D:\OneDrive - BUET\Desktop\Project demo\DC\DC_differentiator.sch


 ****     OPERATING POINT INFORMATION      TEMPERATURE =   25.000 DEG C


******************************************************************************






**** VOLTAGE-CONTROLLED CURRENT SOURCES


NAME         X_U58.ga    X_U58.gcm   X_U56.ga    X_U56.gcm 
I-SOURCE    -1.439E-08  -3.646E-09  -3.646E-09  -3.646E-09


**** VOLTAGE-CONTROLLED VOLTAGE SOURCES


NAME         E_E1        X_U58.egnd  X_U56.egnd
V-SOURCE     9.905E-04   0.000E+00   0.000E+00
I-SOURCE    -9.905E+01   9.900E-03  -1.256E-07


**** CURRENT-CONTROLLED CURRENT SOURCES


NAME         X_U58.fb    X_U56.fb  
I-SOURCE     1.138E-01  -9.997E-07


**** CURRENT-CONTROLLED VOLTAGE SOURCES


NAME         X_U58.hlim  X_U56.hlim
V-SOURCE    -9.900E+00   7.976E-05
I-SOURCE     1.980E-11  -1.595E-16


**** DIODES


NAME         X_U58.dc    X_U58.de    X_U58.dlp   X_U58.dln   X_U58.dp  
MODEL        X_U58.dy    X_U58.dy    X_U58.dx    X_U58.dx    X_U58.dx  
ID          -2.39E-11   -4.10E-12   -4.99E-11   -3.01E-11   -3.00E-11 
VD          -2.39E+01   -4.10E+00   -4.99E+01   -3.01E+01   -3.00E+01 
REQ          1.00E+12    1.00E+12    1.00E+12    1.00E+12    1.00E+12 
CAP          2.00E-12    4.43E-12    0.00E+00    0.00E+00    0.00E+00 

NAME         X_U56.dc    X_U56.de    X_U56.dlp   X_U56.dln   X_U56.dp  
MODEL        X_U56.dy    X_U56.dy    X_U56.dx    X_U56.dx    X_U56.dx  
ID          -1.40E-11   -1.40E-11   -4.00E-11   -4.00E-11   -3.00E-11 
VD          -1.40E+01   -1.40E+01   -4.00E+01   -4.00E+01   -3.00E+01 
REQ          1.00E+12    1.00E+12    1.00E+12    1.00E+12    1.00E+12 
CAP          2.58E-12    2.58E-12    0.00E+00    0.00E+00    0.00E+00 


**** BIPOLAR JUNCTION TRANSISTORS


NAME         X_U58.q1    X_U58.q2    X_U56.q1    X_U56.q2  
MODEL        X_U58.qx    X_U58.qx    X_U56.qx    X_U56.qx  
IB           7.98E-08    7.97E-08    7.98E-08    7.97E-08 
IC           7.48E-06    7.47E-06    7.48E-06    7.48E-06 
VBE          5.98E-01    5.98E-01    5.98E-01    5.98E-01 
VBC         -1.50E+01   -1.50E+01   -1.50E+01   -1.50E+01 
VCE          1.56E+01    1.56E+01    1.56E+01    1.56E+01 
BETADC       9.38E+01    9.38E+01    9.38E+01    9.38E+01 
GM           2.91E-04    2.91E-04    2.91E-04    2.91E-04 
RPI          3.22E+05    3.22E+05    3.22E+05    3.22E+05 
RX           0.00E+00    0.00E+00    0.00E+00    0.00E+00 
RO           1.00E+12    1.00E+12    1.00E+12    1.00E+12 
CBE          0.00E+00    0.00E+00    0.00E+00    0.00E+00 
CBC          0.00E+00    0.00E+00    0.00E+00    0.00E+00 
CJS          0.00E+00    0.00E+00    0.00E+00    0.00E+00 
BETAAC       9.38E+01    9.38E+01    9.38E+01    9.38E+01 
CBX/CBX2     0.00E+00    0.00E+00    0.00E+00    0.00E+00 
FT/FT2       4.64E+15    4.63E+15    4.63E+15    4.63E+15 



          JOB CONCLUDED

          TOTAL JOB TIME             .72
