
**** 09/16/23 18:52:12 ********* PSpice 9.2 (Oct 2000) ******** ID# 0 ********

 * D:\OneDrive - BUET\Desktop\Project demo\DC\DC_integration.sch


 ****     CIRCUIT DESCRIPTION


******************************************************************************




* Schematics Version 9.2
* Sat Sep 16 18:52:12 2023



** Analysis setup **
.tran 0.01m 5m 0 0.01m
.TEMP 25
.OP 


* From [PSPICE NETLIST] section of C:\Program Files\Orcad\PSpice\PSpice.ini:
.lib "nom.lib"

.INC "DC_integration.net"



**** INCLUDING DC_integration.net ****
* Schematics Netlist *



R_R43         $N_0001 b  1k  
X_U58         0 $N_0001 $N_0002 $N_0003 b uA741
V_V64         0 $N_0003 15
V_V65         $N_0002 0 15
R_R44         a $N_0001  100k  
R_R2i         0 $N_0006  1.446K  
R_R46         $N_0007 0  0.00001  
R_Rfi         $N_0009 $N_0008  15.91K  
R_R1i         b $N_0009  1.591K  
X_U55         $N_0006 $N_0009 $N_0010 $N_0011 $N_0008 uA741
V_V72         0 $N_0011 15V
V_V71         $N_0010 0 15V
E_E2         $N_0007 0 $N_0008 0 100
C_C1i         $N_0009 $N_0008  0.1u IC=0 
V_V74         a 0 90V

**** RESUMING DC_integration.cir ****
.PROBE V(*) I(*) W(*) D(*) NOISE(*) 


.END

**** 09/16/23 18:52:12 ********* PSpice 9.2 (Oct 2000) ******** ID# 0 ********

 * D:\OneDrive - BUET\Desktop\Project demo\DC\DC_integration.sch


 ****     Diode MODEL PARAMETERS


******************************************************************************




               X_U58.dx        X_U58.dy        X_U55.dx        X_U55.dy        
          IS  800.000000E-18  800.000000E-18  800.000000E-18  800.000000E-18 
          RS    1               1.000000E-03    1               1.000000E-03 
         CJO                   10.000000E-12                   10.000000E-12 


**** 09/16/23 18:52:12 ********* PSpice 9.2 (Oct 2000) ******** ID# 0 ********

 * D:\OneDrive - BUET\Desktop\Project demo\DC\DC_integration.sch


 ****     BJT MODEL PARAMETERS


******************************************************************************




               X_U58.qx        X_U55.qx        
               NPN             NPN             
          IS  800.000000E-18  800.000000E-18 
          BF   93.75           93.75         
          NF    1               1            
          BR    1               1            
          NR    1               1            
          CN    2.42            2.42         
           D     .87             .87         


**** 09/16/23 18:52:12 ********* PSpice 9.2 (Oct 2000) ******** ID# 0 ********

 * D:\OneDrive - BUET\Desktop\Project demo\DC\DC_integration.sch


 ****     TEMPERATURE-ADJUSTED VALUES      TEMPERATURE =   25.000 DEG C


******************************************************************************




 **** DIODE MODEL PARAMETERS

                  X_U58.dy       X_U58.dx       X_U55.dy    

         IS        5.880E-16      5.880E-16      5.880E-16  
         VJ        1.002E+00      1.002E+00      1.002E+00  
        CJO        9.987E-12      0.000E+00      9.987E-12  
         RS        1.000E-03      1.000E+00      1.000E-03  
        IKF        0.000E+00      0.000E+00      0.000E+00  
         BV                   

                  X_U55.dx                                  

         IS        5.880E-16  
         VJ        1.002E+00  
        CJO        0.000E+00  
         RS        1.000E+00  
        IKF        0.000E+00  
         BV                   


 **** BJT MODEL PARAMETERS

                  X_U58.qx       X_U55.qx                   

         BF        9.375E+01      9.375E+01  
        ISE        0.000E+00      0.000E+00  
        VJE        7.535E-01      7.535E-01  
        CJE        0.000E+00      0.000E+00  
         RE        0.000E+00      0.000E+00  
         RB        0.000E+00      0.000E+00  
         BR        1.000E+00      1.000E+00  
        ISC        0.000E+00      0.000E+00  
        VJC        7.535E-01      7.535E-01  
        CJC        0.000E+00      0.000E+00  
         RC        0.000E+00      0.000E+00  
        RBM        0.000E+00      0.000E+00  
         IS        5.880E-16      5.880E-16  
        ISS        0.000E+00      0.000E+00  
        VJS        7.535E-01      7.535E-01  
        CJS        0.000E+00      0.000E+00  
      GAMMA        1.000E-11      1.000E-11  
        RCO        0.000E+00      0.000E+00  
         VO        1.000E+01      1.000E+01  


**** 09/16/23 18:52:12 ********* PSpice 9.2 (Oct 2000) ******** ID# 0 ********

 * D:\OneDrive - BUET\Desktop\Project demo\DC\DC_integration.sch


 ****     SMALL SIGNAL BIAS SOLUTION       TEMPERATURE =   25.000 DEG C


******************************************************************************



 NODE   VOLTAGE     NODE   VOLTAGE     NODE   VOLTAGE     NODE   VOLTAGE


(    a)   90.0000  (    b)    -.8999  ($N_0001) 24.89E-06                       

($N_0002)   15.0000                   ($N_0003)  -15.0000                       

($N_0006)-115.3E-06                   ($N_0007)    -.0095                       

($N_0008)-95.28E-06                   ($N_0009)-96.41E-06                       

($N_0010)   15.0000                   ($N_0011)  -15.0000                       

(X_U55.6)-8.095E-06                   (X_U55.7)     .0282                       

(X_U55.8)     .0282                   (X_U55.9)    0.0000                       

(X_U58.6) 105.8E-06                   (X_U58.7)    -.9732                       

(X_U58.8)    -.9732                   (X_U58.9)    0.0000                       

(X_U55.10)    -.6117                  (X_U55.11)   14.9600                      

(X_U55.12)   14.9600                  (X_U55.13)    -.5979                      

(X_U55.14)    -.5979                  (X_U55.53)   14.0000                      

(X_U55.54)  -14.0000                  (X_U55.90)     .5656                      

(X_U55.91)   40.0000                  (X_U55.92)  -40.0000                      

(X_U55.99)    0.0000                  (X_U58.10)    -.6116                      

(X_U58.11)   14.9600                  (X_U58.12)   14.9600                      

(X_U58.13)    -.5977                  (X_U58.14)    -.5977                      

(X_U58.53)   14.0000                  (X_U58.54)  -14.0000                      

(X_U58.90)   -1.4655                  (X_U58.91)   40.0000                      

(X_U58.92)  -40.0000                  (X_U58.99)    0.0000                  




    VOLTAGE SOURCE CURRENTS
    NAME         CURRENT

    V_V64       -1.667E-03
    V_V65       -1.667E-03
    V_V72       -1.667E-03
    V_V71       -1.667E-03
    V_V74       -9.000E-04
    X_U58.vb     1.058E-09
    X_U58.vc     1.490E-11
    X_U58.ve     1.455E-11
    X_U58.vlim  -1.465E-03
    X_U58.vlp   -4.147E-11
    X_U58.vln   -3.854E-11
    X_U55.vb    -8.095E-11
    X_U55.vc     1.400E-11
    X_U55.ve     1.455E-11
    X_U55.vlim   5.656E-04
    X_U55.vlp   -3.944E-11
    X_U55.vln   -4.057E-11

    TOTAL POWER DISSIPATION   1.81E-01  WATTS


**** 09/16/23 18:52:12 ********* PSpice 9.2 (Oct 2000) ******** ID# 0 ********

 * D:\OneDrive - BUET\Desktop\Project demo\DC\DC_integration.sch


 ****     OPERATING POINT INFORMATION      TEMPERATURE =   25.000 DEG C


******************************************************************************






**** VOLTAGE-CONTROLLED CURRENT SOURCES


NAME         X_U58.ga    X_U58.gcm   X_U55.ga    X_U55.gcm 
I-SOURCE    -4.704E-09  -3.646E-09  -3.566E-09  -3.647E-09


**** VOLTAGE-CONTROLLED VOLTAGE SOURCES


NAME         E_E2        X_U58.egnd  X_U55.egnd
V-SOURCE    -9.528E-03   0.000E+00   0.000E+00
I-SOURCE     9.528E+02   1.465E-03  -5.657E-04


**** CURRENT-CONTROLLED CURRENT SOURCES


NAME         X_U58.fb    X_U55.fb  
I-SOURCE     1.119E-02  -8.468E-04


**** CURRENT-CONTROLLED VOLTAGE SOURCES


NAME         X_U58.hlim  X_U55.hlim
V-SOURCE    -1.465E+00   5.656E-01
I-SOURCE     2.931E-12  -1.131E-12


**** DIODES


NAME         X_U58.dc    X_U58.de    X_U58.dlp   X_U58.dln   X_U58.dp  
MODEL        X_U58.dy    X_U58.dy    X_U58.dx    X_U58.dx    X_U58.dx  
ID          -1.49E-11   -1.31E-11   -4.15E-11   -3.85E-11   -3.00E-11 
VD          -1.49E+01   -1.31E+01   -4.15E+01   -3.85E+01   -3.00E+01 
REQ          1.00E+12    1.00E+12    1.00E+12    1.00E+12    1.00E+12 
CAP          2.51E-12    2.66E-12    0.00E+00    0.00E+00    0.00E+00 

NAME         X_U55.dc    X_U55.de    X_U55.dlp   X_U55.dln   X_U55.dp  
MODEL        X_U55.dy    X_U55.dy    X_U55.dx    X_U55.dx    X_U55.dx  
ID          -1.40E-11   -1.40E-11   -3.94E-11   -4.06E-11   -3.00E-11 
VD          -1.40E+01   -1.40E+01   -3.94E+01   -4.06E+01   -3.00E+01 
REQ          1.00E+12    1.00E+12    1.00E+12    1.00E+12    1.00E+12 
CAP          2.58E-12    2.58E-12    0.00E+00    0.00E+00    0.00E+00 


**** BIPOLAR JUNCTION TRANSISTORS


NAME         X_U58.q1    X_U58.q2    X_U55.q1    X_U55.q2  
MODEL        X_U58.qx    X_U58.qx    X_U55.qx    X_U55.qx  
IB           7.98E-08    7.97E-08    7.98E-08    7.97E-08 
IC           7.48E-06    7.47E-06    7.48E-06    7.48E-06 
VBE          5.98E-01    5.98E-01    5.98E-01    5.98E-01 
VBC         -1.50E+01   -1.50E+01   -1.50E+01   -1.50E+01 
VCE          1.56E+01    1.56E+01    1.56E+01    1.56E+01 
BETADC       9.38E+01    9.38E+01    9.38E+01    9.38E+01 
GM           2.91E-04    2.91E-04    2.91E-04    2.91E-04 
RPI          3.22E+05    3.22E+05    3.22E+05    3.22E+05 
RX           0.00E+00    0.00E+00    0.00E+00    0.00E+00 
RO           1.00E+12    1.00E+12    1.00E+12    1.00E+12 
CBE          0.00E+00    0.00E+00    0.00E+00    0.00E+00 
CBC          0.00E+00    0.00E+00    0.00E+00    0.00E+00 
CJS          0.00E+00    0.00E+00    0.00E+00    0.00E+00 
BETAAC       9.38E+01    9.38E+01    9.38E+01    9.38E+01 
CBX/CBX2     0.00E+00    0.00E+00    0.00E+00    0.00E+00 
FT/FT2       4.63E+15    4.63E+15    4.63E+15    4.63E+15 


**** 09/16/23 18:52:12 ********* PSpice 9.2 (Oct 2000) ******** ID# 0 ********

 * D:\OneDrive - BUET\Desktop\Project demo\DC\DC_integration.sch


 ****     INITIAL TRANSIENT SOLUTION       TEMPERATURE =   25.000 DEG C


******************************************************************************



 NODE   VOLTAGE     NODE   VOLTAGE     NODE   VOLTAGE     NODE   VOLTAGE


(    a)   90.0000  (    b)    -.8999  ($N_0001) 24.89E-06                       

($N_0002)   15.0000                   ($N_0003)  -15.0000                       

($N_0006)-115.3E-06                   ($N_0007)    -.0095                       

($N_0008)-95.28E-06                   ($N_0009)-96.41E-06                       

($N_0010)   15.0000                   ($N_0011)  -15.0000                       

(X_U55.6)-8.095E-06                   (X_U55.7)     .0282                       

(X_U55.8)     .0282                   (X_U55.9)    0.0000                       

(X_U58.6) 105.8E-06                   (X_U58.7)    -.9732                       

(X_U58.8)    -.9732                   (X_U58.9)    0.0000                       

(X_U55.10)    -.6117                  (X_U55.11)   14.9600                      

(X_U55.12)   14.9600                  (X_U55.13)    -.5979                      

(X_U55.14)    -.5979                  (X_U55.53)   14.0000                      

(X_U55.54)  -14.0000                  (X_U55.90)     .5656                      

(X_U55.91)   40.0000                  (X_U55.92)  -40.0000                      

(X_U55.99)    0.0000                  (X_U58.10)    -.6116                      

(X_U58.11)   14.9600                  (X_U58.12)   14.9600                      

(X_U58.13)    -.5977                  (X_U58.14)    -.5977                      

(X_U58.53)   14.0000                  (X_U58.54)  -14.0000                      

(X_U58.90)   -1.4655                  (X_U58.91)   40.0000                      

(X_U58.92)  -40.0000                  (X_U58.99)    0.0000                  




    VOLTAGE SOURCE CURRENTS
    NAME         CURRENT

    V_V64       -1.667E-03
    V_V65       -1.667E-03
    V_V72       -1.667E-03
    V_V71       -1.667E-03
    V_V74       -9.000E-04
    X_U58.vb     1.058E-09
    X_U58.vc     1.490E-11
    X_U58.ve     1.455E-11
    X_U58.vlim  -1.465E-03
    X_U58.vlp   -4.147E-11
    X_U58.vln   -3.854E-11
    X_U55.vb    -8.095E-11
    X_U55.vc     1.400E-11
    X_U55.ve     1.455E-11
    X_U55.vlim   5.656E-04
    X_U55.vlp   -3.944E-11
    X_U55.vln   -4.057E-11

    TOTAL POWER DISSIPATION   1.81E-01  WATTS



          JOB CONCLUDED

          TOTAL JOB TIME             .14
