
**** 09/16/23 03:01:15 ********* PSpice 9.2 (Oct 2000) ******** ID# 0 ********

 * D:\OneDrive - BUET\Desktop\Project demo\DC\DC_multiplier.sch


 ****     CIRCUIT DESCRIPTION


******************************************************************************




* Schematics Version 9.2
* Sat Sep 16 03:01:11 2023



** Analysis setup **
.tran 1 1000
.OP 


* From [PSPICE NETLIST] section of C:\Program Files\Orcad\PSpice\PSpice.ini:
.lib "nom.lib"

.INC "DC_multiplier.net"



**** INCLUDING DC_multiplier.net ****
* Schematics Netlist *



D_D3         $N_0001 $N_0002 D1N4001 
X_U4         0 $N_0002 p n $N_0003 uA741
X_U5         0 $N_0006 p n $N_0007 uA741
X_U1         0 $N_0010 p n $N_0011 uA741
D_D1         $N_0010 $N_0011 D1N4001 
D_D2         $N_0014 $N_0015 D1N4001 
X_U2         0 $N_0014 p n $N_0015 uA741
R_R2         $N_0015 $N_0018  1k  
R_R12         $N_0020 $N_0019  1k  
V_V5         $N_0020 0 -1
D_D5         $N_0021 $N_0019 D1N4001 
R_R13         $N_0021 $N_0018  1k  
X_U6         0 $N_0019 p n $N_0021 uA741
R_R8         k $N_0014  1k  
R_R4         $N_0002 $N_0003  1k  
X_U3         0 $N_0018 p n $N_0001 uA741
R_R3         $N_0018 $N_0001  1k  
R_R1         $N_0011 $N_0018  1k  
R_R14         $N_0027 $N_0026  1k  
X_U7         0 $N_0027 $N_0028 $N_0029 $N_0026 uA741
V_V6         0 $N_0029 15
V_V7         $N_0028 0 15
R_R17         a $N_0027  100k  
R_R7         b $N_0010  1k  
R_R18         $N_0032 0  0.001  
V_V14         p 0 15
V_V15         0 n 15
R_R20         $N_0033 b  1k  
X_U10         0 $N_0033 $N_0034 $N_0035 b uA741
V_V16         0 $N_0035 15
V_V17         $N_0034 0 15
R_R21         $N_0026 $N_0033  1k  
R_R22         $N_0039 $N_0038  1k  
X_U11         0 $N_0039 $N_0040 $N_0041 $N_0038 uA741
V_V18         0 $N_0041 15
V_V19         $N_0040 0 15
R_R23         m $N_0039  100k  
R_R24         $N_0044 k  1k  
X_U12         0 $N_0044 $N_0045 $N_0046 k uA741
V_V20         0 $N_0046 15
V_V21         $N_0045 0 15
R_R25         $N_0038 $N_0044  1k  
E_E1         $N_0032 0 $N_0007 0 10000
R_R6         $N_0006 $N_0007  1k  
R_R5         $N_0003 $N_0006  1k  
V_V2         m 0 90V
V_V1         a 0 80V

**** RESUMING DC_multiplier.cir ****
.PROBE V(*) I(*) W(*) D(*) NOISE(*) 


.END

**** 09/16/23 03:01:15 ********* PSpice 9.2 (Oct 2000) ******** ID# 0 ********

 * D:\OneDrive - BUET\Desktop\Project demo\DC\DC_multiplier.sch


 ****     Diode MODEL PARAMETERS


******************************************************************************




               D1N4001         X_U4.dx         X_U4.dy         X_U5.dx         
          IS   14.110000E-09  800.000000E-18  800.000000E-18  800.000000E-18 
           N    1.984                                                        
         IKF   94.81                                                         
          BV   75                                                            
         IBV   10.000000E-06                                                 
          RS     .03389         1               1.000000E-03    1            
          TT    5.700000E-06                                                 
         CJO   25.890000E-12                   10.000000E-12                 
          VJ     .3245                                                       
           M     .44                                                         


               X_U5.dy         X_U1.dx         X_U1.dy         X_U2.dx         
          IS  800.000000E-18  800.000000E-18  800.000000E-18  800.000000E-18 
          RS    1.000000E-03    1               1.000000E-03    1            
         CJO   10.000000E-12                   10.000000E-12                 


               X_U2.dy         X_U6.dx         X_U6.dy         X_U3.dx         
          IS  800.000000E-18  800.000000E-18  800.000000E-18  800.000000E-18 
          RS    1.000000E-03    1               1.000000E-03    1            
         CJO   10.000000E-12                   10.000000E-12                 


               X_U3.dy         X_U7.dx         X_U7.dy         X_U10.dx        
          IS  800.000000E-18  800.000000E-18  800.000000E-18  800.000000E-18 
          RS    1.000000E-03    1               1.000000E-03    1            
         CJO   10.000000E-12                   10.000000E-12                 


               X_U10.dy        X_U11.dx        X_U11.dy        X_U12.dx        
          IS  800.000000E-18  800.000000E-18  800.000000E-18  800.000000E-18 
          RS    1.000000E-03    1               1.000000E-03    1            
         CJO   10.000000E-12                   10.000000E-12                 


               X_U12.dy        
          IS  800.000000E-18 
          RS    1.000000E-03 
         CJO   10.000000E-12 


**** 09/16/23 03:01:15 ********* PSpice 9.2 (Oct 2000) ******** ID# 0 ********

 * D:\OneDrive - BUET\Desktop\Project demo\DC\DC_multiplier.sch


 ****     BJT MODEL PARAMETERS


******************************************************************************




               X_U4.qx         X_U5.qx         X_U1.qx         X_U2.qx         
               NPN             NPN             NPN             NPN             
          IS  800.000000E-18  800.000000E-18  800.000000E-18  800.000000E-18 
          BF   93.75           93.75           93.75           93.75         
          NF    1               1               1               1            
          BR    1               1               1               1            
          NR    1               1               1               1            
          CN    2.42            2.42            2.42            2.42         
           D     .87             .87             .87             .87         


               X_U6.qx         X_U3.qx         X_U7.qx         X_U10.qx        
               NPN             NPN             NPN             NPN             
          IS  800.000000E-18  800.000000E-18  800.000000E-18  800.000000E-18 
          BF   93.75           93.75           93.75           93.75         
          NF    1               1               1               1            
          BR    1               1               1               1            
          NR    1               1               1               1            
          CN    2.42            2.42            2.42            2.42         
           D     .87             .87             .87             .87         


               X_U11.qx        X_U12.qx        
               NPN             NPN             
          IS  800.000000E-18  800.000000E-18 
          BF   93.75           93.75         
          NF    1               1            
          BR    1               1            
          NR    1               1            
          CN    2.42            2.42         
           D     .87             .87         


**** 09/16/23 03:01:15 ********* PSpice 9.2 (Oct 2000) ******** ID# 0 ********

 * D:\OneDrive - BUET\Desktop\Project demo\DC\DC_multiplier.sch


 ****     SMALL SIGNAL BIAS SOLUTION       TEMPERATURE =   27.000 DEG C


******************************************************************************



 NODE   VOLTAGE     NODE   VOLTAGE     NODE   VOLTAGE     NODE   VOLTAGE


(    a)   80.0000  (    b)     .8000  (    k)     .9000  (    m)   90.0000      

(    n)  -15.0000  (    p)   15.0000  (X_U1.6) 72.44E-06 (X_U1.7)    -.6297     

(X_U1.8)    -.6297 (X_U1.9)    0.0000 (X_U2.6) 74.53E-06 (X_U2.7)    -.6411     

(X_U2.8)    -.6411 (X_U2.9)    0.0000 (X_U3.6)-70.73E-06 (X_U3.7)     .6202     

(X_U3.8)     .6202 (X_U3.9)    0.0000 (X_U4.6) 88.54E-06 (X_U4.7)    -.7925     

(X_U4.8)    -.7925 (X_U4.9)    0.0000 (X_U5.6)-78.23E-06 (X_U5.7)     .7566     

(X_U5.8)     .7566 (X_U5.9)    0.0000 (X_U6.6)-76.56E-06 (X_U6.7)     .6518     

(X_U6.8)     .6518 (X_U6.9)    0.0000 (X_U7.6) 98.31E-06 (X_U7.7)    -.8799     

(X_U7.8)    -.8799 (X_U7.9)    0.0000 ($N_0001)     .5563                       

($N_0002) 23.96E-06                   ($N_0003)    -.7204                       

($N_0006) 15.09E-06                   ($N_0007)     .7205                       

($N_0010) 23.10E-06                   ($N_0011)    -.5617                       

($N_0014) 23.21E-06                   ($N_0015)    -.5677                       

($N_0018) 15.49E-06                   ($N_0019) 15.18E-06                       

($N_0020)   -1.0000                   ($N_0021)     .5732                       

($N_0026)    -.7999                   ($N_0027) 24.48E-06                       

($N_0028)   15.0000                   ($N_0029)  -15.0000                       

($N_0032) 7205.5000                   ($N_0033) 14.03E-06                       

($N_0034)   15.0000                   ($N_0035)  -15.0000                       

($N_0038)    -.8999                   ($N_0039) 25.13E-06                       

($N_0040)   15.0000                   ($N_0041)  -15.0000                       

($N_0044) 13.37E-06                   ($N_0045)   15.0000                       

($N_0046)  -15.0000                   (X_U1.10)    -.6077                       

(X_U1.11)   14.9600                   (X_U1.12)   14.9600                       

(X_U1.13)    -.5938                   (X_U1.14)    -.5938                       

(X_U1.53)   14.0000                   (X_U1.54)  -14.0000                       

(X_U1.90)   -1.3616                   (X_U1.91)   40.0000                       

(X_U1.92)  -40.0000                   (X_U1.99)    0.0000                       

(X_U10.6)-98.32E-06                   (X_U10.7)     .8800                       

(X_U10.8)     .8800                   (X_U10.9)    0.0000                       

(X_U11.6) 110.6E-06                   (X_U11.7)    -.9899                       

(X_U11.8)    -.9899                   (X_U11.9)    0.0000                       

(X_U12.6)-110.6E-06                   (X_U12.7)     .9900                       

(X_U12.8)     .9900                   (X_U12.9)    0.0000                       

(X_U2.10)    -.6077                   (X_U2.11)   14.9600                       

(X_U2.12)   14.9600                   (X_U2.13)    -.5938                       

(X_U2.14)    -.5938                   (X_U2.53)   14.0000                       

(X_U2.54)  -14.0000                   (X_U2.90)   -1.4676                       

(X_U2.91)   40.0000                   (X_U2.92)  -40.0000                       

(X_U2.99)    0.0000                   (X_U3.10)    -.6077                       

(X_U3.11)   14.9600                   (X_U3.12)   14.9600                       

(X_U3.13)    -.5938                   (X_U3.14)    -.5938                       

(X_U3.53)   14.0000                   (X_U3.54)  -14.0000                       

(X_U3.90)    1.2769                   (X_U3.91)   40.0000                       

(X_U3.92)  -40.0000                   (X_U3.99)    0.0000                       

(X_U4.10)    -.6077                   (X_U4.11)   14.9600                       

(X_U4.12)   14.9600                   (X_U4.13)    -.5938                       

(X_U4.14)    -.5938                   (X_U4.53)   14.0000                       

(X_U4.54)  -14.0000                   (X_U4.90)   -1.4409                       

(X_U4.91)   40.0000                   (X_U4.92)  -40.0000                       

(X_U4.99)    0.0000                   (X_U5.10)    -.6077                       

(X_U5.11)   14.9600                   (X_U5.12)   14.9600                       

(X_U5.13)    -.5938                   (X_U5.14)    -.5938                       

(X_U5.53)   14.0000                   (X_U5.54)  -14.0000                       

(X_U5.90)     .7205                   (X_U5.91)   40.0000                       

(X_U5.92)  -40.0000                   (X_U5.99)    0.0000                       

(X_U6.10)    -.6077                   (X_U6.11)   14.9600                       

(X_U6.12)   14.9600                   (X_U6.13)    -.5938                       

(X_U6.14)    -.5938                   (X_U6.53)   14.0000                       

(X_U6.54)  -14.0000                   (X_U6.90)    1.5732                       

(X_U6.91)   40.0000                   (X_U6.92)  -40.0000                       

(X_U6.99)    0.0000                   (X_U7.10)    -.6077                       

(X_U7.11)   14.9600                   (X_U7.12)   14.9600                       

(X_U7.13)    -.5938                   (X_U7.14)    -.5938                       

(X_U7.53)   14.0000                   (X_U7.54)  -14.0000                       

(X_U7.90)   -1.5998                   (X_U7.91)   40.0000                       

(X_U7.92)  -40.0000                   (X_U7.99)    0.0000                       

(X_U10.10)    -.6077                  (X_U10.11)   14.9600                      

(X_U10.12)   14.9600                  (X_U10.13)    -.5938                      

(X_U10.14)    -.5938                  (X_U10.53)   14.0000                      

(X_U10.54)  -14.0000                  (X_U10.90)    1.6000                      

(X_U10.91)   40.0000                  (X_U10.92)  -40.0000                      

(X_U10.99)    0.0000                  (X_U11.10)    -.6077                      

(X_U11.11)   14.9600                  (X_U11.12)   14.9600                      

(X_U11.13)    -.5938                  (X_U11.14)    -.5938                      

(X_U11.53)   14.0000                  (X_U11.54)  -14.0000                      

(X_U11.90)   -1.7998                  (X_U11.91)   40.0000                      

(X_U11.92)  -40.0000                  (X_U11.99)    0.0000                      

(X_U12.10)    -.6077                  (X_U12.11)   14.9600                      

(X_U12.12)   14.9600                  (X_U12.13)    -.5938                      

(X_U12.14)    -.5938                  (X_U12.53)   14.0000                      

(X_U12.54)  -14.0000                  (X_U12.90)    1.8000                      

(X_U12.91)   40.0000                  (X_U12.92)  -40.0000                      

(X_U12.99)    0.0000                  




    VOLTAGE SOURCE CURRENTS
    NAME         CURRENT

    V_V5         1.000E-03
    V_V6        -1.667E-03
    V_V7        -1.667E-03
    V_V14       -1.000E-02
    V_V15       -1.000E-02
    V_V16       -1.667E-03
    V_V17       -1.667E-03
    V_V18       -1.667E-03
    V_V19       -1.667E-03
    V_V20       -1.667E-03
    V_V21       -1.667E-03
    V_V2        -9.000E-04
    V_V1        -8.000E-04
    X_U4.vb      8.854E-10
    X_U4.vc      1.472E-11
    X_U4.ve      1.455E-11
    X_U4.vlim   -1.441E-03
    X_U4.vlp    -4.144E-11
    X_U4.vln    -3.856E-11
    X_U5.vb     -7.823E-10
    X_U5.vc      1.328E-11
    X_U5.ve      1.455E-11
    X_U5.vlim    7.205E-04
    X_U5.vlp    -3.928E-11
    X_U5.vln    -4.072E-11
    X_U1.vb      7.244E-10
    X_U1.vc      1.456E-11
    X_U1.ve      1.455E-11
    X_U1.vlim   -1.362E-03
    X_U1.vlp    -4.136E-11
    X_U1.vln    -3.864E-11
    X_U2.vb      7.453E-10
    X_U2.vc      1.457E-11
    X_U2.ve      1.455E-11
    X_U2.vlim   -1.468E-03
    X_U2.vlp    -4.147E-11
    X_U2.vln    -3.854E-11
    X_U6.vb     -7.656E-10
    X_U6.vc      1.343E-11
    X_U6.ve      1.455E-11
    X_U6.vlim    1.573E-03
    X_U6.vlp    -3.843E-11
    X_U6.vln    -4.158E-11
    X_U3.vb     -7.073E-10
    X_U3.vc      1.344E-11
    X_U3.ve      1.455E-11
    X_U3.vlim    1.277E-03
    X_U3.vlp    -3.872E-11
    X_U3.vln    -4.128E-11
    X_U7.vb      9.831E-10
    X_U7.vc      1.480E-11
    X_U7.ve      1.455E-11
    X_U7.vlim   -1.600E-03
    X_U7.vlp    -4.160E-11
    X_U7.vln    -3.840E-11
    X_U10.vb    -9.832E-10
    X_U10.vc     1.320E-11
    X_U10.ve     1.455E-11
    X_U10.vlim   1.600E-03
    X_U10.vlp   -3.840E-11
    X_U10.vln   -4.160E-11
    X_U11.vb     1.106E-09
    X_U11.vc     1.490E-11
    X_U11.ve     1.455E-11
    X_U11.vlim  -1.800E-03
    X_U11.vlp   -4.180E-11
    X_U11.vln   -3.820E-11
    X_U12.vb    -1.106E-09
    X_U12.vc     1.310E-11
    X_U12.ve     1.455E-11
    X_U12.vlim   1.800E-03
    X_U12.vlp   -3.820E-11
    X_U12.vln   -4.180E-11

    TOTAL POWER DISSIPATION   6.46E-01  WATTS


**** 09/16/23 03:01:15 ********* PSpice 9.2 (Oct 2000) ******** ID# 0 ********

 * D:\OneDrive - BUET\Desktop\Project demo\DC\DC_multiplier.sch


 ****     OPERATING POINT INFORMATION      TEMPERATURE =   27.000 DEG C


******************************************************************************






**** VOLTAGE-CONTROLLED CURRENT SOURCES


NAME         X_U4.ga     X_U4.gcm    X_U5.ga     X_U5.gcm    X_U1.ga   
I-SOURCE    -4.508E-09  -3.622E-09  -2.840E-09  -3.622E-09  -4.347E-09

NAME         X_U1.gcm    X_U2.ga     X_U2.gcm    X_U6.ga     X_U6.gcm  
I-SOURCE    -3.622E-09  -4.368E-09  -3.622E-09  -2.857E-09  -3.622E-09

NAME         X_U3.ga     X_U3.gcm    X_U7.ga     X_U7.gcm    X_U10.ga  
I-SOURCE    -2.915E-09  -3.622E-09  -4.605E-09  -3.622E-09  -2.639E-09

NAME         X_U10.gcm   X_U11.ga    X_U11.gcm   X_U12.ga    X_U12.gcm 
I-SOURCE    -3.622E-09  -4.728E-09  -3.622E-09  -2.516E-09  -3.622E-09


**** VOLTAGE-CONTROLLED VOLTAGE SOURCES


NAME         E_E1        X_U4.egnd   X_U5.egnd   X_U1.egnd   X_U2.egnd 
V-SOURCE     7.205E+03   0.000E+00   0.000E+00   0.000E+00   0.000E+00
I-SOURCE    -7.205E+06   1.441E-03  -7.206E-04   1.362E-03   1.468E-03

NAME         X_U6.egnd   X_U3.egnd   X_U7.egnd   X_U10.egnd  X_U11.egnd
V-SOURCE     0.000E+00   0.000E+00   0.000E+00   0.000E+00   0.000E+00
I-SOURCE    -1.573E-03  -1.277E-03   1.600E-03  -1.600E-03   1.800E-03

NAME         X_U12.egnd
V-SOURCE     0.000E+00
I-SOURCE    -1.800E-03


**** CURRENT-CONTROLLED CURRENT SOURCES


NAME         X_U4.fb     X_U5.fb     X_U1.fb     X_U2.fb     X_U6.fb   
I-SOURCE     9.353E-03  -8.276E-03   7.652E-03   7.871E-03  -8.085E-03

NAME         X_U3.fb     X_U7.fb     X_U10.fb    X_U11.fb    X_U12.fb  
I-SOURCE    -7.471E-03   1.039E-02  -1.039E-02   1.169E-02  -1.169E-02


**** CURRENT-CONTROLLED VOLTAGE SOURCES


NAME         X_U4.hlim   X_U5.hlim   X_U1.hlim   X_U2.hlim   X_U6.hlim 
V-SOURCE    -1.441E+00   7.205E-01  -1.362E+00  -1.468E+00   1.573E+00
I-SOURCE     2.882E-12  -1.441E-12   2.724E-12   2.935E-12  -3.147E-12

NAME         X_U3.hlim   X_U7.hlim   X_U10.hlim  X_U11.hlim  X_U12.hlim
V-SOURCE     1.277E+00  -1.600E+00   1.600E+00  -1.800E+00   1.800E+00
I-SOURCE    -2.554E-12   3.200E-12  -3.200E-12   3.600E-12  -3.600E-12


**** DIODES


NAME         D_D3        D_D1        D_D2        D_D5        X_U4.dc   
MODEL        D1N4001     D1N4001     D1N4001     D1N4001     X_U4.dy   
ID           7.21E-04    8.00E-04    9.00E-04    1.00E-03   -1.47E-11 
VD           5.56E-01    5.62E-01    5.68E-01    5.73E-01   -1.47E+01 
REQ          7.12E+01    6.42E+01    5.70E+01    5.13E+01    1.00E+12 
CAP          8.01E-08    8.89E-08    1.00E-07    1.11E-07    2.52E-12 

NAME         X_U4.de     X_U4.dlp    X_U4.dln    X_U4.dp     X_U5.dc   
MODEL        X_U4.dy     X_U4.dx     X_U4.dx     X_U4.dx     X_U5.dy   
ID          -1.33E-11   -4.14E-11   -3.86E-11   -3.00E-11   -1.33E-11 
VD          -1.33E+01   -4.14E+01   -3.86E+01   -3.00E+01   -1.33E+01 
REQ          1.00E+12    1.00E+12    1.00E+12    1.00E+12    1.00E+12 
CAP          2.65E-12    0.00E+00    0.00E+00    0.00E+00    2.65E-12 

NAME         X_U5.de     X_U5.dlp    X_U5.dln    X_U5.dp     X_U1.dc   
MODEL        X_U5.dy     X_U5.dx     X_U5.dx     X_U5.dx     X_U1.dy   
ID          -1.47E-11   -3.93E-11   -4.07E-11   -3.00E-11   -1.46E-11 
VD          -1.47E+01   -3.93E+01   -4.07E+01   -3.00E+01   -1.46E+01 
REQ          1.00E+12    1.00E+12    1.00E+12    1.00E+12    1.00E+12 
CAP          2.52E-12    0.00E+00    0.00E+00    0.00E+00    2.54E-12 

NAME         X_U1.de     X_U1.dlp    X_U1.dln    X_U1.dp     X_U2.dc   
MODEL        X_U1.dy     X_U1.dx     X_U1.dx     X_U1.dx     X_U2.dy   
ID          -1.34E-11   -4.14E-11   -3.86E-11   -3.00E-11   -1.46E-11 
VD          -1.34E+01   -4.14E+01   -3.86E+01   -3.00E+01   -1.46E+01 
REQ          1.00E+12    1.00E+12    1.00E+12    1.00E+12    1.00E+12 
CAP          2.63E-12    0.00E+00    0.00E+00    0.00E+00    2.53E-12 

NAME         X_U2.de     X_U2.dlp    X_U2.dln    X_U2.dp     X_U6.dc   
MODEL        X_U2.dy     X_U2.dx     X_U2.dx     X_U2.dx     X_U6.dy   
ID          -1.34E-11   -4.15E-11   -3.85E-11   -3.00E-11   -1.34E-11 
VD          -1.34E+01   -4.15E+01   -3.85E+01   -3.00E+01   -1.34E+01 
REQ          1.00E+12    1.00E+12    1.00E+12    1.00E+12    1.00E+12 
CAP          2.63E-12    0.00E+00    0.00E+00    0.00E+00    2.63E-12 

NAME         X_U6.de     X_U6.dlp    X_U6.dln    X_U6.dp     X_U3.dc   
MODEL        X_U6.dy     X_U6.dx     X_U6.dx     X_U6.dx     X_U3.dy   
ID          -1.46E-11   -3.84E-11   -4.16E-11   -3.00E-11   -1.34E-11 
VD          -1.46E+01   -3.84E+01   -4.16E+01   -3.00E+01   -1.34E+01 
REQ          1.00E+12    1.00E+12    1.00E+12    1.00E+12    1.00E+12 
CAP          2.53E-12    0.00E+00    0.00E+00    0.00E+00    2.63E-12 

NAME         X_U3.de     X_U3.dlp    X_U3.dln    X_U3.dp     X_U7.dc   
MODEL        X_U3.dy     X_U3.dx     X_U3.dx     X_U3.dx     X_U7.dy   
ID          -1.46E-11   -3.87E-11   -4.13E-11   -3.00E-11   -1.48E-11 
VD          -1.46E+01   -3.87E+01   -4.13E+01   -3.00E+01   -1.48E+01 
REQ          1.00E+12    1.00E+12    1.00E+12    1.00E+12    1.00E+12 
CAP          2.54E-12    0.00E+00    0.00E+00    0.00E+00    2.52E-12 

NAME         X_U7.de     X_U7.dlp    X_U7.dln    X_U7.dp     X_U10.dc  
MODEL        X_U7.dy     X_U7.dx     X_U7.dx     X_U7.dx     X_U10.dy  
ID          -1.32E-11   -4.16E-11   -3.84E-11   -3.00E-11   -1.32E-11 
VD          -1.32E+01   -4.16E+01   -3.84E+01   -3.00E+01   -1.32E+01 
REQ          1.00E+12    1.00E+12    1.00E+12    1.00E+12    1.00E+12 
CAP          2.65E-12    0.00E+00    0.00E+00    0.00E+00    2.65E-12 

NAME         X_U10.de    X_U10.dlp   X_U10.dln   X_U10.dp    X_U11.dc  
MODEL        X_U10.dy    X_U10.dx    X_U10.dx    X_U10.dx    X_U11.dy  
ID          -1.48E-11   -3.84E-11   -4.16E-11   -3.00E-11   -1.49E-11 
VD          -1.48E+01   -3.84E+01   -4.16E+01   -3.00E+01   -1.49E+01 
REQ          1.00E+12    1.00E+12    1.00E+12    1.00E+12    1.00E+12 
CAP          2.52E-12    0.00E+00    0.00E+00    0.00E+00    2.51E-12 

NAME         X_U11.de    X_U11.dlp   X_U11.dln   X_U11.dp    X_U12.dc  
MODEL        X_U11.dy    X_U11.dx    X_U11.dx    X_U11.dx    X_U12.dy  
ID          -1.31E-11   -4.18E-11   -3.82E-11   -3.00E-11   -1.31E-11 
VD          -1.31E+01   -4.18E+01   -3.82E+01   -3.00E+01   -1.31E+01 
REQ          1.00E+12    1.00E+12    1.00E+12    1.00E+12    1.00E+12 
CAP          2.66E-12    0.00E+00    0.00E+00    0.00E+00    2.66E-12 

NAME         X_U12.de    X_U12.dlp   X_U12.dln   X_U12.dp  
MODEL        X_U12.dy    X_U12.dx    X_U12.dx    X_U12.dx  
ID          -1.49E-11   -3.82E-11   -4.18E-11   -3.00E-11 
VD          -1.49E+01   -3.82E+01   -4.18E+01   -3.00E+01 
REQ          1.00E+12    1.00E+12    1.00E+12    1.00E+12 
CAP          2.51E-12    0.00E+00    0.00E+00    0.00E+00 


**** BIPOLAR JUNCTION TRANSISTORS


NAME         X_U4.q1     X_U4.q2     X_U5.q1     X_U5.q2     X_U1.q1   
MODEL        X_U4.qx     X_U4.qx     X_U5.qx     X_U5.qx     X_U1.qx   
IB           7.98E-08    7.97E-08    7.98E-08    7.97E-08    7.98E-08 
IC           7.48E-06    7.48E-06    7.48E-06    7.48E-06    7.48E-06 
VBE          5.94E-01    5.94E-01    5.94E-01    5.94E-01    5.94E-01 
VBC         -1.50E+01   -1.50E+01   -1.50E+01   -1.50E+01   -1.50E+01 
VCE          1.56E+01    1.56E+01    1.56E+01    1.56E+01    1.56E+01 
BETADC       9.38E+01    9.38E+01    9.38E+01    9.38E+01    9.38E+01 
GM           2.89E-04    2.89E-04    2.89E-04    2.89E-04    2.89E-04 
RPI          3.24E+05    3.24E+05    3.24E+05    3.24E+05    3.24E+05 
RX           0.00E+00    0.00E+00    0.00E+00    0.00E+00    0.00E+00 
RO           1.00E+12    1.00E+12    1.00E+12    1.00E+12    1.00E+12 
CBE          0.00E+00    0.00E+00    0.00E+00    0.00E+00    0.00E+00 
CBC          0.00E+00    0.00E+00    0.00E+00    0.00E+00    0.00E+00 
CJS          0.00E+00    0.00E+00    0.00E+00    0.00E+00    0.00E+00 
BETAAC       9.38E+01    9.38E+01    9.38E+01    9.38E+01    9.38E+01 
CBX/CBX2     0.00E+00    0.00E+00    0.00E+00    0.00E+00    0.00E+00 
FT/FT2       4.60E+15    4.60E+15    4.60E+15    4.60E+15    4.60E+15 



NAME         X_U1.q2     X_U2.q1     X_U2.q2     X_U6.q1     X_U6.q2   
MODEL        X_U1.qx     X_U2.qx     X_U2.qx     X_U6.qx     X_U6.qx   
IB           7.97E-08    7.98E-08    7.97E-08    7.98E-08    7.97E-08 
IC           7.48E-06    7.48E-06    7.48E-06    7.48E-06    7.48E-06 
VBE          5.94E-01    5.94E-01    5.94E-01    5.94E-01    5.94E-01 
VBC         -1.50E+01   -1.50E+01   -1.50E+01   -1.50E+01   -1.50E+01 
VCE          1.56E+01    1.56E+01    1.56E+01    1.56E+01    1.56E+01 
BETADC       9.38E+01    9.38E+01    9.38E+01    9.38E+01    9.38E+01 
GM           2.89E-04    2.89E-04    2.89E-04    2.89E-04    2.89E-04 
RPI          3.24E+05    3.24E+05    3.24E+05    3.24E+05    3.24E+05 
RX           0.00E+00    0.00E+00    0.00E+00    0.00E+00    0.00E+00 
RO           1.00E+12    1.00E+12    1.00E+12    1.00E+12    1.00E+12 
CBE          0.00E+00    0.00E+00    0.00E+00    0.00E+00    0.00E+00 
CBC          0.00E+00    0.00E+00    0.00E+00    0.00E+00    0.00E+00 
CJS          0.00E+00    0.00E+00    0.00E+00    0.00E+00    0.00E+00 
BETAAC       9.38E+01    9.38E+01    9.38E+01    9.38E+01    9.38E+01 
CBX/CBX2     0.00E+00    0.00E+00    0.00E+00    0.00E+00    0.00E+00 
FT/FT2       4.60E+15    4.60E+15    4.60E+15    4.60E+15    4.60E+15 



NAME         X_U3.q1     X_U3.q2     X_U7.q1     X_U7.q2     X_U10.q1  
MODEL        X_U3.qx     X_U3.qx     X_U7.qx     X_U7.qx     X_U10.qx  
IB           7.98E-08    7.97E-08    7.98E-08    7.97E-08    7.98E-08 
IC           7.48E-06    7.48E-06    7.48E-06    7.47E-06    7.48E-06 
VBE          5.94E-01    5.94E-01    5.94E-01    5.94E-01    5.94E-01 
VBC         -1.50E+01   -1.50E+01   -1.50E+01   -1.50E+01   -1.50E+01 
VCE          1.56E+01    1.56E+01    1.56E+01    1.56E+01    1.56E+01 
BETADC       9.38E+01    9.38E+01    9.38E+01    9.38E+01    9.38E+01 
GM           2.89E-04    2.89E-04    2.89E-04    2.89E-04    2.89E-04 
RPI          3.24E+05    3.24E+05    3.24E+05    3.24E+05    3.24E+05 
RX           0.00E+00    0.00E+00    0.00E+00    0.00E+00    0.00E+00 
RO           1.00E+12    1.00E+12    1.00E+12    1.00E+12    1.00E+12 
CBE          0.00E+00    0.00E+00    0.00E+00    0.00E+00    0.00E+00 
CBC          0.00E+00    0.00E+00    0.00E+00    0.00E+00    0.00E+00 
CJS          0.00E+00    0.00E+00    0.00E+00    0.00E+00    0.00E+00 
BETAAC       9.38E+01    9.38E+01    9.38E+01    9.38E+01    9.38E+01 
CBX/CBX2     0.00E+00    0.00E+00    0.00E+00    0.00E+00    0.00E+00 
FT/FT2       4.60E+15    4.60E+15    4.60E+15    4.60E+15    4.60E+15 



NAME         X_U10.q2    X_U11.q1    X_U11.q2    X_U12.q1    X_U12.q2  
MODEL        X_U10.qx    X_U11.qx    X_U11.qx    X_U12.qx    X_U12.qx  
IB           7.97E-08    7.98E-08    7.97E-08    7.98E-08    7.97E-08 
IC           7.48E-06    7.48E-06    7.47E-06    7.48E-06    7.48E-06 
VBE          5.94E-01    5.94E-01    5.94E-01    5.94E-01    5.94E-01 
VBC         -1.50E+01   -1.50E+01   -1.50E+01   -1.50E+01   -1.50E+01 
VCE          1.56E+01    1.56E+01    1.56E+01    1.56E+01    1.56E+01 
BETADC       9.38E+01    9.38E+01    9.38E+01    9.38E+01    9.38E+01 
GM           2.89E-04    2.89E-04    2.89E-04    2.89E-04    2.89E-04 
RPI          3.24E+05    3.24E+05    3.24E+05    3.24E+05    3.24E+05 
RX           0.00E+00    0.00E+00    0.00E+00    0.00E+00    0.00E+00 
RO           1.00E+12    1.00E+12    1.00E+12    1.00E+12    1.00E+12 
CBE          0.00E+00    0.00E+00    0.00E+00    0.00E+00    0.00E+00 
CBC          0.00E+00    0.00E+00    0.00E+00    0.00E+00    0.00E+00 
CJS          0.00E+00    0.00E+00    0.00E+00    0.00E+00    0.00E+00 
BETAAC       9.38E+01    9.38E+01    9.38E+01    9.38E+01    9.38E+01 
CBX/CBX2     0.00E+00    0.00E+00    0.00E+00    0.00E+00    0.00E+00 
FT/FT2       4.60E+15    4.60E+15    4.60E+15    4.60E+15    4.60E+15 


**** 09/16/23 03:01:15 ********* PSpice 9.2 (Oct 2000) ******** ID# 0 ********

 * D:\OneDrive - BUET\Desktop\Project demo\DC\DC_multiplier.sch


 ****     INITIAL TRANSIENT SOLUTION       TEMPERATURE =   27.000 DEG C


******************************************************************************



 NODE   VOLTAGE     NODE   VOLTAGE     NODE   VOLTAGE     NODE   VOLTAGE


(    a)   80.0000  (    b)     .8000  (    k)     .9000  (    m)   90.0000      

(    n)  -15.0000  (    p)   15.0000  (X_U1.6) 72.44E-06 (X_U1.7)    -.6297     

(X_U1.8)    -.6297 (X_U1.9)    0.0000 (X_U2.6) 74.53E-06 (X_U2.7)    -.6411     

(X_U2.8)    -.6411 (X_U2.9)    0.0000 (X_U3.6)-70.73E-06 (X_U3.7)     .6202     

(X_U3.8)     .6202 (X_U3.9)    0.0000 (X_U4.6) 88.54E-06 (X_U4.7)    -.7925     

(X_U4.8)    -.7925 (X_U4.9)    0.0000 (X_U5.6)-78.23E-06 (X_U5.7)     .7566     

(X_U5.8)     .7566 (X_U5.9)    0.0000 (X_U6.6)-76.56E-06 (X_U6.7)     .6518     

(X_U6.8)     .6518 (X_U6.9)    0.0000 (X_U7.6) 98.31E-06 (X_U7.7)    -.8799     

(X_U7.8)    -.8799 (X_U7.9)    0.0000 ($N_0001)     .5563                       

($N_0002) 23.96E-06                   ($N_0003)    -.7204                       

($N_0006) 15.09E-06                   ($N_0007)     .7205                       

($N_0010) 23.10E-06                   ($N_0011)    -.5617                       

($N_0014) 23.21E-06                   ($N_0015)    -.5677                       

($N_0018) 15.49E-06                   ($N_0019) 15.18E-06                       

($N_0020)   -1.0000                   ($N_0021)     .5732                       

($N_0026)    -.7999                   ($N_0027) 24.48E-06                       

($N_0028)   15.0000                   ($N_0029)  -15.0000                       

($N_0032) 7205.5000                   ($N_0033) 14.03E-06                       

($N_0034)   15.0000                   ($N_0035)  -15.0000                       

($N_0038)    -.8999                   ($N_0039) 25.13E-06                       

($N_0040)   15.0000                   ($N_0041)  -15.0000                       

($N_0044) 13.37E-06                   ($N_0045)   15.0000                       

($N_0046)  -15.0000                   (X_U1.10)    -.6077                       

(X_U1.11)   14.9600                   (X_U1.12)   14.9600                       

(X_U1.13)    -.5938                   (X_U1.14)    -.5938                       

(X_U1.53)   14.0000                   (X_U1.54)  -14.0000                       

(X_U1.90)   -1.3616                   (X_U1.91)   40.0000                       

(X_U1.92)  -40.0000                   (X_U1.99)    0.0000                       

(X_U10.6)-98.32E-06                   (X_U10.7)     .8800                       

(X_U10.8)     .8800                   (X_U10.9)    0.0000                       

(X_U11.6) 110.6E-06                   (X_U11.7)    -.9899                       

(X_U11.8)    -.9899                   (X_U11.9)    0.0000                       

(X_U12.6)-110.6E-06                   (X_U12.7)     .9900                       

(X_U12.8)     .9900                   (X_U12.9)    0.0000                       

(X_U2.10)    -.6077                   (X_U2.11)   14.9600                       

(X_U2.12)   14.9600                   (X_U2.13)    -.5938                       

(X_U2.14)    -.5938                   (X_U2.53)   14.0000                       

(X_U2.54)  -14.0000                   (X_U2.90)   -1.4676                       

(X_U2.91)   40.0000                   (X_U2.92)  -40.0000                       

(X_U2.99)    0.0000                   (X_U3.10)    -.6077                       

(X_U3.11)   14.9600                   (X_U3.12)   14.9600                       

(X_U3.13)    -.5938                   (X_U3.14)    -.5938                       

(X_U3.53)   14.0000                   (X_U3.54)  -14.0000                       

(X_U3.90)    1.2769                   (X_U3.91)   40.0000                       

(X_U3.92)  -40.0000                   (X_U3.99)    0.0000                       

(X_U4.10)    -.6077                   (X_U4.11)   14.9600                       

(X_U4.12)   14.9600                   (X_U4.13)    -.5938                       

(X_U4.14)    -.5938                   (X_U4.53)   14.0000                       

(X_U4.54)  -14.0000                   (X_U4.90)   -1.4409                       

(X_U4.91)   40.0000                   (X_U4.92)  -40.0000                       

(X_U4.99)    0.0000                   (X_U5.10)    -.6077                       

(X_U5.11)   14.9600                   (X_U5.12)   14.9600                       

(X_U5.13)    -.5938                   (X_U5.14)    -.5938                       

(X_U5.53)   14.0000                   (X_U5.54)  -14.0000                       

(X_U5.90)     .7205                   (X_U5.91)   40.0000                       

(X_U5.92)  -40.0000                   (X_U5.99)    0.0000                       

(X_U6.10)    -.6077                   (X_U6.11)   14.9600                       

(X_U6.12)   14.9600                   (X_U6.13)    -.5938                       

(X_U6.14)    -.5938                   (X_U6.53)   14.0000                       

(X_U6.54)  -14.0000                   (X_U6.90)    1.5732                       

(X_U6.91)   40.0000                   (X_U6.92)  -40.0000                       

(X_U6.99)    0.0000                   (X_U7.10)    -.6077                       

(X_U7.11)   14.9600                   (X_U7.12)   14.9600                       

(X_U7.13)    -.5938                   (X_U7.14)    -.5938                       

(X_U7.53)   14.0000                   (X_U7.54)  -14.0000                       

(X_U7.90)   -1.5998                   (X_U7.91)   40.0000                       

(X_U7.92)  -40.0000                   (X_U7.99)    0.0000                       

(X_U10.10)    -.6077                  (X_U10.11)   14.9600                      

(X_U10.12)   14.9600                  (X_U10.13)    -.5938                      

(X_U10.14)    -.5938                  (X_U10.53)   14.0000                      

(X_U10.54)  -14.0000                  (X_U10.90)    1.6000                      

(X_U10.91)   40.0000                  (X_U10.92)  -40.0000                      

(X_U10.99)    0.0000                  (X_U11.10)    -.6077                      

(X_U11.11)   14.9600                  (X_U11.12)   14.9600                      

(X_U11.13)    -.5938                  (X_U11.14)    -.5938                      

(X_U11.53)   14.0000                  (X_U11.54)  -14.0000                      

(X_U11.90)   -1.7998                  (X_U11.91)   40.0000                      

(X_U11.92)  -40.0000                  (X_U11.99)    0.0000                      

(X_U12.10)    -.6077                  (X_U12.11)   14.9600                      

(X_U12.12)   14.9600                  (X_U12.13)    -.5938                      

(X_U12.14)    -.5938                  (X_U12.53)   14.0000                      

(X_U12.54)  -14.0000                  (X_U12.90)    1.8000                      

(X_U12.91)   40.0000                  (X_U12.92)  -40.0000                      

(X_U12.99)    0.0000                  




    VOLTAGE SOURCE CURRENTS
    NAME         CURRENT

    V_V5         1.000E-03
    V_V6        -1.667E-03
    V_V7        -1.667E-03
    V_V14       -1.000E-02
    V_V15       -1.000E-02
    V_V16       -1.667E-03
    V_V17       -1.667E-03
    V_V18       -1.667E-03
    V_V19       -1.667E-03
    V_V20       -1.667E-03
    V_V21       -1.667E-03
    V_V2        -9.000E-04
    V_V1        -8.000E-04
    X_U4.vb      8.854E-10
    X_U4.vc      1.472E-11
    X_U4.ve      1.455E-11
    X_U4.vlim   -1.441E-03
    X_U4.vlp    -4.144E-11
    X_U4.vln    -3.856E-11
    X_U5.vb     -7.823E-10
    X_U5.vc      1.328E-11
    X_U5.ve      1.455E-11
    X_U5.vlim    7.205E-04
    X_U5.vlp    -3.928E-11
    X_U5.vln    -4.072E-11
    X_U1.vb      7.244E-10
    X_U1.vc      1.456E-11
    X_U1.ve      1.455E-11
    X_U1.vlim   -1.362E-03
    X_U1.vlp    -4.136E-11
    X_U1.vln    -3.864E-11
    X_U2.vb      7.453E-10
    X_U2.vc      1.457E-11
    X_U2.ve      1.455E-11
    X_U2.vlim   -1.468E-03
    X_U2.vlp    -4.147E-11
    X_U2.vln    -3.854E-11
    X_U6.vb     -7.656E-10
    X_U6.vc      1.343E-11
    X_U6.ve      1.455E-11
    X_U6.vlim    1.573E-03
    X_U6.vlp    -3.843E-11
    X_U6.vln    -4.158E-11
    X_U3.vb     -7.073E-10
    X_U3.vc      1.344E-11
    X_U3.ve      1.455E-11
    X_U3.vlim    1.277E-03
    X_U3.vlp    -3.872E-11
    X_U3.vln    -4.128E-11
    X_U7.vb      9.831E-10
    X_U7.vc      1.480E-11
    X_U7.ve      1.455E-11
    X_U7.vlim   -1.600E-03
    X_U7.vlp    -4.160E-11
    X_U7.vln    -3.840E-11
    X_U10.vb    -9.832E-10
    X_U10.vc     1.320E-11
    X_U10.ve     1.455E-11
    X_U10.vlim   1.600E-03
    X_U10.vlp   -3.840E-11
    X_U10.vln   -4.160E-11
    X_U11.vb     1.106E-09
    X_U11.vc     1.490E-11
    X_U11.ve     1.455E-11
    X_U11.vlim  -1.800E-03
    X_U11.vlp   -4.180E-11
    X_U11.vln   -3.820E-11
    X_U12.vb    -1.106E-09
    X_U12.vc     1.310E-11
    X_U12.ve     1.455E-11
    X_U12.vlim   1.800E-03
    X_U12.vlp   -3.820E-11
    X_U12.vln   -4.180E-11

    TOTAL POWER DISSIPATION   6.46E-01  WATTS



          JOB CONCLUDED

          TOTAL JOB TIME             .16
