
**** 09/16/23 19:23:49 ********* PSpice 9.2 (Oct 2000) ******** ID# 0 ********

 * D:\OneDrive - BUET\Desktop\Project demo\DC\DC_Natural Log.sch


 ****     CIRCUIT DESCRIPTION


******************************************************************************




* Schematics Version 9.2
* Sat Sep 16 19:23:45 2023



** Analysis setup **
.tran 0.01m 10m 0 0.01m SKIPBP
.TEMP 25
.OP 


* From [PSPICE NETLIST] section of C:\Program Files\Orcad\PSpice\PSpice.ini:
.lib "nom.lib"

.INC "DC_Natural Log.net"



**** INCLUDING "DC_Natural Log.net" ****
* Schematics Netlist *



R_R5l         $N_0002 $N_0001  1k  
X_U60         0 $N_0003 p n m uA741
D_D19         $N_0006 $N_0007 D1N4001 
R_R4l         b $N_0006  1K  
R_R6l         $N_0007 $N_0003  1k  
R_R12l         $N_0008 $N_0003  1k  
X_U59         0 $N_0001 p n $N_0008 uA741
D_D20         $N_0008 $N_0001 D1N4001 
X_U58         0 $N_0006 p n $N_0007 uA741
R_R7l         $N_0003 m  19.56K  
V_V21l         p 0 15
V_V20l         0 n 15
V_V18l         $N_0002 0 -1V
X_U70         0 $N_0013 $N_0014 $N_0015 $N_0016 uA741
R_R56         $N_0019 $N_0013  10k  
R_R57         m $N_0013  10k  
R_Rf         $N_0013 $N_0016  10k  
X_U71         0 $N_0020 $N_0021 $N_0022 $N_0023 uA741
R_R16s         $N_0016 $N_0020  1k  
R_R17s         $N_0020 $N_0023  1k  
V_V69         0 $N_0015 15
V_V31s         0 $N_0022 15
V_V30s         $N_0021 0 15
V_V14         $N_0019 0 2.302585093V
V_V70         $N_0014 0 15
R_R62         $N_0027 $N_0026  1k  
X_U74         0 $N_0027 $N_0028 $N_0029 $N_0026 uA741
V_V76         0 $N_0029 15
V_V77         $N_0028 0 15
R_R63         a $N_0027  10k  
R_R64         $N_0032 b  1k  
X_U75         0 $N_0032 $N_0033 $N_0034 b uA741
V_V78         0 $N_0034 15
R_R65         $N_0026 $N_0032  1k  
V_V79         $N_0033 0 15
V_V56         a 0 99V

**** RESUMING "DC_Natural Log.cir" ****
.PROBE V(*) I(*) W(*) D(*) NOISE(*) 


.END

**** 09/16/23 19:23:49 ********* PSpice 9.2 (Oct 2000) ******** ID# 0 ********

 * D:\OneDrive - BUET\Desktop\Project demo\DC\DC_Natural Log.sch


 ****     Diode MODEL PARAMETERS


******************************************************************************




               D1N4001         X_U60.dx        X_U60.dy        X_U59.dx        
          IS   14.110000E-09  800.000000E-18  800.000000E-18  800.000000E-18 
           N    1.984                                                        
         IKF   94.81                                                         
          BV   75                                                            
         IBV   10.000000E-06                                                 
          RS     .03389         1               1.000000E-03    1            
          TT    5.700000E-06                                                 
         CJO   25.890000E-12                   10.000000E-12                 
          VJ     .3245                                                       
           M     .44                                                         


               X_U59.dy        X_U58.dx        X_U58.dy        X_U70.dx        
          IS  800.000000E-18  800.000000E-18  800.000000E-18  800.000000E-18 
          RS    1.000000E-03    1               1.000000E-03    1            
         CJO   10.000000E-12                   10.000000E-12                 


               X_U70.dy        X_U71.dx        X_U71.dy        X_U74.dx        
          IS  800.000000E-18  800.000000E-18  800.000000E-18  800.000000E-18 
          RS    1.000000E-03    1               1.000000E-03    1            
         CJO   10.000000E-12                   10.000000E-12                 


               X_U74.dy        X_U75.dx        X_U75.dy        
          IS  800.000000E-18  800.000000E-18  800.000000E-18 
          RS    1.000000E-03    1               1.000000E-03 
         CJO   10.000000E-12                   10.000000E-12 


**** 09/16/23 19:23:49 ********* PSpice 9.2 (Oct 2000) ******** ID# 0 ********

 * D:\OneDrive - BUET\Desktop\Project demo\DC\DC_Natural Log.sch


 ****     BJT MODEL PARAMETERS


******************************************************************************




               X_U60.qx        X_U59.qx        X_U58.qx        X_U70.qx        
               NPN             NPN             NPN             NPN             
          IS  800.000000E-18  800.000000E-18  800.000000E-18  800.000000E-18 
          BF   93.75           93.75           93.75           93.75         
          NF    1               1               1               1            
          BR    1               1               1               1            
          NR    1               1               1               1            
          CN    2.42            2.42            2.42            2.42         
           D     .87             .87             .87             .87         


               X_U71.qx        X_U74.qx        X_U75.qx        
               NPN             NPN             NPN             
          IS  800.000000E-18  800.000000E-18  800.000000E-18 
          BF   93.75           93.75           93.75         
          NF    1               1               1            
          BR    1               1               1            
          NR    1               1               1            
          CN    2.42            2.42            2.42         
           D     .87             .87             .87         


**** 09/16/23 19:23:49 ********* PSpice 9.2 (Oct 2000) ******** ID# 0 ********

 * D:\OneDrive - BUET\Desktop\Project demo\DC\DC_Natural Log.sch


 ****     TEMPERATURE-ADJUSTED VALUES      TEMPERATURE =   25.000 DEG C


******************************************************************************




 **** DIODE MODEL PARAMETERS

                   D1N4001       X_U60.dy       X_U60.dx    

         IS        1.208E-08      5.880E-16      5.880E-16  
         VJ        3.308E-01      1.002E+00      1.002E+00  
        CJO        2.566E-11      9.987E-12      0.000E+00  
         RS        3.389E-02      1.000E-03      1.000E+00  
        IKF        9.481E+01      0.000E+00      0.000E+00  
         BV        7.500E+01  

                  X_U59.dy       X_U59.dx       X_U58.dy    

         IS        5.880E-16      5.880E-16      5.880E-16  
         VJ        1.002E+00      1.002E+00      1.002E+00  
        CJO        9.987E-12      0.000E+00      9.987E-12  
         RS        1.000E-03      1.000E+00      1.000E-03  
        IKF        0.000E+00      0.000E+00      0.000E+00  
         BV                   

                  X_U58.dx       X_U70.dy       X_U70.dx    

         IS        5.880E-16      5.880E-16      5.880E-16  
         VJ        1.002E+00      1.002E+00      1.002E+00  
        CJO        0.000E+00      9.987E-12      0.000E+00  
         RS        1.000E+00      1.000E-03      1.000E+00  
        IKF        0.000E+00      0.000E+00      0.000E+00  
         BV                   

                  X_U71.dy       X_U71.dx       X_U74.dy    

         IS        5.880E-16      5.880E-16      5.880E-16  
         VJ        1.002E+00      1.002E+00      1.002E+00  
        CJO        9.987E-12      0.000E+00      9.987E-12  
         RS        1.000E-03      1.000E+00      1.000E-03  
        IKF        0.000E+00      0.000E+00      0.000E+00  
         BV                   

                  X_U74.dx       X_U75.dy       X_U75.dx    

         IS        5.880E-16      5.880E-16      5.880E-16  
         VJ        1.002E+00      1.002E+00      1.002E+00  
        CJO        0.000E+00      9.987E-12      0.000E+00  
         RS        1.000E+00      1.000E-03      1.000E+00  
        IKF        0.000E+00      0.000E+00      0.000E+00  
         BV                   


 **** BJT MODEL PARAMETERS

                  X_U60.qx       X_U59.qx       X_U58.qx    

         BF        9.375E+01      9.375E+01      9.375E+01  
        ISE        0.000E+00      0.000E+00      0.000E+00  
        VJE        7.535E-01      7.535E-01      7.535E-01  
        CJE        0.000E+00      0.000E+00      0.000E+00  
         RE        0.000E+00      0.000E+00      0.000E+00  
         RB        0.000E+00      0.000E+00      0.000E+00  
         BR        1.000E+00      1.000E+00      1.000E+00  
        ISC        0.000E+00      0.000E+00      0.000E+00  
        VJC        7.535E-01      7.535E-01      7.535E-01  
        CJC        0.000E+00      0.000E+00      0.000E+00  
         RC        0.000E+00      0.000E+00      0.000E+00  
        RBM        0.000E+00      0.000E+00      0.000E+00  
         IS        5.880E-16      5.880E-16      5.880E-16  
        ISS        0.000E+00      0.000E+00      0.000E+00  
        VJS        7.535E-01      7.535E-01      7.535E-01  
        CJS        0.000E+00      0.000E+00      0.000E+00  
      GAMMA        1.000E-11      1.000E-11      1.000E-11  
        RCO        0.000E+00      0.000E+00      0.000E+00  
         VO        1.000E+01      1.000E+01      1.000E+01  

                  X_U70.qx       X_U71.qx       X_U74.qx    

         BF        9.375E+01      9.375E+01      9.375E+01  
        ISE        0.000E+00      0.000E+00      0.000E+00  
        VJE        7.535E-01      7.535E-01      7.535E-01  
        CJE        0.000E+00      0.000E+00      0.000E+00  
         RE        0.000E+00      0.000E+00      0.000E+00  
         RB        0.000E+00      0.000E+00      0.000E+00  
         BR        1.000E+00      1.000E+00      1.000E+00  
        ISC        0.000E+00      0.000E+00      0.000E+00  
        VJC        7.535E-01      7.535E-01      7.535E-01  
        CJC        0.000E+00      0.000E+00      0.000E+00  
         RC        0.000E+00      0.000E+00      0.000E+00  
        RBM        0.000E+00      0.000E+00      0.000E+00  
         IS        5.880E-16      5.880E-16      5.880E-16  
        ISS        0.000E+00      0.000E+00      0.000E+00  
        VJS        7.535E-01      7.535E-01      7.535E-01  
        CJS        0.000E+00      0.000E+00      0.000E+00  
      GAMMA        1.000E-11      1.000E-11      1.000E-11  
        RCO        0.000E+00      0.000E+00      0.000E+00  
         VO        1.000E+01      1.000E+01      1.000E+01  

                  X_U75.qx                                  

         BF        9.375E+01  
        ISE        0.000E+00  
        VJE        7.535E-01  
        CJE        0.000E+00  
         RE        0.000E+00  
         RB        0.000E+00  
         BR        1.000E+00  
        ISC        0.000E+00  
        VJC        7.535E-01  
        CJC        0.000E+00  
         RC        0.000E+00  
        RBM        0.000E+00  
         IS        5.880E-16  
        ISS        0.000E+00  
        VJS        7.535E-01  
        CJS        0.000E+00  
      GAMMA        1.000E-11  
        RCO        0.000E+00  
         VO        1.000E+01  


**** 09/16/23 19:23:49 ********* PSpice 9.2 (Oct 2000) ******** ID# 0 ********

 * D:\OneDrive - BUET\Desktop\Project demo\DC\DC_Natural Log.sch


 ****     SMALL SIGNAL BIAS SOLUTION       TEMPERATURE =   25.000 DEG C


******************************************************************************



 NODE   VOLTAGE     NODE   VOLTAGE     NODE   VOLTAGE     NODE   VOLTAGE


(    a)   99.0000  (    b)    9.8998  (    m)    2.2925  (    n)  -15.0000      

(    p)   15.0000  ($N_0001) 15.22E-06                   ($N_0002)   -1.0000    

($N_0003) 7.597E-06                   ($N_0006) 30.79E-06                       

($N_0007)    -.6944                   ($N_0008)     .5773                       

($N_0013) 46.04E-06                   ($N_0014)   15.0000                       

($N_0015)  -15.0000                   ($N_0016)   -4.5941                       

($N_0019)    2.3026                   ($N_0020)-7.103E-06                       

($N_0021)   15.0000                   ($N_0022)  -15.0000                       

($N_0023)    4.5942                   ($N_0026)   -9.8998                       

($N_0027) 83.68E-06                   ($N_0028)   15.0000                       

($N_0029)  -15.0000                   ($N_0032)-45.09E-06                       

($N_0033)   15.0000                   ($N_0034)  -15.0000                       

(X_U58.6) 217.2E-06                   (X_U58.7)   -1.2241                       

(X_U58.8)   -1.2241                   (X_U58.9)    0.0000                       

(X_U59.6)-77.00E-06                   (X_U59.7)     .6561                       

(X_U59.8)     .6561                   (X_U59.9)    0.0000                       

(X_U60.6)-221.0E-06                   (X_U60.7)    2.3098                       

(X_U60.8)    2.3098                   (X_U60.9)    0.0000                       

(X_U70.6) 505.4E-06                   (X_U70.7)   -4.8468                       

(X_U70.8)   -4.8468                   (X_U70.9)    0.0000                       

(X_U71.6)-498.8E-06                   (X_U71.7)    4.8239                       

(X_U71.8)    4.8239                   (X_U71.9)    0.0000                       

(X_U74.6)     .0012                   (X_U74.7)  -10.8900                       

(X_U74.8)  -10.8900                   (X_U74.9)    0.0000                       

(X_U75.6)    -.0012                   (X_U75.7)   10.8900                       

(X_U75.8)   10.8900                   (X_U75.9)    0.0000                       

(X_U58.10)    -.6116                  (X_U58.11)   14.9600                      

(X_U58.12)   14.9600                  (X_U58.13)    -.5977                      

(X_U58.14)    -.5977                  (X_U58.53)   14.0000                      

(X_U58.54)  -14.0000                  (X_U58.90)  -10.5940                      

(X_U58.91)   40.0000                  (X_U58.92)  -40.0000                      

(X_U58.99)    0.0000                  (X_U59.10)    -.6116                      

(X_U59.11)   14.9600                  (X_U59.12)   14.9600                      

(X_U59.13)    -.5977                  (X_U59.14)    -.5977                      

(X_U59.53)   14.0000                  (X_U59.54)  -14.0000                      

(X_U59.90)    1.5773                  (X_U59.91)   40.0000                      

(X_U59.92)  -40.0000                  (X_U59.99)    0.0000                      

(X_U60.10)    -.6116                  (X_U60.11)   14.9600                      

(X_U60.12)   14.9600                  (X_U60.13)    -.5977                      

(X_U60.14)    -.5977                  (X_U60.53)   14.0000                      

(X_U60.54)  -14.0000                  (X_U60.90)     .3464                      

(X_U60.91)   40.0000                  (X_U60.92)  -40.0000                      

(X_U60.99)    0.0000                  (X_U70.10)    -.6116                      

(X_U70.11)   14.9600                  (X_U70.12)   14.9600                      

(X_U70.13)    -.5977                  (X_U70.14)    -.5977                      

(X_U70.53)   14.0000                  (X_U70.54)  -14.0000                      

(X_U70.90)   -5.0536                  (X_U70.91)   40.0000                      

(X_U70.92)  -40.0000                  (X_U70.99)    0.0000                      

(X_U71.10)    -.6116                  (X_U71.11)   14.9600                      

(X_U71.12)   14.9600                  (X_U71.13)    -.5978                      

(X_U71.14)    -.5978                  (X_U71.53)   14.0000                      

(X_U71.54)  -14.0000                  (X_U71.90)    4.5942                      

(X_U71.91)   40.0000                  (X_U71.92)  -40.0000                      

(X_U71.99)    0.0000                  (X_U74.10)    -.6116                      

(X_U74.11)   14.9600                  (X_U74.12)   14.9600                      

(X_U74.13)    -.5977                  (X_U74.14)    -.5977                      

(X_U74.53)   14.0000                  (X_U74.54)  -14.0000                      

(X_U74.90)  -19.8000                  (X_U74.91)   40.0000                      

(X_U74.92)  -40.0000                  (X_U74.99)    0.0000                      

(X_U75.10)    -.6116                  (X_U75.11)   14.9600                      

(X_U75.12)   14.9600                  (X_U75.13)    -.5978                      

(X_U75.14)    -.5978                  (X_U75.53)   14.0000                      

(X_U75.54)  -14.0000                  (X_U75.90)   19.8000                      

(X_U75.91)   40.0000                  (X_U75.92)  -40.0000                      

(X_U75.99)    0.0000                  




    VOLTAGE SOURCE CURRENTS
    NAME         CURRENT

    V_V21l      -5.001E-03
    V_V20l      -5.001E-03
    V_V18l       1.000E-03
    V_V69       -1.667E-03
    V_V31s      -1.667E-03
    V_V30s      -1.667E-03
    V_V14       -2.303E-04
    V_V70       -1.667E-03
    V_V76       -1.667E-03
    V_V77       -1.667E-03
    V_V78       -1.667E-03
    V_V79       -1.667E-03
    V_V56       -9.900E-03
    X_U60.vb    -2.210E-09
    X_U60.vc     1.171E-11
    X_U60.ve     1.637E-11
    X_U60.vlim   3.464E-04
    X_U60.vlp   -3.965E-11
    X_U60.vln   -4.035E-11
    X_U59.vb    -7.700E-10
    X_U59.vc     1.342E-11
    X_U59.ve     1.455E-11
    X_U59.vlim   1.577E-03
    X_U59.vlp   -3.842E-11
    X_U59.vln   -4.158E-11
    X_U58.vb     2.172E-09
    X_U58.vc     1.470E-11
    X_U58.ve     1.455E-11
    X_U58.vlim  -1.059E-02
    X_U58.vlp   -5.059E-11
    X_U58.vln   -2.941E-11
    X_U70.vb     5.054E-09
    X_U70.vc     1.859E-11
    X_U70.ve     9.095E-12
    X_U70.vlim  -5.054E-03
    X_U70.vlp   -4.505E-11
    X_U70.vln   -3.495E-11
    X_U71.vb    -4.988E-09
    X_U71.vc     9.406E-12
    X_U71.ve     2.001E-11
    X_U71.vlim   4.594E-03
    X_U71.vlp   -3.541E-11
    X_U71.vln   -4.460E-11
    X_U74.vb     1.217E-08
    X_U74.vc     2.390E-11
    X_U74.ve     5.457E-12
    X_U74.vlim  -1.980E-02
    X_U74.vlp   -5.980E-11
    X_U74.vln   -2.020E-11
    X_U75.vb    -1.217E-08
    X_U75.vc     4.101E-12
    X_U75.ve     2.445E-11
    X_U75.vlim   1.980E-02
    X_U75.vlp   -2.020E-11
    X_U75.vln   -5.980E-11

    TOTAL POWER DISSIPATION   1.33E+00  WATTS


**** 09/16/23 19:23:49 ********* PSpice 9.2 (Oct 2000) ******** ID# 0 ********

 * D:\OneDrive - BUET\Desktop\Project demo\DC\DC_Natural Log.sch


 ****     OPERATING POINT INFORMATION      TEMPERATURE =   25.000 DEG C


******************************************************************************






**** VOLTAGE-CONTROLLED CURRENT SOURCES


NAME         X_U60.ga    X_U60.gcm   X_U59.ga    X_U59.gcm   X_U58.ga  
I-SOURCE    -1.436E-09  -3.646E-09  -2.876E-09  -3.646E-09  -5.818E-09

NAME         X_U58.gcm   X_U70.ga    X_U70.gcm   X_U71.ga    X_U71.gcm 
I-SOURCE    -3.646E-09  -8.700E-09  -3.646E-09   1.342E-09  -3.646E-09

NAME         X_U74.ga    X_U74.gcm   X_U75.ga    X_U75.gcm 
I-SOURCE    -1.581E-08  -3.646E-09   8.521E-09  -3.646E-09


**** VOLTAGE-CONTROLLED VOLTAGE SOURCES


NAME         X_U60.egnd  X_U59.egnd  X_U58.egnd  X_U70.egnd  X_U71.egnd
V-SOURCE     0.000E+00   0.000E+00   0.000E+00   0.000E+00   0.000E+00
I-SOURCE    -3.465E-04  -1.577E-03   1.059E-02   5.054E-03  -4.594E-03

NAME         X_U74.egnd  X_U75.egnd
V-SOURCE     0.000E+00   0.000E+00
I-SOURCE     1.980E-02  -1.980E-02


**** CURRENT-CONTROLLED CURRENT SOURCES


NAME         X_U60.fb    X_U59.fb    X_U58.fb    X_U70.fb    X_U71.fb  
I-SOURCE    -2.344E-02  -8.132E-03   2.284E-02   5.350E-02  -5.281E-02

NAME         X_U74.fb    X_U75.fb  
I-SOURCE     1.286E-01  -1.286E-01


**** CURRENT-CONTROLLED VOLTAGE SOURCES


NAME         X_U60.hlim  X_U59.hlim  X_U58.hlim  X_U70.hlim  X_U71.hlim
V-SOURCE     3.464E-01   1.577E+00  -1.059E+01  -5.054E+00   4.594E+00
I-SOURCE    -6.930E-13  -3.155E-12   2.119E-11   1.011E-11  -9.189E-12

NAME         X_U74.hlim  X_U75.hlim
V-SOURCE    -1.980E+01   1.980E+01
I-SOURCE     3.961E-11  -3.961E-11


**** DIODES


NAME         D_D19       D_D20       X_U60.dc    X_U60.de    X_U60.dlp 
MODEL        D1N4001     D1N4001     X_U60.dy    X_U60.dy    X_U60.dx  
ID           9.90E-03    1.00E-03   -1.17E-11   -1.63E-11   -3.97E-11 
VD           6.94E-01    5.77E-01   -1.17E+01   -1.63E+01   -3.97E+01 
REQ          5.15E+00    5.10E+01    1.00E+12    1.00E+12    1.00E+12 
CAP          1.11E-06    1.12E-07    2.80E-12    2.40E-12    0.00E+00 

NAME         X_U60.dln   X_U60.dp    X_U59.dc    X_U59.de    X_U59.dlp 
MODEL        X_U60.dx    X_U60.dx    X_U59.dy    X_U59.dy    X_U59.dx  
ID          -4.03E-11   -3.00E-11   -1.34E-11   -1.46E-11   -3.84E-11 
VD          -4.03E+01   -3.00E+01   -1.34E+01   -1.46E+01   -3.84E+01 
REQ          1.00E+12    1.00E+12    1.00E+12    1.00E+12    1.00E+12 
CAP          0.00E+00    0.00E+00    2.63E-12    2.53E-12    0.00E+00 

NAME         X_U59.dln   X_U59.dp    X_U58.dc    X_U58.de    X_U58.dlp 
MODEL        X_U59.dx    X_U59.dx    X_U58.dy    X_U58.dy    X_U58.dx  
ID          -4.16E-11   -3.00E-11   -1.47E-11   -1.33E-11   -5.06E-11 
VD          -4.16E+01   -3.00E+01   -1.47E+01   -1.33E+01   -5.06E+01 
REQ          1.00E+12    1.00E+12    1.00E+12    1.00E+12    1.00E+12 
CAP          0.00E+00    0.00E+00    2.52E-12    2.64E-12    0.00E+00 

NAME         X_U58.dln   X_U58.dp    X_U70.dc    X_U70.de    X_U70.dlp 
MODEL        X_U58.dx    X_U58.dx    X_U70.dy    X_U70.dy    X_U70.dx  
ID          -2.94E-11   -3.00E-11   -1.86E-11   -9.41E-12   -4.51E-11 
VD          -2.94E+01   -3.00E+01   -1.86E+01   -9.41E+00   -4.51E+01 
REQ          1.00E+12    1.00E+12    1.00E+12    1.00E+12    1.00E+12 
CAP          0.00E+00    0.00E+00    2.26E-12    3.10E-12    0.00E+00 

NAME         X_U70.dln   X_U70.dp    X_U71.dc    X_U71.de    X_U71.dlp 
MODEL        X_U70.dx    X_U70.dx    X_U71.dy    X_U71.dy    X_U71.dx  
ID          -3.49E-11   -3.00E-11   -9.41E-12   -1.86E-11   -3.54E-11 
VD          -3.49E+01   -3.00E+01   -9.41E+00   -1.86E+01   -3.54E+01 
REQ          1.00E+12    1.00E+12    1.00E+12    1.00E+12    1.00E+12 
CAP          0.00E+00    0.00E+00    3.10E-12    2.26E-12    0.00E+00 

NAME         X_U71.dln   X_U71.dp    X_U74.dc    X_U74.de    X_U74.dlp 
MODEL        X_U71.dx    X_U71.dx    X_U74.dy    X_U74.dy    X_U74.dx  
ID          -4.46E-11   -3.00E-11   -2.39E-11   -4.10E-12   -5.98E-11 
VD          -4.46E+01   -3.00E+01   -2.39E+01   -4.10E+00   -5.98E+01 
REQ          1.00E+12    1.00E+12    1.00E+12    1.00E+12    1.00E+12 
CAP          0.00E+00    0.00E+00    2.00E-12    4.43E-12    0.00E+00 

NAME         X_U74.dln   X_U74.dp    X_U75.dc    X_U75.de    X_U75.dlp 
MODEL        X_U74.dx    X_U74.dx    X_U75.dy    X_U75.dy    X_U75.dx  
ID          -2.02E-11   -3.00E-11   -4.10E-12   -2.39E-11   -2.02E-11 
VD          -2.02E+01   -3.00E+01   -4.10E+00   -2.39E+01   -2.02E+01 
REQ          1.00E+12    1.00E+12    1.00E+12    1.00E+12    1.00E+12 
CAP          0.00E+00    0.00E+00    4.43E-12    2.00E-12    0.00E+00 

NAME         X_U75.dln   X_U75.dp  
MODEL        X_U75.dx    X_U75.dx  
ID          -5.98E-11   -3.00E-11 
VD          -5.98E+01   -3.00E+01 
REQ          1.00E+12    1.00E+12 
CAP          0.00E+00    0.00E+00 


**** BIPOLAR JUNCTION TRANSISTORS


NAME         X_U60.q1    X_U60.q2    X_U59.q1    X_U59.q2    X_U58.q1  
MODEL        X_U60.qx    X_U60.qx    X_U59.qx    X_U59.qx    X_U58.qx  
IB           7.97E-08    7.97E-08    7.98E-08    7.97E-08    7.98E-08 
IC           7.48E-06    7.48E-06    7.48E-06    7.48E-06    7.48E-06 
VBE          5.98E-01    5.98E-01    5.98E-01    5.98E-01    5.98E-01 
VBC         -1.50E+01   -1.50E+01   -1.50E+01   -1.50E+01   -1.50E+01 
VCE          1.56E+01    1.56E+01    1.56E+01    1.56E+01    1.56E+01 
BETADC       9.38E+01    9.38E+01    9.38E+01    9.38E+01    9.38E+01 
GM           2.91E-04    2.91E-04    2.91E-04    2.91E-04    2.91E-04 
RPI          3.22E+05    3.22E+05    3.22E+05    3.22E+05    3.22E+05 
RX           0.00E+00    0.00E+00    0.00E+00    0.00E+00    0.00E+00 
RO           1.00E+12    1.00E+12    1.00E+12    1.00E+12    1.00E+12 
CBE          0.00E+00    0.00E+00    0.00E+00    0.00E+00    0.00E+00 
CBC          0.00E+00    0.00E+00    0.00E+00    0.00E+00    0.00E+00 
CJS          0.00E+00    0.00E+00    0.00E+00    0.00E+00    0.00E+00 
BETAAC       9.38E+01    9.38E+01    9.38E+01    9.38E+01    9.38E+01 
CBX/CBX2     0.00E+00    0.00E+00    0.00E+00    0.00E+00    0.00E+00 
FT/FT2       4.63E+15    4.63E+15    4.63E+15    4.63E+15    4.63E+15 



NAME         X_U58.q2    X_U70.q1    X_U70.q2    X_U71.q1    X_U71.q2  
MODEL        X_U58.qx    X_U70.qx    X_U70.qx    X_U71.qx    X_U71.qx  
IB           7.97E-08    7.98E-08    7.97E-08    7.97E-08    7.97E-08 
IC           7.47E-06    7.48E-06    7.47E-06    7.48E-06    7.48E-06 
VBE          5.98E-01    5.98E-01    5.98E-01    5.98E-01    5.98E-01 
VBC         -1.50E+01   -1.50E+01   -1.50E+01   -1.50E+01   -1.50E+01 
VCE          1.56E+01    1.56E+01    1.56E+01    1.56E+01    1.56E+01 
BETADC       9.38E+01    9.38E+01    9.38E+01    9.38E+01    9.38E+01 
GM           2.91E-04    2.91E-04    2.91E-04    2.91E-04    2.91E-04 
RPI          3.22E+05    3.22E+05    3.22E+05    3.22E+05    3.22E+05 
RX           0.00E+00    0.00E+00    0.00E+00    0.00E+00    0.00E+00 
RO           1.00E+12    1.00E+12    1.00E+12    1.00E+12    1.00E+12 
CBE          0.00E+00    0.00E+00    0.00E+00    0.00E+00    0.00E+00 
CBC          0.00E+00    0.00E+00    0.00E+00    0.00E+00    0.00E+00 
CJS          0.00E+00    0.00E+00    0.00E+00    0.00E+00    0.00E+00 
BETAAC       9.38E+01    9.38E+01    9.38E+01    9.38E+01    9.38E+01 
CBX/CBX2     0.00E+00    0.00E+00    0.00E+00    0.00E+00    0.00E+00 
FT/FT2       4.63E+15    4.63E+15    4.63E+15    4.63E+15    4.63E+15 



NAME         X_U74.q1    X_U74.q2    X_U75.q1    X_U75.q2  
MODEL        X_U74.qx    X_U74.qx    X_U75.qx    X_U75.qx  
IB           7.98E-08    7.97E-08    7.97E-08    7.98E-08 
IC           7.49E-06    7.47E-06    7.47E-06    7.48E-06 
VBE          5.98E-01    5.98E-01    5.98E-01    5.98E-01 
VBC         -1.50E+01   -1.50E+01   -1.50E+01   -1.50E+01 
VCE          1.56E+01    1.56E+01    1.56E+01    1.56E+01 
BETADC       9.38E+01    9.38E+01    9.38E+01    9.38E+01 
GM           2.91E-04    2.91E-04    2.91E-04    2.91E-04 
RPI          3.22E+05    3.22E+05    3.22E+05    3.22E+05 
RX           0.00E+00    0.00E+00    0.00E+00    0.00E+00 
RO           1.00E+12    1.00E+12    1.00E+12    1.00E+12 
CBE          0.00E+00    0.00E+00    0.00E+00    0.00E+00 
CBC          0.00E+00    0.00E+00    0.00E+00    0.00E+00 
CJS          0.00E+00    0.00E+00    0.00E+00    0.00E+00 
BETAAC       9.38E+01    9.38E+01    9.38E+01    9.38E+01 
CBX/CBX2     0.00E+00    0.00E+00    0.00E+00    0.00E+00 
FT/FT2       4.64E+15    4.63E+15    4.63E+15    4.63E+15 



          JOB CONCLUDED

          TOTAL JOB TIME             .30
