
**** 09/16/23 20:02:00 ********* PSpice 9.2 (Oct 2000) ******** ID# 0 ********

 * D:\OneDrive - BUET\Desktop\Project demo\DC\DC_power.sch


 ****     CIRCUIT DESCRIPTION


******************************************************************************




* Schematics Version 9.2
* Sat Sep 16 20:02:00 2023



** Analysis setup **
.tran 0.1 10
.OP 


* From [PSPICE NETLIST] section of C:\Program Files\Orcad\PSpice\PSpice.ini:
.lib "nom.lib"

.INC "DC_power.net"



**** INCLUDING DC_power.net ****
* Schematics Netlist *



R_R1         $N_0002 $N_0001  1k  
D_D1         $N_0001 $N_0003 D1N4001 
D_D2         $N_0004 $N_0005 D1N4001 
R_R2         $N_0006 $N_0005  1k  
V_V2         $N_0006 0 -1
R_R3         $N_0003 $N_0007  1k  
R_R4         $N_0004 $N_0007  1k  
R_R5         $N_0007 $N_0008  1k  
X_U1         0 $N_0001 p n $N_0003 uA741
X_U4         0 $N_0005 p n $N_0004 uA741
X_U3         0 $N_0007 p n $N_0008 uA741
V_V5         p 0 15
V_V6         0 n 15
R_R6         $N_0016 $N_0015  1k  
V_V4         $N_0016 0 1
D_D4         $N_0015 $N_0017 D1N4001 
X_U5         0 $N_0015 p n $N_0017 uA741
R_R12         $N_0021 $N_0020  1k  
R_R13         $N_0020 $N_0022  1k  
D_D7         $N_0022 $N_0023 D1N4001 
X_U8         0 $N_0020 p n $N_0022 uA741
X_U9         0 $N_0023 p n $N_0026 uA741
X_U10         0 $N_0029 p n $N_0021 uA741
D_D8         $N_0029 $N_0021 D1N4001 
D_D9         $N_0032 $N_0033 D1N4001 
X_U11         0 $N_0032 p n $N_0033 uA741
R_R15         $N_0023 $N_0026  1k  
R_R16         $N_0036 $N_0032  1k  
R_R20         $N_0038 $N_0037  1k  
V_V7         $N_0038 0 -1
D_D10         $N_0039 $N_0037 D1N4001 
X_U13         0 $N_0037 p n $N_0039 uA741
R_R21         $N_0033 $N_0020  1k  
R_R22         $N_0039 $N_0020  1k  
R_R17         $N_0008 $N_0029  1k  
R_R11         $N_0043 $N_0042  1k  
X_U7         0 $N_0043 p n $N_0042 uA741
R_R9         $N_0047 $N_0046  1k  
X_U6         0 $N_0047 p n $N_0046 uA741
D_D6         $N_0046 $N_0043 D1N4001 
R_R26         $N_0051 $N_0050  1k  
X_U15         0 $N_0051 p n $N_0050 uA741
R_R27         $N_0042 $N_0051  1k  
R_R7         $N_0017 $N_0047  1k  
R_R14         $N_0026 $N_0047  1k  
V_V_base         $N_0002 0 4
V_V_Power         $N_0036 0 1.5

**** RESUMING DC_power.cir ****
.PROBE V(*) I(*) W(*) D(*) NOISE(*) 


.END

**** 09/16/23 20:02:00 ********* PSpice 9.2 (Oct 2000) ******** ID# 0 ********

 * D:\OneDrive - BUET\Desktop\Project demo\DC\DC_power.sch


 ****     Diode MODEL PARAMETERS


******************************************************************************




               D1N4001         X_U1.dx         X_U1.dy         X_U4.dx         
          IS   14.110000E-09  800.000000E-18  800.000000E-18  800.000000E-18 
           N    1.984                                                        
         IKF   94.81                                                         
          BV   75                                                            
         IBV   10.000000E-06                                                 
          RS     .03389         1               1.000000E-03    1            
          TT    5.700000E-06                                                 
         CJO   25.890000E-12                   10.000000E-12                 
          VJ     .3245                                                       
           M     .44                                                         


               X_U4.dy         X_U3.dx         X_U3.dy         X_U5.dx         
          IS  800.000000E-18  800.000000E-18  800.000000E-18  800.000000E-18 
          RS    1.000000E-03    1               1.000000E-03    1            
         CJO   10.000000E-12                   10.000000E-12                 


               X_U5.dy         X_U8.dx         X_U8.dy         X_U9.dx         
          IS  800.000000E-18  800.000000E-18  800.000000E-18  800.000000E-18 
          RS    1.000000E-03    1               1.000000E-03    1            
         CJO   10.000000E-12                   10.000000E-12                 


               X_U9.dy         X_U10.dx        X_U10.dy        X_U11.dx        
          IS  800.000000E-18  800.000000E-18  800.000000E-18  800.000000E-18 
          RS    1.000000E-03    1               1.000000E-03    1            
         CJO   10.000000E-12                   10.000000E-12                 


               X_U11.dy        X_U13.dx        X_U13.dy        X_U7.dx         
          IS  800.000000E-18  800.000000E-18  800.000000E-18  800.000000E-18 
          RS    1.000000E-03    1               1.000000E-03    1            
         CJO   10.000000E-12                   10.000000E-12                 


               X_U7.dy         X_U6.dx         X_U6.dy         X_U15.dx        
          IS  800.000000E-18  800.000000E-18  800.000000E-18  800.000000E-18 
          RS    1.000000E-03    1               1.000000E-03    1            
         CJO   10.000000E-12                   10.000000E-12                 


               X_U15.dy        
          IS  800.000000E-18 
          RS    1.000000E-03 
         CJO   10.000000E-12 


**** 09/16/23 20:02:00 ********* PSpice 9.2 (Oct 2000) ******** ID# 0 ********

 * D:\OneDrive - BUET\Desktop\Project demo\DC\DC_power.sch


 ****     BJT MODEL PARAMETERS


******************************************************************************




               X_U1.qx         X_U4.qx         X_U3.qx         X_U5.qx         
               NPN             NPN             NPN             NPN             
          IS  800.000000E-18  800.000000E-18  800.000000E-18  800.000000E-18 
          BF   93.75           93.75           93.75           93.75         
          NF    1               1               1               1            
          BR    1               1               1               1            
          NR    1               1               1               1            
          CN    2.42            2.42            2.42            2.42         
           D     .87             .87             .87             .87         


               X_U8.qx         X_U9.qx         X_U10.qx        X_U11.qx        
               NPN             NPN             NPN             NPN             
          IS  800.000000E-18  800.000000E-18  800.000000E-18  800.000000E-18 
          BF   93.75           93.75           93.75           93.75         
          NF    1               1               1               1            
          BR    1               1               1               1            
          NR    1               1               1               1            
          CN    2.42            2.42            2.42            2.42         
           D     .87             .87             .87             .87         


               X_U13.qx        X_U7.qx         X_U6.qx         X_U15.qx        
               NPN             NPN             NPN             NPN             
          IS  800.000000E-18  800.000000E-18  800.000000E-18  800.000000E-18 
          BF   93.75           93.75           93.75           93.75         
          NF    1               1               1               1            
          BR    1               1               1               1            
          NR    1               1               1               1            
          CN    2.42            2.42            2.42            2.42         
           D     .87             .87             .87             .87         


**** 09/16/23 20:02:00 ********* PSpice 9.2 (Oct 2000) ******** ID# 0 ********

 * D:\OneDrive - BUET\Desktop\Project demo\DC\DC_power.sch


 ****     SMALL SIGNAL BIAS SOLUTION       TEMPERATURE =   27.000 DEG C


******************************************************************************



 NODE   VOLTAGE     NODE   VOLTAGE     NODE   VOLTAGE     NODE   VOLTAGE


(    n)  -15.0000  (    p)   15.0000  (X_U1.6) 127.3E-06 (X_U1.7)    -.8766     

(X_U1.8)    -.8766 (X_U1.9)    0.0000 (X_U3.6)-8.766E-06 (X_U3.7)     .0785     

(X_U3.8)     .0785 (X_U3.9)    0.0000 (X_U4.6)-76.56E-06 (X_U4.7)     .6518     

(X_U4.8)     .6518 (X_U4.9)    0.0000 (X_U5.6) 76.55E-06 (X_U5.7)    -.6518     

(X_U5.8)    -.6518 (X_U5.9)    0.0000 (X_U6.6)-188.4E-06 (X_U6.7)    1.1138     

(X_U6.8)    1.1138 (X_U6.9)    0.0000 (X_U7.6) 982.5E-06 (X_U7.7)   -8.7931     

(X_U7.8)   -8.7931 (X_U7.9)    0.0000 (X_U8.6)-51.31E-06 (X_U8.7)     .4867     

(X_U8.8)     .4867 (X_U8.9)    0.0000 (X_U9.6) 13.14E-06 (X_U9.7)    -.1176     

(X_U9.8)    -.1176 (X_U9.9)    0.0000 ($N_0001) 26.02E-06                       

($N_0002)    4.0000                   ($N_0003)    -.6444                       

($N_0004)     .5732                   ($N_0005) 15.18E-06                       

($N_0006)   -1.0000                   ($N_0007) 18.79E-06                       

($N_0008)     .0713                   ($N_0015) 23.32E-06                       

($N_0016)    1.0000                   ($N_0017)    -.5731                       

($N_0020) 16.52E-06                   ($N_0021)    -.4375                       

($N_0022)     .4585                   ($N_0023) 19.95E-06                       

($N_0026)    -.1069                   ($N_0029) 21.83E-06                       

($N_0032) 23.82E-06                   ($N_0033)    -.5939                       

($N_0036)    1.5000                   ($N_0037) 15.18E-06                       

($N_0038)   -1.0000                   ($N_0039)     .5732                       

($N_0042)   -7.9937                   ($N_0043) 71.47E-06                       

($N_0046)     .6801                   ($N_0047) 9.240E-06                       

($N_0050)    7.9937                   ($N_0051)-26.88E-06                       

(X_U1.10)    -.6077                   (X_U1.11)   14.9600                       

(X_U1.12)   14.9600                   (X_U1.13)    -.5938                       

(X_U1.14)    -.5938                   (X_U1.53)   14.0000                       

(X_U1.54)  -14.0000                   (X_U1.90)   -4.6443                       

(X_U1.91)   40.0000                   (X_U1.92)  -40.0000                       

(X_U1.99)    0.0000                   (X_U10.6) 48.53E-06                       

(X_U10.7)    -.4630                   (X_U10.8)    -.4630                       

(X_U10.9)    0.0000                   (X_U11.6) 85.98E-06                       

(X_U11.7)    -.6986                   (X_U11.8)    -.6986                       

(X_U11.9)    0.0000                   (X_U13.6)-76.56E-06                       

(X_U13.7)     .6518                   (X_U13.8)     .6518                       

(X_U13.9)    0.0000                   (X_U15.6)-867.9E-06                       

(X_U15.7)    8.3934                   (X_U15.8)    8.3934                       

(X_U15.9)    0.0000                   (X_U3.10)    -.6077                       

(X_U3.11)   14.9600                   (X_U3.12)   14.9600                       

(X_U3.13)    -.5938                   (X_U3.14)    -.5938                       

(X_U3.53)   14.0000                   (X_U3.54)  -14.0000                       

(X_U3.90)     .1426                   (X_U3.91)   40.0000                       

(X_U3.92)  -40.0000                   (X_U3.99)    0.0000                       

(X_U4.10)    -.6077                   (X_U4.11)   14.9600                       

(X_U4.12)   14.9600                   (X_U4.13)    -.5938                       

(X_U4.14)    -.5938                   (X_U4.53)   14.0000                       

(X_U4.54)  -14.0000                   (X_U4.90)    1.5732                       

(X_U4.91)   40.0000                   (X_U4.92)  -40.0000                       

(X_U4.99)    0.0000                   (X_U5.10)    -.6077                       

(X_U5.11)   14.9600                   (X_U5.12)   14.9600                       

(X_U5.13)    -.5938                   (X_U5.14)    -.5938                       

(X_U5.53)   14.0000                   (X_U5.54)  -14.0000                       

(X_U5.90)   -1.5730                   (X_U5.91)   40.0000                       

(X_U5.92)  -40.0000                   (X_U5.99)    0.0000                       

(X_U6.10)    -.6077                   (X_U6.11)   14.9600                       

(X_U6.12)   14.9600                   (X_U6.13)    -.5938                       

(X_U6.14)    -.5938                   (X_U6.53)   14.0000                       

(X_U6.54)  -14.0000                   (X_U6.90)    8.6740                       

(X_U6.91)   40.0000                   (X_U6.92)  -40.0000                       

(X_U6.99)    0.0000                   (X_U7.10)    -.6076                       

(X_U7.11)   14.9600                   (X_U7.12)   14.9600                       

(X_U7.13)    -.5937                   (X_U7.14)    -.5938                       

(X_U7.53)   14.0000                   (X_U7.54)  -14.0000                       

(X_U7.90)  -15.9870                   (X_U7.91)   40.0000                       

(X_U7.92)  -40.0000                   (X_U7.99)    0.0000                       

(X_U8.10)    -.6077                   (X_U8.11)   14.9600                       

(X_U8.12)   14.9600                   (X_U8.13)    -.5938                       

(X_U8.14)    -.5938                   (X_U8.53)   14.0000                       

(X_U8.54)  -14.0000                   (X_U8.90)     .5654                       

(X_U8.91)   40.0000                   (X_U8.92)  -40.0000                       

(X_U8.99)    0.0000                   (X_U9.10)    -.6077                       

(X_U9.11)   14.9600                   (X_U9.12)   14.9600                       

(X_U9.13)    -.5938                   (X_U9.14)    -.5938                       

(X_U9.53)   14.0000                   (X_U9.54)  -14.0000                       

(X_U9.90)    -.2138                   (X_U9.91)   40.0000                       

(X_U9.92)  -40.0000                   (X_U9.99)    0.0000                       

(X_U10.10)    -.6077                  (X_U10.11)   14.9600                      

(X_U10.12)   14.9600                  (X_U10.13)    -.5938                      

(X_U10.14)    -.5938                  (X_U10.53)   14.0000                      

(X_U10.54)  -14.0000                  (X_U10.90)    -.5088                      

(X_U10.91)   40.0000                  (X_U10.92)  -40.0000                      

(X_U10.99)    0.0000                  (X_U11.10)    -.6077                      

(X_U11.11)   14.9600                  (X_U11.12)   14.9600                      

(X_U11.13)    -.5938                  (X_U11.14)    -.5938                      

(X_U11.53)   14.0000                  (X_U11.54)  -14.0000                      

(X_U11.90)   -2.0939                  (X_U11.91)   40.0000                      

(X_U11.92)  -40.0000                  (X_U11.99)    0.0000                      

(X_U13.10)    -.6077                  (X_U13.11)   14.9600                      

(X_U13.12)   14.9600                  (X_U13.13)    -.5938                      

(X_U13.14)    -.5938                  (X_U13.53)   14.0000                      

(X_U13.54)  -14.0000                  (X_U13.90)    1.5732                      

(X_U13.91)   40.0000                  (X_U13.92)  -40.0000                      

(X_U13.99)    0.0000                  (X_U15.10)    -.6077                      

(X_U15.11)   14.9600                  (X_U15.12)   14.9600                      

(X_U15.13)    -.5938                  (X_U15.14)    -.5938                      

(X_U15.53)   14.0000                  (X_U15.54)  -14.0000                      

(X_U15.90)    7.9938                  (X_U15.91)   40.0000                      

(X_U15.92)  -40.0000                  (X_U15.99)    0.0000                  




    VOLTAGE SOURCE CURRENTS
    NAME         CURRENT

    V_V2         1.000E-03
    V_V5        -2.000E-02
    V_V6        -2.001E-02
    V_V4        -1.000E-03
    V_V7         1.000E-03
    V_V_base    -4.000E-03
    V_V_Power   -1.500E-03
    X_U1.vb      1.273E-09
    X_U1.vc      1.465E-11
    X_U1.ve      1.455E-11
    X_U1.vlim   -4.644E-03
    X_U1.vlp    -4.465E-11
    X_U1.vln    -3.536E-11
    X_U4.vb     -7.656E-10
    X_U4.vc      1.343E-11
    X_U4.ve      1.455E-11
    X_U4.vlim    1.573E-03
    X_U4.vlp    -3.843E-11
    X_U4.vln    -4.158E-11
    X_U3.vb     -8.766E-11
    X_U3.vc      1.393E-11
    X_U3.ve      1.455E-11
    X_U3.vlim    1.426E-04
    X_U3.vlp    -3.986E-11
    X_U3.vln    -4.015E-11
    X_U5.vb      7.655E-10
    X_U5.vc      1.457E-11
    X_U5.ve      1.455E-11
    X_U5.vlim   -1.573E-03
    X_U5.vlp    -4.157E-11
    X_U5.vln    -3.843E-11
    X_U8.vb     -5.131E-10
    X_U8.vc      1.354E-11
    X_U8.ve      1.455E-11
    X_U8.vlim    5.654E-04
    X_U8.vlp    -3.944E-11
    X_U8.vln    -4.057E-11
    X_U9.vb      1.314E-10
    X_U9.vc      1.411E-11
    X_U9.ve      1.455E-11
    X_U9.vlim   -2.138E-04
    X_U9.vlp    -4.021E-11
    X_U9.vln    -3.979E-11
    X_U10.vb     4.853E-10
    X_U10.vc     1.444E-11
    X_U10.ve     1.455E-11
    X_U10.vlim  -5.088E-04
    X_U10.vlp   -4.051E-11
    X_U10.vln   -3.949E-11
    X_U11.vb     8.598E-10
    X_U11.vc     1.459E-11
    X_U11.ve     1.455E-11
    X_U11.vlim  -2.094E-03
    X_U11.vlp   -4.209E-11
    X_U11.vln   -3.791E-11
    X_U13.vb    -7.656E-10
    X_U13.vc     1.343E-11
    X_U13.ve     1.455E-11
    X_U13.vlim   1.573E-03
    X_U13.vlp   -3.843E-11
    X_U13.vln   -4.158E-11
    X_U7.vb      9.825E-09
    X_U7.vc      2.199E-11
    X_U7.ve      7.276E-12
    X_U7.vlim   -1.599E-02
    X_U7.vlp    -5.599E-11
    X_U7.vln    -2.402E-11
    X_U6.vb     -1.884E-09
    X_U6.vc      1.332E-11
    X_U6.ve      1.455E-11
    X_U6.vlim    8.674E-03
    X_U6.vlp    -3.133E-11
    X_U6.vln    -4.868E-11
    X_U15.vb    -8.679E-09
    X_U15.vc     6.007E-12
    X_U15.ve     2.183E-11
    X_U15.vlim   7.994E-03
    X_U15.vlp   -3.201E-11
    X_U15.vln   -4.800E-11

    TOTAL POWER DISSIPATION   6.21E-01  WATTS


**** 09/16/23 20:02:00 ********* PSpice 9.2 (Oct 2000) ******** ID# 0 ********

 * D:\OneDrive - BUET\Desktop\Project demo\DC\DC_power.sch


 ****     OPERATING POINT INFORMATION      TEMPERATURE =   27.000 DEG C


******************************************************************************






**** VOLTAGE-CONTROLLED CURRENT SOURCES


NAME         X_U1.ga     X_U1.gcm    X_U4.ga     X_U4.gcm    X_U3.ga   
I-SOURCE    -4.895E-09  -3.622E-09  -2.857E-09  -3.622E-09  -3.535E-09

NAME         X_U3.gcm    X_U5.ga     X_U5.gcm    X_U8.ga     X_U8.gcm  
I-SOURCE    -3.622E-09  -4.388E-09  -3.622E-09  -3.109E-09  -3.622E-09

NAME         X_U9.ga     X_U9.gcm    X_U10.ga    X_U10.gcm   X_U11.ga  
I-SOURCE    -3.754E-09  -3.622E-09  -4.108E-09  -3.622E-09  -4.482E-09

NAME         X_U11.gcm   X_U13.ga    X_U13.gcm   X_U7.ga     X_U7.gcm  
I-SOURCE    -3.622E-09  -2.857E-09  -3.622E-09  -1.345E-08  -3.622E-09

NAME         X_U6.ga     X_U6.gcm    X_U15.ga    X_U15.gcm 
I-SOURCE    -1.739E-09  -3.622E-09   5.057E-09  -3.622E-09


**** VOLTAGE-CONTROLLED VOLTAGE SOURCES


NAME         X_U1.egnd   X_U4.egnd   X_U3.egnd   X_U5.egnd   X_U8.egnd 
V-SOURCE     0.000E+00   0.000E+00   0.000E+00   0.000E+00   0.000E+00
I-SOURCE     4.644E-03  -1.573E-03  -1.427E-04   1.573E-03  -5.655E-04

NAME         X_U9.egnd   X_U10.egnd  X_U11.egnd  X_U13.egnd  X_U7.egnd 
V-SOURCE     0.000E+00   0.000E+00   0.000E+00   0.000E+00   0.000E+00
I-SOURCE     2.138E-04   5.087E-04   2.094E-03  -1.573E-03   1.599E-02

NAME         X_U6.egnd   X_U15.egnd
V-SOURCE     0.000E+00   0.000E+00
I-SOURCE    -8.674E-03  -7.994E-03


**** CURRENT-CONTROLLED CURRENT SOURCES


NAME         X_U1.fb     X_U4.fb     X_U3.fb     X_U5.fb     X_U8.fb   
I-SOURCE     1.341E-02  -8.085E-03  -9.262E-04   8.087E-03  -5.434E-03

NAME         X_U9.fb     X_U10.fb    X_U11.fb    X_U13.fb    X_U7.fb   
I-SOURCE     1.390E-03   5.140E-03   9.079E-03  -8.085E-03   1.040E-01

NAME         X_U6.fb     X_U15.fb  
I-SOURCE    -1.982E-02  -9.197E-02


**** CURRENT-CONTROLLED VOLTAGE SOURCES


NAME         X_U1.hlim   X_U4.hlim   X_U3.hlim   X_U5.hlim   X_U8.hlim 
V-SOURCE    -4.644E+00   1.573E+00   1.426E-01  -1.573E+00   5.654E-01
I-SOURCE     9.289E-12  -3.147E-12  -2.853E-13   3.146E-12  -1.131E-12

NAME         X_U9.hlim   X_U10.hlim  X_U11.hlim  X_U13.hlim  X_U7.hlim 
V-SOURCE    -2.138E-01  -5.088E-01  -2.094E+00   1.573E+00  -1.599E+01
I-SOURCE     4.277E-13   1.018E-12   4.188E-12  -3.147E-12   3.198E-11

NAME         X_U6.hlim   X_U15.hlim
V-SOURCE     8.674E+00   7.994E+00
I-SOURCE    -1.735E-11  -1.599E-11


**** DIODES


NAME         D_D1        D_D2        D_D4        D_D7        D_D8      
MODEL        D1N4001     D1N4001     D1N4001     D1N4001     D1N4001   
ID           4.00E-03    1.00E-03    1.00E-03    1.07E-04    7.12E-05 
VD           6.44E-01    5.73E-01    5.73E-01    4.58E-01    4.38E-01 
REQ          1.28E+01    5.13E+01    5.13E+01    4.80E+02    7.20E+02 
CAP          4.44E-07    1.11E-07    1.11E-07    1.20E-08    7.97E-09 

NAME         D_D9        D_D10       D_D6        X_U1.dc     X_U1.de   
MODEL        D1N4001     D1N4001     D1N4001     X_U1.dy     X_U1.dy   
ID           1.50E-03    1.00E-03    7.99E-03   -1.46E-11   -1.34E-11 
VD           5.94E-01    5.73E-01    6.80E-01   -1.46E+01   -1.34E+01 
REQ          3.42E+01    5.13E+01    6.42E+00    1.00E+12    1.00E+12 
CAP          1.67E-07    1.11E-07    8.88E-07    2.53E-12    2.64E-12 

NAME         X_U1.dlp    X_U1.dln    X_U1.dp     X_U4.dc     X_U4.de   
MODEL        X_U1.dx     X_U1.dx     X_U1.dx     X_U4.dy     X_U4.dy   
ID          -4.46E-11   -3.54E-11   -3.00E-11   -1.34E-11   -1.46E-11 
VD          -4.46E+01   -3.54E+01   -3.00E+01   -1.34E+01   -1.46E+01 
REQ          1.00E+12    1.00E+12    1.00E+12    1.00E+12    1.00E+12 
CAP          0.00E+00    0.00E+00    0.00E+00    2.63E-12    2.53E-12 

NAME         X_U4.dlp    X_U4.dln    X_U4.dp     X_U3.dc     X_U3.de   
MODEL        X_U4.dx     X_U4.dx     X_U4.dx     X_U3.dy     X_U3.dy   
ID          -3.84E-11   -4.16E-11   -3.00E-11   -1.39E-11   -1.41E-11 
VD          -3.84E+01   -4.16E+01   -3.00E+01   -1.39E+01   -1.41E+01 
REQ          1.00E+12    1.00E+12    1.00E+12    1.00E+12    1.00E+12 
CAP          0.00E+00    0.00E+00    0.00E+00    2.59E-12    2.58E-12 

NAME         X_U3.dlp    X_U3.dln    X_U3.dp     X_U5.dc     X_U5.de   
MODEL        X_U3.dx     X_U3.dx     X_U3.dx     X_U5.dy     X_U5.dy   
ID          -3.99E-11   -4.01E-11   -3.00E-11   -1.46E-11   -1.34E-11 
VD          -3.99E+01   -4.01E+01   -3.00E+01   -1.46E+01   -1.34E+01 
REQ          1.00E+12    1.00E+12    1.00E+12    1.00E+12    1.00E+12 
CAP          0.00E+00    0.00E+00    0.00E+00    2.53E-12    2.63E-12 

NAME         X_U5.dlp    X_U5.dln    X_U5.dp     X_U8.dc     X_U8.de   
MODEL        X_U5.dx     X_U5.dx     X_U5.dx     X_U8.dy     X_U8.dy   
ID          -4.16E-11   -3.84E-11   -3.00E-11   -1.35E-11   -1.45E-11 
VD          -4.16E+01   -3.84E+01   -3.00E+01   -1.35E+01   -1.45E+01 
REQ          1.00E+12    1.00E+12    1.00E+12    1.00E+12    1.00E+12 
CAP          0.00E+00    0.00E+00    0.00E+00    2.62E-12    2.54E-12 

NAME         X_U8.dlp    X_U8.dln    X_U8.dp     X_U9.dc     X_U9.de   
MODEL        X_U8.dx     X_U8.dx     X_U8.dx     X_U9.dy     X_U9.dy   
ID          -3.94E-11   -4.06E-11   -3.00E-11   -1.41E-11   -1.39E-11 
VD          -3.94E+01   -4.06E+01   -3.00E+01   -1.41E+01   -1.39E+01 
REQ          1.00E+12    1.00E+12    1.00E+12    1.00E+12    1.00E+12 
CAP          0.00E+00    0.00E+00    0.00E+00    2.57E-12    2.59E-12 

NAME         X_U9.dlp    X_U9.dln    X_U9.dp     X_U10.dc    X_U10.de  
MODEL        X_U9.dx     X_U9.dx     X_U9.dx     X_U10.dy    X_U10.dy  
ID          -4.02E-11   -3.98E-11   -3.00E-11   -1.44E-11   -1.36E-11 
VD          -4.02E+01   -3.98E+01   -3.00E+01   -1.44E+01   -1.36E+01 
REQ          1.00E+12    1.00E+12    1.00E+12    1.00E+12    1.00E+12 
CAP          0.00E+00    0.00E+00    0.00E+00    2.55E-12    2.62E-12 

NAME         X_U10.dlp   X_U10.dln   X_U10.dp    X_U11.dc    X_U11.de  
MODEL        X_U10.dx    X_U10.dx    X_U10.dx    X_U11.dy    X_U11.dy  
ID          -4.05E-11   -3.95E-11   -3.00E-11   -1.46E-11   -1.34E-11 
VD          -4.05E+01   -3.95E+01   -3.00E+01   -1.46E+01   -1.34E+01 
REQ          1.00E+12    1.00E+12    1.00E+12    1.00E+12    1.00E+12 
CAP          0.00E+00    0.00E+00    0.00E+00    2.53E-12    2.63E-12 

NAME         X_U11.dlp   X_U11.dln   X_U11.dp    X_U13.dc    X_U13.de  
MODEL        X_U11.dx    X_U11.dx    X_U11.dx    X_U13.dy    X_U13.dy  
ID          -4.21E-11   -3.79E-11   -3.00E-11   -1.34E-11   -1.46E-11 
VD          -4.21E+01   -3.79E+01   -3.00E+01   -1.34E+01   -1.46E+01 
REQ          1.00E+12    1.00E+12    1.00E+12    1.00E+12    1.00E+12 
CAP          0.00E+00    0.00E+00    0.00E+00    2.63E-12    2.53E-12 

NAME         X_U13.dlp   X_U13.dln   X_U13.dp    X_U7.dc     X_U7.de   
MODEL        X_U13.dx    X_U13.dx    X_U13.dx    X_U7.dy     X_U7.dy   
ID          -3.84E-11   -4.16E-11   -3.00E-11   -2.20E-11   -6.01E-12 
VD          -3.84E+01   -4.16E+01   -3.00E+01   -2.20E+01   -6.01E+00 
REQ          1.00E+12    1.00E+12    1.00E+12    1.00E+12    1.00E+12 
CAP          0.00E+00    0.00E+00    0.00E+00    2.09E-12    3.78E-12 

NAME         X_U7.dlp    X_U7.dln    X_U7.dp     X_U6.dc     X_U6.de   
MODEL        X_U7.dx     X_U7.dx     X_U7.dx     X_U6.dy     X_U6.dy   
ID          -5.60E-11   -2.40E-11   -3.00E-11   -1.33E-11   -1.47E-11 
VD          -5.60E+01   -2.40E+01   -3.00E+01   -1.33E+01   -1.47E+01 
REQ          1.00E+12    1.00E+12    1.00E+12    1.00E+12    1.00E+12 
CAP          0.00E+00    0.00E+00    0.00E+00    2.64E-12    2.53E-12 

NAME         X_U6.dlp    X_U6.dln    X_U6.dp     X_U15.dc    X_U15.de  
MODEL        X_U6.dx     X_U6.dx     X_U6.dx     X_U15.dy    X_U15.dy  
ID          -3.13E-11   -4.87E-11   -3.00E-11   -6.01E-12   -2.20E-11 
VD          -3.13E+01   -4.87E+01   -3.00E+01   -6.01E+00   -2.20E+01 
REQ          1.00E+12    1.00E+12    1.00E+12    1.00E+12    1.00E+12 
CAP          0.00E+00    0.00E+00    0.00E+00    3.78E-12    2.09E-12 

NAME         X_U15.dlp   X_U15.dln   X_U15.dp  
MODEL        X_U15.dx    X_U15.dx    X_U15.dx  
ID          -3.20E-11   -4.80E-11   -3.00E-11 
VD          -3.20E+01   -4.80E+01   -3.00E+01 
REQ          1.00E+12    1.00E+12    1.00E+12 
CAP          0.00E+00    0.00E+00    0.00E+00 


**** BIPOLAR JUNCTION TRANSISTORS


NAME         X_U1.q1     X_U1.q2     X_U4.q1     X_U4.q2     X_U3.q1   
MODEL        X_U1.qx     X_U1.qx     X_U4.qx     X_U4.qx     X_U3.qx   
IB           7.98E-08    7.97E-08    7.98E-08    7.97E-08    7.98E-08 
IC           7.48E-06    7.47E-06    7.48E-06    7.48E-06    7.48E-06 
VBE          5.94E-01    5.94E-01    5.94E-01    5.94E-01    5.94E-01 
VBC         -1.50E+01   -1.50E+01   -1.50E+01   -1.50E+01   -1.50E+01 
VCE          1.56E+01    1.56E+01    1.56E+01    1.56E+01    1.56E+01 
BETADC       9.38E+01    9.38E+01    9.38E+01    9.38E+01    9.38E+01 
GM           2.89E-04    2.89E-04    2.89E-04    2.89E-04    2.89E-04 
RPI          3.24E+05    3.24E+05    3.24E+05    3.24E+05    3.24E+05 
RX           0.00E+00    0.00E+00    0.00E+00    0.00E+00    0.00E+00 
RO           1.00E+12    1.00E+12    1.00E+12    1.00E+12    1.00E+12 
CBE          0.00E+00    0.00E+00    0.00E+00    0.00E+00    0.00E+00 
CBC          0.00E+00    0.00E+00    0.00E+00    0.00E+00    0.00E+00 
CJS          0.00E+00    0.00E+00    0.00E+00    0.00E+00    0.00E+00 
BETAAC       9.38E+01    9.38E+01    9.38E+01    9.38E+01    9.38E+01 
CBX/CBX2     0.00E+00    0.00E+00    0.00E+00    0.00E+00    0.00E+00 
FT/FT2       4.60E+15    4.60E+15    4.60E+15    4.60E+15    4.60E+15 



NAME         X_U3.q2     X_U5.q1     X_U5.q2     X_U8.q1     X_U8.q2   
MODEL        X_U3.qx     X_U5.qx     X_U5.qx     X_U8.qx     X_U8.qx   
IB           7.97E-08    7.98E-08    7.97E-08    7.98E-08    7.97E-08 
IC           7.48E-06    7.48E-06    7.48E-06    7.48E-06    7.48E-06 
VBE          5.94E-01    5.94E-01    5.94E-01    5.94E-01    5.94E-01 
VBC         -1.50E+01   -1.50E+01   -1.50E+01   -1.50E+01   -1.50E+01 
VCE          1.56E+01    1.56E+01    1.56E+01    1.56E+01    1.56E+01 
BETADC       9.38E+01    9.38E+01    9.38E+01    9.38E+01    9.38E+01 
GM           2.89E-04    2.89E-04    2.89E-04    2.89E-04    2.89E-04 
RPI          3.24E+05    3.24E+05    3.24E+05    3.24E+05    3.24E+05 
RX           0.00E+00    0.00E+00    0.00E+00    0.00E+00    0.00E+00 
RO           1.00E+12    1.00E+12    1.00E+12    1.00E+12    1.00E+12 
CBE          0.00E+00    0.00E+00    0.00E+00    0.00E+00    0.00E+00 
CBC          0.00E+00    0.00E+00    0.00E+00    0.00E+00    0.00E+00 
CJS          0.00E+00    0.00E+00    0.00E+00    0.00E+00    0.00E+00 
BETAAC       9.38E+01    9.38E+01    9.38E+01    9.38E+01    9.38E+01 
CBX/CBX2     0.00E+00    0.00E+00    0.00E+00    0.00E+00    0.00E+00 
FT/FT2       4.60E+15    4.60E+15    4.60E+15    4.60E+15    4.60E+15 



NAME         X_U9.q1     X_U9.q2     X_U10.q1    X_U10.q2    X_U11.q1  
MODEL        X_U9.qx     X_U9.qx     X_U10.qx    X_U10.qx    X_U11.qx  
IB           7.98E-08    7.97E-08    7.98E-08    7.97E-08    7.98E-08 
IC           7.48E-06    7.48E-06    7.48E-06    7.48E-06    7.48E-06 
VBE          5.94E-01    5.94E-01    5.94E-01    5.94E-01    5.94E-01 
VBC         -1.50E+01   -1.50E+01   -1.50E+01   -1.50E+01   -1.50E+01 
VCE          1.56E+01    1.56E+01    1.56E+01    1.56E+01    1.56E+01 
BETADC       9.38E+01    9.38E+01    9.38E+01    9.38E+01    9.38E+01 
GM           2.89E-04    2.89E-04    2.89E-04    2.89E-04    2.89E-04 
RPI          3.24E+05    3.24E+05    3.24E+05    3.24E+05    3.24E+05 
RX           0.00E+00    0.00E+00    0.00E+00    0.00E+00    0.00E+00 
RO           1.00E+12    1.00E+12    1.00E+12    1.00E+12    1.00E+12 
CBE          0.00E+00    0.00E+00    0.00E+00    0.00E+00    0.00E+00 
CBC          0.00E+00    0.00E+00    0.00E+00    0.00E+00    0.00E+00 
CJS          0.00E+00    0.00E+00    0.00E+00    0.00E+00    0.00E+00 
BETAAC       9.38E+01    9.38E+01    9.38E+01    9.38E+01    9.38E+01 
CBX/CBX2     0.00E+00    0.00E+00    0.00E+00    0.00E+00    0.00E+00 
FT/FT2       4.60E+15    4.60E+15    4.60E+15    4.60E+15    4.60E+15 



NAME         X_U11.q2    X_U13.q1    X_U13.q2    X_U7.q1     X_U7.q2   
MODEL        X_U11.qx    X_U13.qx    X_U13.qx    X_U7.qx     X_U7.qx   
IB           7.97E-08    7.98E-08    7.97E-08    7.98E-08    7.97E-08 
IC           7.48E-06    7.48E-06    7.48E-06    7.48E-06    7.47E-06 
VBE          5.94E-01    5.94E-01    5.94E-01    5.94E-01    5.94E-01 
VBC         -1.50E+01   -1.50E+01   -1.50E+01   -1.50E+01   -1.50E+01 
VCE          1.56E+01    1.56E+01    1.56E+01    1.56E+01    1.56E+01 
BETADC       9.38E+01    9.38E+01    9.38E+01    9.38E+01    9.38E+01 
GM           2.89E-04    2.89E-04    2.89E-04    2.89E-04    2.89E-04 
RPI          3.24E+05    3.24E+05    3.24E+05    3.24E+05    3.25E+05 
RX           0.00E+00    0.00E+00    0.00E+00    0.00E+00    0.00E+00 
RO           1.00E+12    1.00E+12    1.00E+12    1.00E+12    1.00E+12 
CBE          0.00E+00    0.00E+00    0.00E+00    0.00E+00    0.00E+00 
CBC          0.00E+00    0.00E+00    0.00E+00    0.00E+00    0.00E+00 
CJS          0.00E+00    0.00E+00    0.00E+00    0.00E+00    0.00E+00 
BETAAC       9.38E+01    9.38E+01    9.38E+01    9.38E+01    9.38E+01 
CBX/CBX2     0.00E+00    0.00E+00    0.00E+00    0.00E+00    0.00E+00 
FT/FT2       4.60E+15    4.60E+15    4.60E+15    4.61E+15    4.60E+15 



NAME         X_U6.q1     X_U6.q2     X_U15.q1    X_U15.q2  
MODEL        X_U6.qx     X_U6.qx     X_U15.qx    X_U15.qx  
IB           7.98E-08    7.97E-08    7.97E-08    7.98E-08 
IC           7.48E-06    7.48E-06    7.47E-06    7.48E-06 
VBE          5.94E-01    5.94E-01    5.94E-01    5.94E-01 
VBC         -1.50E+01   -1.50E+01   -1.50E+01   -1.50E+01 
VCE          1.56E+01    1.56E+01    1.56E+01    1.56E+01 
BETADC       9.38E+01    9.38E+01    9.38E+01    9.38E+01 
GM           2.89E-04    2.89E-04    2.89E-04    2.89E-04 
RPI          3.24E+05    3.24E+05    3.24E+05    3.24E+05 
RX           0.00E+00    0.00E+00    0.00E+00    0.00E+00 
RO           1.00E+12    1.00E+12    1.00E+12    1.00E+12 
CBE          0.00E+00    0.00E+00    0.00E+00    0.00E+00 
CBC          0.00E+00    0.00E+00    0.00E+00    0.00E+00 
CJS          0.00E+00    0.00E+00    0.00E+00    0.00E+00 
BETAAC       9.38E+01    9.38E+01    9.38E+01    9.38E+01 
CBX/CBX2     0.00E+00    0.00E+00    0.00E+00    0.00E+00 
FT/FT2       4.60E+15    4.60E+15    4.60E+15    4.60E+15 


**** 09/16/23 20:02:00 ********* PSpice 9.2 (Oct 2000) ******** ID# 0 ********

 * D:\OneDrive - BUET\Desktop\Project demo\DC\DC_power.sch


 ****     INITIAL TRANSIENT SOLUTION       TEMPERATURE =   27.000 DEG C


******************************************************************************



 NODE   VOLTAGE     NODE   VOLTAGE     NODE   VOLTAGE     NODE   VOLTAGE


(    n)  -15.0000  (    p)   15.0000  (X_U1.6) 127.3E-06 (X_U1.7)    -.8766     

(X_U1.8)    -.8766 (X_U1.9)    0.0000 (X_U3.6)-8.766E-06 (X_U3.7)     .0785     

(X_U3.8)     .0785 (X_U3.9)    0.0000 (X_U4.6)-76.56E-06 (X_U4.7)     .6518     

(X_U4.8)     .6518 (X_U4.9)    0.0000 (X_U5.6) 76.55E-06 (X_U5.7)    -.6518     

(X_U5.8)    -.6518 (X_U5.9)    0.0000 (X_U6.6)-188.4E-06 (X_U6.7)    1.1138     

(X_U6.8)    1.1138 (X_U6.9)    0.0000 (X_U7.6) 982.5E-06 (X_U7.7)   -8.7931     

(X_U7.8)   -8.7931 (X_U7.9)    0.0000 (X_U8.6)-51.31E-06 (X_U8.7)     .4867     

(X_U8.8)     .4867 (X_U8.9)    0.0000 (X_U9.6) 13.14E-06 (X_U9.7)    -.1176     

(X_U9.8)    -.1176 (X_U9.9)    0.0000 ($N_0001) 26.02E-06                       

($N_0002)    4.0000                   ($N_0003)    -.6444                       

($N_0004)     .5732                   ($N_0005) 15.18E-06                       

($N_0006)   -1.0000                   ($N_0007) 18.79E-06                       

($N_0008)     .0713                   ($N_0015) 23.32E-06                       

($N_0016)    1.0000                   ($N_0017)    -.5731                       

($N_0020) 16.52E-06                   ($N_0021)    -.4375                       

($N_0022)     .4585                   ($N_0023) 19.95E-06                       

($N_0026)    -.1069                   ($N_0029) 21.83E-06                       

($N_0032) 23.82E-06                   ($N_0033)    -.5939                       

($N_0036)    1.5000                   ($N_0037) 15.18E-06                       

($N_0038)   -1.0000                   ($N_0039)     .5732                       

($N_0042)   -7.9937                   ($N_0043) 71.47E-06                       

($N_0046)     .6801                   ($N_0047) 9.240E-06                       

($N_0050)    7.9937                   ($N_0051)-26.88E-06                       

(X_U1.10)    -.6077                   (X_U1.11)   14.9600                       

(X_U1.12)   14.9600                   (X_U1.13)    -.5938                       

(X_U1.14)    -.5938                   (X_U1.53)   14.0000                       

(X_U1.54)  -14.0000                   (X_U1.90)   -4.6443                       

(X_U1.91)   40.0000                   (X_U1.92)  -40.0000                       

(X_U1.99)    0.0000                   (X_U10.6) 48.53E-06                       

(X_U10.7)    -.4630                   (X_U10.8)    -.4630                       

(X_U10.9)    0.0000                   (X_U11.6) 85.98E-06                       

(X_U11.7)    -.6986                   (X_U11.8)    -.6986                       

(X_U11.9)    0.0000                   (X_U13.6)-76.56E-06                       

(X_U13.7)     .6518                   (X_U13.8)     .6518                       

(X_U13.9)    0.0000                   (X_U15.6)-867.9E-06                       

(X_U15.7)    8.3934                   (X_U15.8)    8.3934                       

(X_U15.9)    0.0000                   (X_U3.10)    -.6077                       

(X_U3.11)   14.9600                   (X_U3.12)   14.9600                       

(X_U3.13)    -.5938                   (X_U3.14)    -.5938                       

(X_U3.53)   14.0000                   (X_U3.54)  -14.0000                       

(X_U3.90)     .1426                   (X_U3.91)   40.0000                       

(X_U3.92)  -40.0000                   (X_U3.99)    0.0000                       

(X_U4.10)    -.6077                   (X_U4.11)   14.9600                       

(X_U4.12)   14.9600                   (X_U4.13)    -.5938                       

(X_U4.14)    -.5938                   (X_U4.53)   14.0000                       

(X_U4.54)  -14.0000                   (X_U4.90)    1.5732                       

(X_U4.91)   40.0000                   (X_U4.92)  -40.0000                       

(X_U4.99)    0.0000                   (X_U5.10)    -.6077                       

(X_U5.11)   14.9600                   (X_U5.12)   14.9600                       

(X_U5.13)    -.5938                   (X_U5.14)    -.5938                       

(X_U5.53)   14.0000                   (X_U5.54)  -14.0000                       

(X_U5.90)   -1.5730                   (X_U5.91)   40.0000                       

(X_U5.92)  -40.0000                   (X_U5.99)    0.0000                       

(X_U6.10)    -.6077                   (X_U6.11)   14.9600                       

(X_U6.12)   14.9600                   (X_U6.13)    -.5938                       

(X_U6.14)    -.5938                   (X_U6.53)   14.0000                       

(X_U6.54)  -14.0000                   (X_U6.90)    8.6740                       

(X_U6.91)   40.0000                   (X_U6.92)  -40.0000                       

(X_U6.99)    0.0000                   (X_U7.10)    -.6076                       

(X_U7.11)   14.9600                   (X_U7.12)   14.9600                       

(X_U7.13)    -.5937                   (X_U7.14)    -.5938                       

(X_U7.53)   14.0000                   (X_U7.54)  -14.0000                       

(X_U7.90)  -15.9870                   (X_U7.91)   40.0000                       

(X_U7.92)  -40.0000                   (X_U7.99)    0.0000                       

(X_U8.10)    -.6077                   (X_U8.11)   14.9600                       

(X_U8.12)   14.9600                   (X_U8.13)    -.5938                       

(X_U8.14)    -.5938                   (X_U8.53)   14.0000                       

(X_U8.54)  -14.0000                   (X_U8.90)     .5654                       

(X_U8.91)   40.0000                   (X_U8.92)  -40.0000                       

(X_U8.99)    0.0000                   (X_U9.10)    -.6077                       

(X_U9.11)   14.9600                   (X_U9.12)   14.9600                       

(X_U9.13)    -.5938                   (X_U9.14)    -.5938                       

(X_U9.53)   14.0000                   (X_U9.54)  -14.0000                       

(X_U9.90)    -.2138                   (X_U9.91)   40.0000                       

(X_U9.92)  -40.0000                   (X_U9.99)    0.0000                       

(X_U10.10)    -.6077                  (X_U10.11)   14.9600                      

(X_U10.12)   14.9600                  (X_U10.13)    -.5938                      

(X_U10.14)    -.5938                  (X_U10.53)   14.0000                      

(X_U10.54)  -14.0000                  (X_U10.90)    -.5088                      

(X_U10.91)   40.0000                  (X_U10.92)  -40.0000                      

(X_U10.99)    0.0000                  (X_U11.10)    -.6077                      

(X_U11.11)   14.9600                  (X_U11.12)   14.9600                      

(X_U11.13)    -.5938                  (X_U11.14)    -.5938                      

(X_U11.53)   14.0000                  (X_U11.54)  -14.0000                      

(X_U11.90)   -2.0939                  (X_U11.91)   40.0000                      

(X_U11.92)  -40.0000                  (X_U11.99)    0.0000                      

(X_U13.10)    -.6077                  (X_U13.11)   14.9600                      

(X_U13.12)   14.9600                  (X_U13.13)    -.5938                      

(X_U13.14)    -.5938                  (X_U13.53)   14.0000                      

(X_U13.54)  -14.0000                  (X_U13.90)    1.5732                      

(X_U13.91)   40.0000                  (X_U13.92)  -40.0000                      

(X_U13.99)    0.0000                  (X_U15.10)    -.6077                      

(X_U15.11)   14.9600                  (X_U15.12)   14.9600                      

(X_U15.13)    -.5938                  (X_U15.14)    -.5938                      

(X_U15.53)   14.0000                  (X_U15.54)  -14.0000                      

(X_U15.90)    7.9938                  (X_U15.91)   40.0000                      

(X_U15.92)  -40.0000                  (X_U15.99)    0.0000                  




    VOLTAGE SOURCE CURRENTS
    NAME         CURRENT

    V_V2         1.000E-03
    V_V5        -2.000E-02
    V_V6        -2.001E-02
    V_V4        -1.000E-03
    V_V7         1.000E-03
    V_V_base    -4.000E-03
    V_V_Power   -1.500E-03
    X_U1.vb      1.273E-09
    X_U1.vc      1.465E-11
    X_U1.ve      1.455E-11
    X_U1.vlim   -4.644E-03
    X_U1.vlp    -4.465E-11
    X_U1.vln    -3.536E-11
    X_U4.vb     -7.656E-10
    X_U4.vc      1.343E-11
    X_U4.ve      1.455E-11
    X_U4.vlim    1.573E-03
    X_U4.vlp    -3.843E-11
    X_U4.vln    -4.158E-11
    X_U3.vb     -8.766E-11
    X_U3.vc      1.393E-11
    X_U3.ve      1.455E-11
    X_U3.vlim    1.426E-04
    X_U3.vlp    -3.986E-11
    X_U3.vln    -4.015E-11
    X_U5.vb      7.655E-10
    X_U5.vc      1.457E-11
    X_U5.ve      1.455E-11
    X_U5.vlim   -1.573E-03
    X_U5.vlp    -4.157E-11
    X_U5.vln    -3.843E-11
    X_U8.vb     -5.131E-10
    X_U8.vc      1.354E-11
    X_U8.ve      1.455E-11
    X_U8.vlim    5.654E-04
    X_U8.vlp    -3.944E-11
    X_U8.vln    -4.057E-11
    X_U9.vb      1.314E-10
    X_U9.vc      1.411E-11
    X_U9.ve      1.455E-11
    X_U9.vlim   -2.138E-04
    X_U9.vlp    -4.021E-11
    X_U9.vln    -3.979E-11
    X_U10.vb     4.853E-10
    X_U10.vc     1.444E-11
    X_U10.ve     1.455E-11
    X_U10.vlim  -5.088E-04
    X_U10.vlp   -4.051E-11
    X_U10.vln   -3.949E-11
    X_U11.vb     8.598E-10
    X_U11.vc     1.459E-11
    X_U11.ve     1.455E-11
    X_U11.vlim  -2.094E-03
    X_U11.vlp   -4.209E-11
    X_U11.vln   -3.791E-11
    X_U13.vb    -7.656E-10
    X_U13.vc     1.343E-11
    X_U13.ve     1.455E-11
    X_U13.vlim   1.573E-03
    X_U13.vlp   -3.843E-11
    X_U13.vln   -4.158E-11
    X_U7.vb      9.825E-09
    X_U7.vc      2.199E-11
    X_U7.ve      7.276E-12
    X_U7.vlim   -1.599E-02
    X_U7.vlp    -5.599E-11
    X_U7.vln    -2.402E-11
    X_U6.vb     -1.884E-09
    X_U6.vc      1.332E-11
    X_U6.ve      1.455E-11
    X_U6.vlim    8.674E-03
    X_U6.vlp    -3.133E-11
    X_U6.vln    -4.868E-11
    X_U15.vb    -8.679E-09
    X_U15.vc     6.007E-12
    X_U15.ve     2.183E-11
    X_U15.vlim   7.994E-03
    X_U15.vlp   -3.201E-11
    X_U15.vln   -4.800E-11

    TOTAL POWER DISSIPATION   6.21E-01  WATTS



          JOB CONCLUDED

          TOTAL JOB TIME             .28
