
**** 09/16/23 20:53:23 ********* PSpice 9.2 (Oct 2000) ******** ID# 0 ********

 * D:\OneDrive - BUET\Desktop\Project demo\DC\DC_root.sch


 ****     CIRCUIT DESCRIPTION


******************************************************************************




* Schematics Version 9.2
* Sat Sep 16 20:53:23 2023



** Analysis setup **
.tran 0.1 10
.OP 


* From [PSPICE NETLIST] section of C:\Program Files\Orcad\PSpice\PSpice.ini:
.lib "nom.lib"

.INC "DC_root.net"



**** INCLUDING DC_root.net ****
* Schematics Netlist *



D_D1         $N_0001 $N_0002 D1N4001 
D_D2         $N_0003 $N_0004 D1N4001 
R_R3         $N_0002 $N_0005  1k  
R_R4         $N_0003 $N_0005  1k  
R_R5         $N_0005 $N_0006  1k  
X_U1         0 $N_0001 p n $N_0002 uA741
X_U4         0 $N_0004 p n $N_0003 uA741
X_U3         0 $N_0005 p n $N_0006 uA741
V_V5         p 0 15
V_V6         0 n 15
R_R6         $N_0014 $N_0013  1k  
V_V4         $N_0014 0 1
D_D4         $N_0013 $N_0015 D1N4001 
X_U5         0 $N_0013 p n $N_0015 uA741
R_R12         $N_0019 $N_0018  1k  
R_R13         $N_0018 $N_0020  1k  
D_D7         $N_0020 $N_0021 D1N4001 
X_U8         0 $N_0018 p n $N_0020 uA741
X_U9         0 $N_0021 p n $N_0024 uA741
X_U10         0 $N_0027 p n $N_0019 uA741
D_D8         $N_0027 $N_0019 D1N4001 
D_D9         $N_0030 $N_0031 D1N4001 
X_U11         0 $N_0030 p n $N_0031 uA741
R_R15         $N_0021 $N_0024  1k  
R_R16         $N_0034 $N_0030  1k  
R_R20         $N_0036 $N_0035  1k  
V_V7         $N_0036 0 -1
D_D10         $N_0037 $N_0035 D1N4001 
X_U13         0 $N_0035 p n $N_0037 uA741
R_R21         $N_0031 $N_0018  1k  
R_R22         $N_0037 $N_0018  1k  
R_R17         $N_0006 $N_0027  1k  
R_R11         $N_0041 $N_0040  1k  
X_U7         0 $N_0041 p n $N_0040 uA741
R_R9         $N_0045 $N_0044  1k  
X_U6         0 $N_0045 p n $N_0044 uA741
D_D6         $N_0044 $N_0041 D1N4001 
R_R26         $N_0049 $N_0048  1k  
X_U15         0 $N_0049 p n $N_0048 uA741
R_R27         $N_0040 $N_0049  1k  
R_R7         $N_0015 $N_0045  1k  
R_R14         $N_0024 $N_0045  1k  
V_V_Power         $N_0034 0 0.5V
R_R34         $N_0052 0  0.00001  
R_R2         $N_0053 $N_0004  1k  
V_V2         $N_0053 0 -1
R_R35         $N_0055 $N_0054  1k  
X_U19         0 $N_0055 $N_0056 $N_0057 $N_0054 uA741
V_V15         0 $N_0057 15
V_V16         $N_0056 0 15
R_R37         $N_0060 b  1k  
X_U20         0 $N_0060 $N_0061 $N_0062 b uA741
V_V17         0 $N_0062 15
V_V18         $N_0061 0 15
R_R38         $N_0054 $N_0060  1k  
R_R36         a $N_0055  10k  
E_E1         $N_0052 0 $N_0048 0 3.16227766
R_R1         b $N_0001  1k  
V_V_base         a 0 99

**** RESUMING DC_root.cir ****
.PROBE V(*) I(*) W(*) D(*) NOISE(*) 


.END

**** 09/16/23 20:53:23 ********* PSpice 9.2 (Oct 2000) ******** ID# 0 ********

 * D:\OneDrive - BUET\Desktop\Project demo\DC\DC_root.sch


 ****     Diode MODEL PARAMETERS


******************************************************************************




               D1N4001         X_U1.dx         X_U1.dy         X_U4.dx         
          IS   14.110000E-09  800.000000E-18  800.000000E-18  800.000000E-18 
           N    1.984                                                        
         IKF   94.81                                                         
          BV   75                                                            
         IBV   10.000000E-06                                                 
          RS     .03389         1               1.000000E-03    1            
          TT    5.700000E-06                                                 
         CJO   25.890000E-12                   10.000000E-12                 
          VJ     .3245                                                       
           M     .44                                                         


               X_U4.dy         X_U3.dx         X_U3.dy         X_U5.dx         
          IS  800.000000E-18  800.000000E-18  800.000000E-18  800.000000E-18 
          RS    1.000000E-03    1               1.000000E-03    1            
         CJO   10.000000E-12                   10.000000E-12                 


               X_U5.dy         X_U8.dx         X_U8.dy         X_U9.dx         
          IS  800.000000E-18  800.000000E-18  800.000000E-18  800.000000E-18 
          RS    1.000000E-03    1               1.000000E-03    1            
         CJO   10.000000E-12                   10.000000E-12                 


               X_U9.dy         X_U10.dx        X_U10.dy        X_U11.dx        
          IS  800.000000E-18  800.000000E-18  800.000000E-18  800.000000E-18 
          RS    1.000000E-03    1               1.000000E-03    1            
         CJO   10.000000E-12                   10.000000E-12                 


               X_U11.dy        X_U13.dx        X_U13.dy        X_U7.dx         
          IS  800.000000E-18  800.000000E-18  800.000000E-18  800.000000E-18 
          RS    1.000000E-03    1               1.000000E-03    1            
         CJO   10.000000E-12                   10.000000E-12                 


               X_U7.dy         X_U6.dx         X_U6.dy         X_U15.dx        
          IS  800.000000E-18  800.000000E-18  800.000000E-18  800.000000E-18 
          RS    1.000000E-03    1               1.000000E-03    1            
         CJO   10.000000E-12                   10.000000E-12                 


               X_U15.dy        X_U19.dx        X_U19.dy        X_U20.dx        
          IS  800.000000E-18  800.000000E-18  800.000000E-18  800.000000E-18 
          RS    1.000000E-03    1               1.000000E-03    1            
         CJO   10.000000E-12                   10.000000E-12                 


               X_U20.dy        
          IS  800.000000E-18 
          RS    1.000000E-03 
         CJO   10.000000E-12 


**** 09/16/23 20:53:23 ********* PSpice 9.2 (Oct 2000) ******** ID# 0 ********

 * D:\OneDrive - BUET\Desktop\Project demo\DC\DC_root.sch


 ****     BJT MODEL PARAMETERS


******************************************************************************




               X_U1.qx         X_U4.qx         X_U3.qx         X_U5.qx         
               NPN             NPN             NPN             NPN             
          IS  800.000000E-18  800.000000E-18  800.000000E-18  800.000000E-18 
          BF   93.75           93.75           93.75           93.75         
          NF    1               1               1               1            
          BR    1               1               1               1            
          NR    1               1               1               1            
          CN    2.42            2.42            2.42            2.42         
           D     .87             .87             .87             .87         


               X_U8.qx         X_U9.qx         X_U10.qx        X_U11.qx        
               NPN             NPN             NPN             NPN             
          IS  800.000000E-18  800.000000E-18  800.000000E-18  800.000000E-18 
          BF   93.75           93.75           93.75           93.75         
          NF    1               1               1               1            
          BR    1               1               1               1            
          NR    1               1               1               1            
          CN    2.42            2.42            2.42            2.42         
           D     .87             .87             .87             .87         


               X_U13.qx        X_U7.qx         X_U6.qx         X_U15.qx        
               NPN             NPN             NPN             NPN             
          IS  800.000000E-18  800.000000E-18  800.000000E-18  800.000000E-18 
          BF   93.75           93.75           93.75           93.75         
          NF    1               1               1               1            
          BR    1               1               1               1            
          NR    1               1               1               1            
          CN    2.42            2.42            2.42            2.42         
           D     .87             .87             .87             .87         


               X_U19.qx        X_U20.qx        
               NPN             NPN             
          IS  800.000000E-18  800.000000E-18 
          BF   93.75           93.75         
          NF    1               1            
          BR    1               1            
          NR    1               1            
          CN    2.42            2.42         
           D     .87             .87         


**** 09/16/23 20:53:23 ********* PSpice 9.2 (Oct 2000) ******** ID# 0 ********

 * D:\OneDrive - BUET\Desktop\Project demo\DC\DC_root.sch


 ****     SMALL SIGNAL BIAS SOLUTION       TEMPERATURE =   27.000 DEG C


******************************************************************************



 NODE   VOLTAGE     NODE   VOLTAGE     NODE   VOLTAGE     NODE   VOLTAGE


(    a)   99.0000  (    b)    9.8998  (    n)  -15.0000  (    p)   15.0000      

(X_U1.6) 216.9E-06 (X_U1.7)   -1.2206 (X_U1.8)   -1.2206 (X_U1.9)    0.0000     

(X_U3.6)-14.51E-06 (X_U3.7)     .1298 (X_U3.8)     .1298 (X_U3.9)    0.0000     

(X_U4.6)-76.56E-06 (X_U4.7)     .6518 (X_U4.8)     .6518 (X_U4.9)    0.0000     

(X_U5.6) 76.55E-06 (X_U5.7)    -.6518 (X_U5.8)    -.6518 (X_U5.9)    0.0000     

(X_U6.6)-113.8E-06 (X_U6.7)     .8212 (X_U6.8)     .8212 (X_U6.9)    0.0000     

(X_U7.6) 387.1E-06 (X_U7.7)   -3.4648 (X_U7.8)   -3.4648 (X_U7.9)    0.0000     

(X_U8.6)-47.31E-06 (X_U8.7)     .4523 (X_U8.8)     .4523 (X_U8.9)    0.0000     

(X_U9.6) 7.239E-06 (X_U9.7)    -.0648 (X_U9.8)    -.0648 (X_U9.9)    0.0000     

($N_0001) 30.78E-06                   ($N_0002)    -.6911                       

($N_0003)     .5732                   ($N_0004) 15.18E-06                       

($N_0005) 18.48E-06                   ($N_0006)     .1180                       

($N_0013) 23.32E-06                   ($N_0014)    1.0000                       

($N_0015)    -.5731                   ($N_0018) 16.74E-06                       

($N_0019)    -.4634                   ($N_0020)     .4279                       

($N_0021) 19.64E-06                   ($N_0024)    -.0589                       

($N_0027) 22.02E-06                   ($N_0030) 22.73E-06                       

($N_0031)    -.5375                   ($N_0034)     .5000                       

($N_0035) 15.18E-06                   ($N_0036)   -1.0000                       

($N_0037)     .5732                   ($N_0040)   -3.1498                       

($N_0041) 39.83E-06                   ($N_0044)     .6321                       

($N_0045) 13.21E-06                   ($N_0048)    3.1499                       

($N_0049) 1.075E-06                   ($N_0052)    9.9608                       

($N_0053)   -1.0000                   ($N_0054)   -9.8998                       

($N_0055) 83.92E-06                   ($N_0056)   15.0000                       

($N_0057)  -15.0000                   ($N_0060)-45.41E-06                       

($N_0061)   15.0000                   ($N_0062)  -15.0000                       

(X_U1.10)    -.6077                   (X_U1.11)   14.9600                       

(X_U1.12)   14.9600                   (X_U1.13)    -.5938                       

(X_U1.14)    -.5938                   (X_U1.53)   14.0000                       

(X_U1.54)  -14.0000                   (X_U1.90)  -10.5910                       

(X_U1.91)   40.0000                   (X_U1.92)  -40.0000                       

(X_U1.99)    0.0000                   (X_U10.6) 52.00E-06                       

(X_U10.7)    -.4925                   (X_U10.8)    -.4925                       

(X_U10.9)    0.0000                   (X_U11.6) 65.52E-06                       

(X_U11.7)    -.5894                   (X_U11.8)    -.5894                       

(X_U11.9)    0.0000                   (X_U13.6)-76.56E-06                       

(X_U13.7)     .6518                   (X_U13.8)     .6518                       

(X_U13.9)    0.0000                   (X_U15.6)-342.0E-06                       

(X_U15.7)    3.3074                   (X_U15.8)    3.3074                       

(X_U15.9)    0.0000                   (X_U19.6)     .0012                       

(X_U19.7)  -10.8900                   (X_U19.8)  -10.8900                       

(X_U19.9)    0.0000                   (X_U20.6)    -.0012                       

(X_U20.7)   10.8900                   (X_U20.8)   10.8900                       

(X_U20.9)    0.0000                   (X_U3.10)    -.6077                       

(X_U3.11)   14.9600                   (X_U3.12)   14.9600                       

(X_U3.13)    -.5938                   (X_U3.14)    -.5938                       

(X_U3.53)   14.0000                   (X_U3.54)  -14.0000                       

(X_U3.90)     .2360                   (X_U3.91)   40.0000                       

(X_U3.92)  -40.0000                   (X_U3.99)    0.0000                       

(X_U4.10)    -.6077                   (X_U4.11)   14.9600                       

(X_U4.12)   14.9600                   (X_U4.13)    -.5938                       

(X_U4.14)    -.5938                   (X_U4.53)   14.0000                       

(X_U4.54)  -14.0000                   (X_U4.90)    1.5732                       

(X_U4.91)   40.0000                   (X_U4.92)  -40.0000                       

(X_U4.99)    0.0000                   (X_U5.10)    -.6077                       

(X_U5.11)   14.9600                   (X_U5.12)   14.9600                       

(X_U5.13)    -.5938                   (X_U5.14)    -.5938                       

(X_U5.53)   14.0000                   (X_U5.54)  -14.0000                       

(X_U5.90)   -1.5730                   (X_U5.91)   40.0000                       

(X_U5.92)  -40.0000                   (X_U5.99)    0.0000                       

(X_U6.10)    -.6077                   (X_U6.11)   14.9600                       

(X_U6.12)   14.9600                   (X_U6.13)    -.5938                       

(X_U6.14)    -.5938                   (X_U6.53)   14.0000                       

(X_U6.54)  -14.0000                   (X_U6.90)    3.7820                       

(X_U6.91)   40.0000                   (X_U6.92)  -40.0000                       

(X_U6.99)    0.0000                   (X_U7.10)    -.6077                       

(X_U7.11)   14.9600                   (X_U7.12)   14.9600                       

(X_U7.13)    -.5938                   (X_U7.14)    -.5938                       

(X_U7.53)   14.0000                   (X_U7.54)  -14.0000                       

(X_U7.90)   -6.2996                   (X_U7.91)   40.0000                       

(X_U7.92)  -40.0000                   (X_U7.99)    0.0000                       

(X_U8.10)    -.6077                   (X_U8.11)   14.9600                       

(X_U8.12)   14.9600                   (X_U8.13)    -.5938                       

(X_U8.14)    -.5938                   (X_U8.53)   14.0000                       

(X_U8.54)  -14.0000                   (X_U8.90)     .4869                       

(X_U8.91)   40.0000                   (X_U8.92)  -40.0000                       

(X_U8.99)    0.0000                   (X_U9.10)    -.6077                       

(X_U9.11)   14.9600                   (X_U9.12)   14.9600                       

(X_U9.13)    -.5938                   (X_U9.14)    -.5938                       

(X_U9.53)   14.0000                   (X_U9.54)  -14.0000                       

(X_U9.90)    -.1178                   (X_U9.91)   40.0000                       

(X_U9.92)  -40.0000                   (X_U9.99)    0.0000                       

(X_U10.10)    -.6077                  (X_U10.11)   14.9600                      

(X_U10.12)   14.9600                  (X_U10.13)    -.5938                      

(X_U10.14)    -.5938                  (X_U10.53)   14.0000                      

(X_U10.54)  -14.0000                  (X_U10.90)    -.5813                      

(X_U10.91)   40.0000                  (X_U10.92)  -40.0000                      

(X_U10.99)    0.0000                  (X_U11.10)    -.6077                      

(X_U11.11)   14.9600                  (X_U11.12)   14.9600                      

(X_U11.13)    -.5938                  (X_U11.14)    -.5938                      

(X_U11.53)   14.0000                  (X_U11.54)  -14.0000                      

(X_U11.90)   -1.0374                  (X_U11.91)   40.0000                      

(X_U11.92)  -40.0000                  (X_U11.99)    0.0000                      

(X_U13.10)    -.6077                  (X_U13.11)   14.9600                      

(X_U13.12)   14.9600                  (X_U13.13)    -.5938                      

(X_U13.14)    -.5938                  (X_U13.53)   14.0000                      

(X_U13.54)  -14.0000                  (X_U13.90)    1.5732                      

(X_U13.91)   40.0000                  (X_U13.92)  -40.0000                      

(X_U13.99)    0.0000                  (X_U15.10)    -.6077                      

(X_U15.11)   14.9600                  (X_U15.12)   14.9600                      

(X_U15.13)    -.5938                  (X_U15.14)    -.5938                      

(X_U15.53)   14.0000                  (X_U15.54)  -14.0000                      

(X_U15.90)    3.1499                  (X_U15.91)   40.0000                      

(X_U15.92)  -40.0000                  (X_U15.99)    0.0000                      

(X_U19.10)    -.6076                  (X_U19.11)   14.9600                      

(X_U19.12)   14.9600                  (X_U19.13)    -.5937                      

(X_U19.14)    -.5938                  (X_U19.53)   14.0000                      

(X_U19.54)  -14.0000                  (X_U19.90)  -19.8000                      

(X_U19.91)   40.0000                  (X_U19.92)  -40.0000                      

(X_U19.99)    0.0000                  (X_U20.10)    -.6077                      

(X_U20.11)   14.9600                  (X_U20.12)   14.9600                      

(X_U20.13)    -.5938                  (X_U20.14)    -.5938                      

(X_U20.53)   14.0000                  (X_U20.54)  -14.0000                      

(X_U20.90)   19.8000                  (X_U20.91)   40.0000                      

(X_U20.92)  -40.0000                  (X_U20.99)    0.0000                  




    VOLTAGE SOURCE CURRENTS
    NAME         CURRENT

    V_V5        -2.000E-02
    V_V6        -2.001E-02
    V_V4        -1.000E-03
    V_V7         1.000E-03
    V_V_Power   -5.000E-04
    V_V2         1.000E-03
    V_V15       -1.667E-03
    V_V16       -1.667E-03
    V_V17       -1.667E-03
    V_V18       -1.667E-03
    V_V_base    -9.900E-03
    X_U1.vb      2.169E-09
    X_U1.vc      1.469E-11
    X_U1.ve      1.455E-11
    X_U1.vlim   -1.059E-02
    X_U1.vlp    -5.059E-11
    X_U1.vln    -2.941E-11
    X_U4.vb     -7.656E-10
    X_U4.vc      1.343E-11
    X_U4.ve      1.455E-11
    X_U4.vlim    1.573E-03
    X_U4.vlp    -3.843E-11
    X_U4.vln    -4.158E-11
    X_U3.vb     -1.451E-10
    X_U3.vc      1.388E-11
    X_U3.ve      1.455E-11
    X_U3.vlim    2.360E-04
    X_U3.vlp    -3.976E-11
    X_U3.vln    -4.024E-11
    X_U5.vb      7.655E-10
    X_U5.vc      1.457E-11
    X_U5.ve      1.455E-11
    X_U5.vlim   -1.573E-03
    X_U5.vlp    -4.157E-11
    X_U5.vln    -3.843E-11
    X_U8.vb     -4.731E-10
    X_U8.vc      1.357E-11
    X_U8.ve      1.455E-11
    X_U8.vlim    4.869E-04
    X_U8.vlp    -3.951E-11
    X_U8.vln    -4.049E-11
    X_U9.vb      7.239E-11
    X_U9.vc      1.406E-11
    X_U9.ve      1.455E-11
    X_U9.vlim   -1.178E-04
    X_U9.vlp    -4.012E-11
    X_U9.vln    -3.989E-11
    X_U10.vb     5.200E-10
    X_U10.vc     1.446E-11
    X_U10.ve     1.455E-11
    X_U10.vlim  -5.813E-04
    X_U10.vlp   -4.058E-11
    X_U10.vln   -3.942E-11
    X_U11.vb     6.552E-10
    X_U11.vc     1.454E-11
    X_U11.ve     1.455E-11
    X_U11.vlim  -1.037E-03
    X_U11.vlp   -4.104E-11
    X_U11.vln   -3.897E-11
    X_U13.vb    -7.656E-10
    X_U13.vc     1.343E-11
    X_U13.ve     1.455E-11
    X_U13.vlim   1.573E-03
    X_U13.vlp   -3.843E-11
    X_U13.vln   -4.158E-11
    X_U7.vb      3.871E-09
    X_U7.vc      1.715E-11
    X_U7.ve      1.091E-11
    X_U7.vlim   -6.300E-03
    X_U7.vlp    -4.630E-11
    X_U7.vln    -3.370E-11
    X_U6.vb     -1.138E-09
    X_U6.vc      1.337E-11
    X_U6.ve      1.455E-11
    X_U6.vlim    3.782E-03
    X_U6.vlp    -3.622E-11
    X_U6.vln    -4.379E-11
    X_U15.vb    -3.420E-09
    X_U15.vc     1.085E-11
    X_U15.ve     1.819E-11
    X_U15.vlim   3.150E-03
    X_U15.vlp   -3.685E-11
    X_U15.vln   -4.315E-11
    X_U19.vb     1.217E-08
    X_U19.vc     2.390E-11
    X_U19.ve     5.457E-12
    X_U19.vlim  -1.980E-02
    X_U19.vlp   -5.980E-11
    X_U19.vln   -2.020E-11
    X_U20.vb    -1.217E-08
    X_U20.vc     4.101E-12
    X_U20.ve     2.365E-11
    X_U20.vlim   1.980E-02
    X_U20.vlp   -2.020E-11
    X_U20.vln   -5.980E-11

    TOTAL POWER DISSIPATION   1.68E+00  WATTS


**** 09/16/23 20:53:23 ********* PSpice 9.2 (Oct 2000) ******** ID# 0 ********

 * D:\OneDrive - BUET\Desktop\Project demo\DC\DC_root.sch


 ****     OPERATING POINT INFORMATION      TEMPERATURE =   27.000 DEG C


******************************************************************************






**** VOLTAGE-CONTROLLED CURRENT SOURCES


NAME         X_U1.ga     X_U1.gcm    X_U4.ga     X_U4.gcm    X_U3.ga   
I-SOURCE    -5.791E-09  -3.622E-09  -2.857E-09  -3.622E-09  -3.477E-09

NAME         X_U3.gcm    X_U5.ga     X_U5.gcm    X_U8.ga     X_U8.gcm  
I-SOURCE    -3.622E-09  -4.388E-09  -3.622E-09  -3.149E-09  -3.622E-09

NAME         X_U9.ga     X_U9.gcm    X_U10.ga    X_U10.gcm   X_U11.ga  
I-SOURCE    -3.695E-09  -3.622E-09  -4.142E-09  -3.622E-09  -4.278E-09

NAME         X_U11.gcm   X_U13.ga    X_U13.gcm   X_U7.ga     X_U7.gcm  
I-SOURCE    -3.622E-09  -2.857E-09  -3.622E-09  -7.493E-09  -3.622E-09

NAME         X_U6.ga     X_U6.gcm    X_U15.ga    X_U15.gcm   X_U19.ga  
I-SOURCE    -2.485E-09  -3.622E-09  -2.023E-10  -3.622E-09  -1.579E-08

NAME         X_U19.gcm   X_U20.ga    X_U20.gcm 
I-SOURCE    -3.622E-09   8.545E-09  -3.622E-09


**** VOLTAGE-CONTROLLED VOLTAGE SOURCES


NAME         E_E1        X_U1.egnd   X_U4.egnd   X_U3.egnd   X_U5.egnd 
V-SOURCE     9.961E+00   0.000E+00   0.000E+00   0.000E+00   0.000E+00
I-SOURCE    -9.961E+05   1.059E-02  -1.573E-03  -2.361E-04   1.573E-03

NAME         X_U8.egnd   X_U9.egnd   X_U10.egnd  X_U11.egnd  X_U13.egnd
V-SOURCE     0.000E+00   0.000E+00   0.000E+00   0.000E+00   0.000E+00
I-SOURCE    -4.869E-04   1.178E-04   5.813E-04   1.037E-03  -1.573E-03

NAME         X_U7.egnd   X_U6.egnd   X_U15.egnd  X_U19.egnd  X_U20.egnd
V-SOURCE     0.000E+00   0.000E+00   0.000E+00   0.000E+00   0.000E+00
I-SOURCE     6.300E-03  -3.782E-03  -3.150E-03   1.980E-02  -1.980E-02


**** CURRENT-CONTROLLED CURRENT SOURCES


NAME         X_U1.fb     X_U4.fb     X_U3.fb     X_U5.fb     X_U8.fb   
I-SOURCE     2.280E-02  -8.085E-03  -1.533E-03   8.085E-03  -5.005E-03

NAME         X_U9.fb     X_U10.fb    X_U11.fb    X_U13.fb    X_U7.fb   
I-SOURCE     7.634E-04   5.502E-03   6.933E-03  -8.085E-03   4.098E-02

NAME         X_U6.fb     X_U15.fb    X_U19.fb    X_U20.fb  
I-SOURCE    -1.200E-02  -3.625E-02   1.286E-01  -1.286E-01


**** CURRENT-CONTROLLED VOLTAGE SOURCES


NAME         X_U1.hlim   X_U4.hlim   X_U3.hlim   X_U5.hlim   X_U8.hlim 
V-SOURCE    -1.059E+01   1.573E+00   2.360E-01  -1.573E+00   4.869E-01
I-SOURCE     2.118E-11  -3.147E-12  -4.721E-13   3.146E-12  -9.739E-13

NAME         X_U9.hlim   X_U10.hlim  X_U11.hlim  X_U13.hlim  X_U7.hlim 
V-SOURCE    -1.178E-01  -5.813E-01  -1.037E+00   1.573E+00  -6.300E+00
I-SOURCE     2.357E-13   1.163E-12   2.075E-12  -3.147E-12   1.260E-11

NAME         X_U6.hlim   X_U15.hlim  X_U19.hlim  X_U20.hlim
V-SOURCE     3.782E+00   3.150E+00  -1.980E+01   1.980E+01
I-SOURCE    -7.565E-12  -6.301E-12   3.961E-11  -3.961E-11


**** DIODES


NAME         D_D1        D_D2        D_D4        D_D7        D_D8      
MODEL        D1N4001     D1N4001     D1N4001     D1N4001     D1N4001   
ID           9.90E-03    1.00E-03    1.00E-03    5.90E-05    1.18E-04 
VD           6.91E-01    5.73E-01    5.73E-01    4.28E-01    4.63E-01 
REQ          5.18E+00    5.13E+01    5.13E+01    8.70E+02    4.35E+02 
CAP          1.10E-06    1.11E-07    1.11E-07    6.62E-09    1.32E-08 

NAME         D_D9        D_D10       D_D6        X_U1.dc     X_U1.de   
MODEL        D1N4001     D1N4001     D1N4001     X_U1.dy     X_U1.dy   
ID           5.00E-04    1.00E-03    3.15E-03   -1.47E-11   -1.33E-11 
VD           5.38E-01    5.73E-01    6.32E-01   -1.47E+01   -1.33E+01 
REQ          1.03E+02    5.13E+01    1.63E+01    1.00E+12    1.00E+12 
CAP          5.56E-08    1.11E-07    3.50E-07    2.52E-12    2.64E-12 

NAME         X_U1.dlp    X_U1.dln    X_U1.dp     X_U4.dc     X_U4.de   
MODEL        X_U1.dx     X_U1.dx     X_U1.dx     X_U4.dy     X_U4.dy   
ID          -5.06E-11   -2.94E-11   -3.00E-11   -1.34E-11   -1.46E-11 
VD          -5.06E+01   -2.94E+01   -3.00E+01   -1.34E+01   -1.46E+01 
REQ          1.00E+12    1.00E+12    1.00E+12    1.00E+12    1.00E+12 
CAP          0.00E+00    0.00E+00    0.00E+00    2.63E-12    2.53E-12 

NAME         X_U4.dlp    X_U4.dln    X_U4.dp     X_U3.dc     X_U3.de   
MODEL        X_U4.dx     X_U4.dx     X_U4.dx     X_U3.dy     X_U3.dy   
ID          -3.84E-11   -4.16E-11   -3.00E-11   -1.39E-11   -1.41E-11 
VD          -3.84E+01   -4.16E+01   -3.00E+01   -1.39E+01   -1.41E+01 
REQ          1.00E+12    1.00E+12    1.00E+12    1.00E+12    1.00E+12 
CAP          0.00E+00    0.00E+00    0.00E+00    2.59E-12    2.57E-12 

NAME         X_U3.dlp    X_U3.dln    X_U3.dp     X_U5.dc     X_U5.de   
MODEL        X_U3.dx     X_U3.dx     X_U3.dx     X_U5.dy     X_U5.dy   
ID          -3.98E-11   -4.02E-11   -3.00E-11   -1.46E-11   -1.34E-11 
VD          -3.98E+01   -4.02E+01   -3.00E+01   -1.46E+01   -1.34E+01 
REQ          1.00E+12    1.00E+12    1.00E+12    1.00E+12    1.00E+12 
CAP          0.00E+00    0.00E+00    0.00E+00    2.53E-12    2.63E-12 

NAME         X_U5.dlp    X_U5.dln    X_U5.dp     X_U8.dc     X_U8.de   
MODEL        X_U5.dx     X_U5.dx     X_U5.dx     X_U8.dy     X_U8.dy   
ID          -4.16E-11   -3.84E-11   -3.00E-11   -1.36E-11   -1.44E-11 
VD          -4.16E+01   -3.84E+01   -3.00E+01   -1.36E+01   -1.44E+01 
REQ          1.00E+12    1.00E+12    1.00E+12    1.00E+12    1.00E+12 
CAP          0.00E+00    0.00E+00    0.00E+00    2.62E-12    2.55E-12 

NAME         X_U8.dlp    X_U8.dln    X_U8.dp     X_U9.dc     X_U9.de   
MODEL        X_U8.dx     X_U8.dx     X_U8.dx     X_U9.dy     X_U9.dy   
ID          -3.95E-11   -4.05E-11   -3.00E-11   -1.41E-11   -1.39E-11 
VD          -3.95E+01   -4.05E+01   -3.00E+01   -1.41E+01   -1.39E+01 
REQ          1.00E+12    1.00E+12    1.00E+12    1.00E+12    1.00E+12 
CAP          0.00E+00    0.00E+00    0.00E+00    2.58E-12    2.59E-12 

NAME         X_U9.dlp    X_U9.dln    X_U9.dp     X_U10.dc    X_U10.de  
MODEL        X_U9.dx     X_U9.dx     X_U9.dx     X_U10.dy    X_U10.dy  
ID          -4.01E-11   -3.99E-11   -3.00E-11   -1.45E-11   -1.35E-11 
VD          -4.01E+01   -3.99E+01   -3.00E+01   -1.45E+01   -1.35E+01 
REQ          1.00E+12    1.00E+12    1.00E+12    1.00E+12    1.00E+12 
CAP          0.00E+00    0.00E+00    0.00E+00    2.54E-12    2.62E-12 

NAME         X_U10.dlp   X_U10.dln   X_U10.dp    X_U11.dc    X_U11.de  
MODEL        X_U10.dx    X_U10.dx    X_U10.dx    X_U11.dy    X_U11.dy  
ID          -4.06E-11   -3.94E-11   -3.00E-11   -1.45E-11   -1.35E-11 
VD          -4.06E+01   -3.94E+01   -3.00E+01   -1.45E+01   -1.35E+01 
REQ          1.00E+12    1.00E+12    1.00E+12    1.00E+12    1.00E+12 
CAP          0.00E+00    0.00E+00    0.00E+00    2.54E-12    2.63E-12 

NAME         X_U11.dlp   X_U11.dln   X_U11.dp    X_U13.dc    X_U13.de  
MODEL        X_U11.dx    X_U11.dx    X_U11.dx    X_U13.dy    X_U13.dy  
ID          -4.10E-11   -3.90E-11   -3.00E-11   -1.34E-11   -1.46E-11 
VD          -4.10E+01   -3.90E+01   -3.00E+01   -1.34E+01   -1.46E+01 
REQ          1.00E+12    1.00E+12    1.00E+12    1.00E+12    1.00E+12 
CAP          0.00E+00    0.00E+00    0.00E+00    2.63E-12    2.53E-12 

NAME         X_U13.dlp   X_U13.dln   X_U13.dp    X_U7.dc     X_U7.de   
MODEL        X_U13.dx    X_U13.dx    X_U13.dx    X_U7.dy     X_U7.dy   
ID          -3.84E-11   -4.16E-11   -3.00E-11   -1.72E-11   -1.09E-11 
VD          -3.84E+01   -4.16E+01   -3.00E+01   -1.72E+01   -1.09E+01 
REQ          1.00E+12    1.00E+12    1.00E+12    1.00E+12    1.00E+12 
CAP          0.00E+00    0.00E+00    0.00E+00    2.35E-12    2.91E-12 

NAME         X_U7.dlp    X_U7.dln    X_U7.dp     X_U6.dc     X_U6.de   
MODEL        X_U7.dx     X_U7.dx     X_U7.dx     X_U6.dy     X_U6.dy   
ID          -4.63E-11   -3.37E-11   -3.00E-11   -1.34E-11   -1.46E-11 
VD          -4.63E+01   -3.37E+01   -3.00E+01   -1.34E+01   -1.46E+01 
REQ          1.00E+12    1.00E+12    1.00E+12    1.00E+12    1.00E+12 
CAP          0.00E+00    0.00E+00    0.00E+00    2.64E-12    2.53E-12 

NAME         X_U6.dlp    X_U6.dln    X_U6.dp     X_U15.dc    X_U15.de  
MODEL        X_U6.dx     X_U6.dx     X_U6.dx     X_U15.dy    X_U15.dy  
ID          -3.62E-11   -4.38E-11   -3.00E-11   -1.09E-11   -1.72E-11 
VD          -3.62E+01   -4.38E+01   -3.00E+01   -1.09E+01   -1.72E+01 
REQ          1.00E+12    1.00E+12    1.00E+12    1.00E+12    1.00E+12 
CAP          0.00E+00    0.00E+00    0.00E+00    2.91E-12    2.35E-12 

NAME         X_U15.dlp   X_U15.dln   X_U15.dp    X_U19.dc    X_U19.de  
MODEL        X_U15.dx    X_U15.dx    X_U15.dx    X_U19.dy    X_U19.dy  
ID          -3.69E-11   -4.32E-11   -3.00E-11   -2.39E-11   -4.10E-12 
VD          -3.69E+01   -4.32E+01   -3.00E+01   -2.39E+01   -4.10E+00 
REQ          1.00E+12    1.00E+12    1.00E+12    1.00E+12    1.00E+12 
CAP          0.00E+00    0.00E+00    0.00E+00    2.00E-12    4.43E-12 

NAME         X_U19.dlp   X_U19.dln   X_U19.dp    X_U20.dc    X_U20.de  
MODEL        X_U19.dx    X_U19.dx    X_U19.dx    X_U20.dy    X_U20.dy  
ID          -5.98E-11   -2.02E-11   -3.00E-11   -4.10E-12   -2.39E-11 
VD          -5.98E+01   -2.02E+01   -3.00E+01   -4.10E+00   -2.39E+01 
REQ          1.00E+12    1.00E+12    1.00E+12    1.00E+12    1.00E+12 
CAP          0.00E+00    0.00E+00    0.00E+00    4.43E-12    2.00E-12 

NAME         X_U20.dlp   X_U20.dln   X_U20.dp  
MODEL        X_U20.dx    X_U20.dx    X_U20.dx  
ID          -2.02E-11   -5.98E-11   -3.00E-11 
VD          -2.02E+01   -5.98E+01   -3.00E+01 
REQ          1.00E+12    1.00E+12    1.00E+12 
CAP          0.00E+00    0.00E+00    0.00E+00 


**** BIPOLAR JUNCTION TRANSISTORS


NAME         X_U1.q1     X_U1.q2     X_U4.q1     X_U4.q2     X_U3.q1   
MODEL        X_U1.qx     X_U1.qx     X_U4.qx     X_U4.qx     X_U3.qx   
IB           7.98E-08    7.97E-08    7.98E-08    7.97E-08    7.98E-08 
IC           7.48E-06    7.47E-06    7.48E-06    7.48E-06    7.48E-06 
VBE          5.94E-01    5.94E-01    5.94E-01    5.94E-01    5.94E-01 
VBC         -1.50E+01   -1.50E+01   -1.50E+01   -1.50E+01   -1.50E+01 
VCE          1.56E+01    1.56E+01    1.56E+01    1.56E+01    1.56E+01 
BETADC       9.38E+01    9.38E+01    9.38E+01    9.38E+01    9.38E+01 
GM           2.89E-04    2.89E-04    2.89E-04    2.89E-04    2.89E-04 
RPI          3.24E+05    3.24E+05    3.24E+05    3.24E+05    3.24E+05 
RX           0.00E+00    0.00E+00    0.00E+00    0.00E+00    0.00E+00 
RO           1.00E+12    1.00E+12    1.00E+12    1.00E+12    1.00E+12 
CBE          0.00E+00    0.00E+00    0.00E+00    0.00E+00    0.00E+00 
CBC          0.00E+00    0.00E+00    0.00E+00    0.00E+00    0.00E+00 
CJS          0.00E+00    0.00E+00    0.00E+00    0.00E+00    0.00E+00 
BETAAC       9.38E+01    9.38E+01    9.38E+01    9.38E+01    9.38E+01 
CBX/CBX2     0.00E+00    0.00E+00    0.00E+00    0.00E+00    0.00E+00 
FT/FT2       4.60E+15    4.60E+15    4.60E+15    4.60E+15    4.60E+15 



NAME         X_U3.q2     X_U5.q1     X_U5.q2     X_U8.q1     X_U8.q2   
MODEL        X_U3.qx     X_U5.qx     X_U5.qx     X_U8.qx     X_U8.qx   
IB           7.97E-08    7.98E-08    7.97E-08    7.98E-08    7.97E-08 
IC           7.48E-06    7.48E-06    7.48E-06    7.48E-06    7.48E-06 
VBE          5.94E-01    5.94E-01    5.94E-01    5.94E-01    5.94E-01 
VBC         -1.50E+01   -1.50E+01   -1.50E+01   -1.50E+01   -1.50E+01 
VCE          1.56E+01    1.56E+01    1.56E+01    1.56E+01    1.56E+01 
BETADC       9.38E+01    9.38E+01    9.38E+01    9.38E+01    9.38E+01 
GM           2.89E-04    2.89E-04    2.89E-04    2.89E-04    2.89E-04 
RPI          3.24E+05    3.24E+05    3.24E+05    3.24E+05    3.24E+05 
RX           0.00E+00    0.00E+00    0.00E+00    0.00E+00    0.00E+00 
RO           1.00E+12    1.00E+12    1.00E+12    1.00E+12    1.00E+12 
CBE          0.00E+00    0.00E+00    0.00E+00    0.00E+00    0.00E+00 
CBC          0.00E+00    0.00E+00    0.00E+00    0.00E+00    0.00E+00 
CJS          0.00E+00    0.00E+00    0.00E+00    0.00E+00    0.00E+00 
BETAAC       9.38E+01    9.38E+01    9.38E+01    9.38E+01    9.38E+01 
CBX/CBX2     0.00E+00    0.00E+00    0.00E+00    0.00E+00    0.00E+00 
FT/FT2       4.60E+15    4.60E+15    4.60E+15    4.60E+15    4.60E+15 



NAME         X_U9.q1     X_U9.q2     X_U10.q1    X_U10.q2    X_U11.q1  
MODEL        X_U9.qx     X_U9.qx     X_U10.qx    X_U10.qx    X_U11.qx  
IB           7.98E-08    7.97E-08    7.98E-08    7.97E-08    7.98E-08 
IC           7.48E-06    7.48E-06    7.48E-06    7.48E-06    7.48E-06 
VBE          5.94E-01    5.94E-01    5.94E-01    5.94E-01    5.94E-01 
VBC         -1.50E+01   -1.50E+01   -1.50E+01   -1.50E+01   -1.50E+01 
VCE          1.56E+01    1.56E+01    1.56E+01    1.56E+01    1.56E+01 
BETADC       9.38E+01    9.38E+01    9.38E+01    9.38E+01    9.38E+01 
GM           2.89E-04    2.89E-04    2.89E-04    2.89E-04    2.89E-04 
RPI          3.24E+05    3.24E+05    3.24E+05    3.24E+05    3.24E+05 
RX           0.00E+00    0.00E+00    0.00E+00    0.00E+00    0.00E+00 
RO           1.00E+12    1.00E+12    1.00E+12    1.00E+12    1.00E+12 
CBE          0.00E+00    0.00E+00    0.00E+00    0.00E+00    0.00E+00 
CBC          0.00E+00    0.00E+00    0.00E+00    0.00E+00    0.00E+00 
CJS          0.00E+00    0.00E+00    0.00E+00    0.00E+00    0.00E+00 
BETAAC       9.38E+01    9.38E+01    9.38E+01    9.38E+01    9.38E+01 
CBX/CBX2     0.00E+00    0.00E+00    0.00E+00    0.00E+00    0.00E+00 
FT/FT2       4.60E+15    4.60E+15    4.60E+15    4.60E+15    4.60E+15 



NAME         X_U11.q2    X_U13.q1    X_U13.q2    X_U7.q1     X_U7.q2   
MODEL        X_U11.qx    X_U13.qx    X_U13.qx    X_U7.qx     X_U7.qx   
IB           7.97E-08    7.98E-08    7.97E-08    7.98E-08    7.97E-08 
IC           7.48E-06    7.48E-06    7.48E-06    7.48E-06    7.47E-06 
VBE          5.94E-01    5.94E-01    5.94E-01    5.94E-01    5.94E-01 
VBC         -1.50E+01   -1.50E+01   -1.50E+01   -1.50E+01   -1.50E+01 
VCE          1.56E+01    1.56E+01    1.56E+01    1.56E+01    1.56E+01 
BETADC       9.38E+01    9.38E+01    9.38E+01    9.38E+01    9.38E+01 
GM           2.89E-04    2.89E-04    2.89E-04    2.89E-04    2.89E-04 
RPI          3.24E+05    3.24E+05    3.24E+05    3.24E+05    3.24E+05 
RX           0.00E+00    0.00E+00    0.00E+00    0.00E+00    0.00E+00 
RO           1.00E+12    1.00E+12    1.00E+12    1.00E+12    1.00E+12 
CBE          0.00E+00    0.00E+00    0.00E+00    0.00E+00    0.00E+00 
CBC          0.00E+00    0.00E+00    0.00E+00    0.00E+00    0.00E+00 
CJS          0.00E+00    0.00E+00    0.00E+00    0.00E+00    0.00E+00 
BETAAC       9.38E+01    9.38E+01    9.38E+01    9.38E+01    9.38E+01 
CBX/CBX2     0.00E+00    0.00E+00    0.00E+00    0.00E+00    0.00E+00 
FT/FT2       4.60E+15    4.60E+15    4.60E+15    4.60E+15    4.60E+15 



NAME         X_U6.q1     X_U6.q2     X_U15.q1    X_U15.q2    X_U19.q1  
MODEL        X_U6.qx     X_U6.qx     X_U15.qx    X_U15.qx    X_U19.qx  
IB           7.98E-08    7.97E-08    7.97E-08    7.97E-08    7.98E-08 
IC           7.48E-06    7.48E-06    7.48E-06    7.48E-06    7.49E-06 
VBE          5.94E-01    5.94E-01    5.94E-01    5.94E-01    5.94E-01 
VBC         -1.50E+01   -1.50E+01   -1.50E+01   -1.50E+01   -1.50E+01 
VCE          1.56E+01    1.56E+01    1.56E+01    1.56E+01    1.56E+01 
BETADC       9.38E+01    9.38E+01    9.38E+01    9.38E+01    9.38E+01 
GM           2.89E-04    2.89E-04    2.89E-04    2.89E-04    2.89E-04 
RPI          3.24E+05    3.24E+05    3.24E+05    3.24E+05    3.24E+05 
RX           0.00E+00    0.00E+00    0.00E+00    0.00E+00    0.00E+00 
RO           1.00E+12    1.00E+12    1.00E+12    1.00E+12    1.00E+12 
CBE          0.00E+00    0.00E+00    0.00E+00    0.00E+00    0.00E+00 
CBC          0.00E+00    0.00E+00    0.00E+00    0.00E+00    0.00E+00 
CJS          0.00E+00    0.00E+00    0.00E+00    0.00E+00    0.00E+00 
BETAAC       9.38E+01    9.38E+01    9.38E+01    9.38E+01    9.38E+01 
CBX/CBX2     0.00E+00    0.00E+00    0.00E+00    0.00E+00    0.00E+00 
FT/FT2       4.60E+15    4.60E+15    4.60E+15    4.60E+15    4.61E+15 



NAME         X_U19.q2    X_U20.q1    X_U20.q2  
MODEL        X_U19.qx    X_U20.qx    X_U20.qx  
IB           7.97E-08    7.97E-08    7.98E-08 
IC           7.47E-06    7.47E-06    7.48E-06 
VBE          5.94E-01    5.94E-01    5.94E-01 
VBC         -1.50E+01   -1.50E+01   -1.50E+01 
VCE          1.56E+01    1.56E+01    1.56E+01 
BETADC       9.38E+01    9.38E+01    9.38E+01 
GM           2.89E-04    2.89E-04    2.89E-04 
RPI          3.25E+05    3.24E+05    3.24E+05 
RX           0.00E+00    0.00E+00    0.00E+00 
RO           1.00E+12    1.00E+12    1.00E+12 
CBE          0.00E+00    0.00E+00    0.00E+00 
CBC          0.00E+00    0.00E+00    0.00E+00 
CJS          0.00E+00    0.00E+00    0.00E+00 
BETAAC       9.38E+01    9.38E+01    9.38E+01 
CBX/CBX2     0.00E+00    0.00E+00    0.00E+00 
FT/FT2       4.60E+15    4.60E+15    4.60E+15 


**** 09/16/23 20:53:23 ********* PSpice 9.2 (Oct 2000) ******** ID# 0 ********

 * D:\OneDrive - BUET\Desktop\Project demo\DC\DC_root.sch


 ****     INITIAL TRANSIENT SOLUTION       TEMPERATURE =   27.000 DEG C


******************************************************************************



 NODE   VOLTAGE     NODE   VOLTAGE     NODE   VOLTAGE     NODE   VOLTAGE


(    a)   99.0000  (    b)    9.8998  (    n)  -15.0000  (    p)   15.0000      

(X_U1.6) 216.9E-06 (X_U1.7)   -1.2206 (X_U1.8)   -1.2206 (X_U1.9)    0.0000     

(X_U3.6)-14.51E-06 (X_U3.7)     .1298 (X_U3.8)     .1298 (X_U3.9)    0.0000     

(X_U4.6)-76.56E-06 (X_U4.7)     .6518 (X_U4.8)     .6518 (X_U4.9)    0.0000     

(X_U5.6) 76.55E-06 (X_U5.7)    -.6518 (X_U5.8)    -.6518 (X_U5.9)    0.0000     

(X_U6.6)-113.8E-06 (X_U6.7)     .8212 (X_U6.8)     .8212 (X_U6.9)    0.0000     

(X_U7.6) 387.1E-06 (X_U7.7)   -3.4648 (X_U7.8)   -3.4648 (X_U7.9)    0.0000     

(X_U8.6)-47.31E-06 (X_U8.7)     .4523 (X_U8.8)     .4523 (X_U8.9)    0.0000     

(X_U9.6) 7.239E-06 (X_U9.7)    -.0648 (X_U9.8)    -.0648 (X_U9.9)    0.0000     

($N_0001) 30.78E-06                   ($N_0002)    -.6911                       

($N_0003)     .5732                   ($N_0004) 15.18E-06                       

($N_0005) 18.48E-06                   ($N_0006)     .1180                       

($N_0013) 23.32E-06                   ($N_0014)    1.0000                       

($N_0015)    -.5731                   ($N_0018) 16.74E-06                       

($N_0019)    -.4634                   ($N_0020)     .4279                       

($N_0021) 19.64E-06                   ($N_0024)    -.0589                       

($N_0027) 22.02E-06                   ($N_0030) 22.73E-06                       

($N_0031)    -.5375                   ($N_0034)     .5000                       

($N_0035) 15.18E-06                   ($N_0036)   -1.0000                       

($N_0037)     .5732                   ($N_0040)   -3.1498                       

($N_0041) 39.83E-06                   ($N_0044)     .6321                       

($N_0045) 13.21E-06                   ($N_0048)    3.1499                       

($N_0049) 1.075E-06                   ($N_0052)    9.9608                       

($N_0053)   -1.0000                   ($N_0054)   -9.8998                       

($N_0055) 83.92E-06                   ($N_0056)   15.0000                       

($N_0057)  -15.0000                   ($N_0060)-45.41E-06                       

($N_0061)   15.0000                   ($N_0062)  -15.0000                       

(X_U1.10)    -.6077                   (X_U1.11)   14.9600                       

(X_U1.12)   14.9600                   (X_U1.13)    -.5938                       

(X_U1.14)    -.5938                   (X_U1.53)   14.0000                       

(X_U1.54)  -14.0000                   (X_U1.90)  -10.5910                       

(X_U1.91)   40.0000                   (X_U1.92)  -40.0000                       

(X_U1.99)    0.0000                   (X_U10.6) 52.00E-06                       

(X_U10.7)    -.4925                   (X_U10.8)    -.4925                       

(X_U10.9)    0.0000                   (X_U11.6) 65.52E-06                       

(X_U11.7)    -.5894                   (X_U11.8)    -.5894                       

(X_U11.9)    0.0000                   (X_U13.6)-76.56E-06                       

(X_U13.7)     .6518                   (X_U13.8)     .6518                       

(X_U13.9)    0.0000                   (X_U15.6)-342.0E-06                       

(X_U15.7)    3.3074                   (X_U15.8)    3.3074                       

(X_U15.9)    0.0000                   (X_U19.6)     .0012                       

(X_U19.7)  -10.8900                   (X_U19.8)  -10.8900                       

(X_U19.9)    0.0000                   (X_U20.6)    -.0012                       

(X_U20.7)   10.8900                   (X_U20.8)   10.8900                       

(X_U20.9)    0.0000                   (X_U3.10)    -.6077                       

(X_U3.11)   14.9600                   (X_U3.12)   14.9600                       

(X_U3.13)    -.5938                   (X_U3.14)    -.5938                       

(X_U3.53)   14.0000                   (X_U3.54)  -14.0000                       

(X_U3.90)     .2360                   (X_U3.91)   40.0000                       

(X_U3.92)  -40.0000                   (X_U3.99)    0.0000                       

(X_U4.10)    -.6077                   (X_U4.11)   14.9600                       

(X_U4.12)   14.9600                   (X_U4.13)    -.5938                       

(X_U4.14)    -.5938                   (X_U4.53)   14.0000                       

(X_U4.54)  -14.0000                   (X_U4.90)    1.5732                       

(X_U4.91)   40.0000                   (X_U4.92)  -40.0000                       

(X_U4.99)    0.0000                   (X_U5.10)    -.6077                       

(X_U5.11)   14.9600                   (X_U5.12)   14.9600                       

(X_U5.13)    -.5938                   (X_U5.14)    -.5938                       

(X_U5.53)   14.0000                   (X_U5.54)  -14.0000                       

(X_U5.90)   -1.5730                   (X_U5.91)   40.0000                       

(X_U5.92)  -40.0000                   (X_U5.99)    0.0000                       

(X_U6.10)    -.6077                   (X_U6.11)   14.9600                       

(X_U6.12)   14.9600                   (X_U6.13)    -.5938                       

(X_U6.14)    -.5938                   (X_U6.53)   14.0000                       

(X_U6.54)  -14.0000                   (X_U6.90)    3.7820                       

(X_U6.91)   40.0000                   (X_U6.92)  -40.0000                       

(X_U6.99)    0.0000                   (X_U7.10)    -.6077                       

(X_U7.11)   14.9600                   (X_U7.12)   14.9600                       

(X_U7.13)    -.5938                   (X_U7.14)    -.5938                       

(X_U7.53)   14.0000                   (X_U7.54)  -14.0000                       

(X_U7.90)   -6.2996                   (X_U7.91)   40.0000                       

(X_U7.92)  -40.0000                   (X_U7.99)    0.0000                       

(X_U8.10)    -.6077                   (X_U8.11)   14.9600                       

(X_U8.12)   14.9600                   (X_U8.13)    -.5938                       

(X_U8.14)    -.5938                   (X_U8.53)   14.0000                       

(X_U8.54)  -14.0000                   (X_U8.90)     .4869                       

(X_U8.91)   40.0000                   (X_U8.92)  -40.0000                       

(X_U8.99)    0.0000                   (X_U9.10)    -.6077                       

(X_U9.11)   14.9600                   (X_U9.12)   14.9600                       

(X_U9.13)    -.5938                   (X_U9.14)    -.5938                       

(X_U9.53)   14.0000                   (X_U9.54)  -14.0000                       

(X_U9.90)    -.1178                   (X_U9.91)   40.0000                       

(X_U9.92)  -40.0000                   (X_U9.99)    0.0000                       

(X_U10.10)    -.6077                  (X_U10.11)   14.9600                      

(X_U10.12)   14.9600                  (X_U10.13)    -.5938                      

(X_U10.14)    -.5938                  (X_U10.53)   14.0000                      

(X_U10.54)  -14.0000                  (X_U10.90)    -.5813                      

(X_U10.91)   40.0000                  (X_U10.92)  -40.0000                      

(X_U10.99)    0.0000                  (X_U11.10)    -.6077                      

(X_U11.11)   14.9600                  (X_U11.12)   14.9600                      

(X_U11.13)    -.5938                  (X_U11.14)    -.5938                      

(X_U11.53)   14.0000                  (X_U11.54)  -14.0000                      

(X_U11.90)   -1.0374                  (X_U11.91)   40.0000                      

(X_U11.92)  -40.0000                  (X_U11.99)    0.0000                      

(X_U13.10)    -.6077                  (X_U13.11)   14.9600                      

(X_U13.12)   14.9600                  (X_U13.13)    -.5938                      

(X_U13.14)    -.5938                  (X_U13.53)   14.0000                      

(X_U13.54)  -14.0000                  (X_U13.90)    1.5732                      

(X_U13.91)   40.0000                  (X_U13.92)  -40.0000                      

(X_U13.99)    0.0000                  (X_U15.10)    -.6077                      

(X_U15.11)   14.9600                  (X_U15.12)   14.9600                      

(X_U15.13)    -.5938                  (X_U15.14)    -.5938                      

(X_U15.53)   14.0000                  (X_U15.54)  -14.0000                      

(X_U15.90)    3.1499                  (X_U15.91)   40.0000                      

(X_U15.92)  -40.0000                  (X_U15.99)    0.0000                      

(X_U19.10)    -.6076                  (X_U19.11)   14.9600                      

(X_U19.12)   14.9600                  (X_U19.13)    -.5937                      

(X_U19.14)    -.5938                  (X_U19.53)   14.0000                      

(X_U19.54)  -14.0000                  (X_U19.90)  -19.8000                      

(X_U19.91)   40.0000                  (X_U19.92)  -40.0000                      

(X_U19.99)    0.0000                  (X_U20.10)    -.6077                      

(X_U20.11)   14.9600                  (X_U20.12)   14.9600                      

(X_U20.13)    -.5938                  (X_U20.14)    -.5938                      

(X_U20.53)   14.0000                  (X_U20.54)  -14.0000                      

(X_U20.90)   19.8000                  (X_U20.91)   40.0000                      

(X_U20.92)  -40.0000                  (X_U20.99)    0.0000                  




    VOLTAGE SOURCE CURRENTS
    NAME         CURRENT

    V_V5        -2.000E-02
    V_V6        -2.001E-02
    V_V4        -1.000E-03
    V_V7         1.000E-03
    V_V_Power   -5.000E-04
    V_V2         1.000E-03
    V_V15       -1.667E-03
    V_V16       -1.667E-03
    V_V17       -1.667E-03
    V_V18       -1.667E-03
    V_V_base    -9.900E-03
    X_U1.vb      2.169E-09
    X_U1.vc      1.469E-11
    X_U1.ve      1.455E-11
    X_U1.vlim   -1.059E-02
    X_U1.vlp    -5.059E-11
    X_U1.vln    -2.941E-11
    X_U4.vb     -7.656E-10
    X_U4.vc      1.343E-11
    X_U4.ve      1.455E-11
    X_U4.vlim    1.573E-03
    X_U4.vlp    -3.843E-11
    X_U4.vln    -4.158E-11
    X_U3.vb     -1.451E-10
    X_U3.vc      1.388E-11
    X_U3.ve      1.455E-11
    X_U3.vlim    2.360E-04
    X_U3.vlp    -3.977E-11
    X_U3.vln    -4.024E-11
    X_U5.vb      7.655E-10
    X_U5.vc      1.457E-11
    X_U5.ve      1.455E-11
    X_U5.vlim   -1.573E-03
    X_U5.vlp    -4.157E-11
    X_U5.vln    -3.843E-11
    X_U8.vb     -4.731E-10
    X_U8.vc      1.357E-11
    X_U8.ve      1.455E-11
    X_U8.vlim    4.869E-04
    X_U8.vlp    -3.951E-11
    X_U8.vln    -4.049E-11
    X_U9.vb      7.239E-11
    X_U9.vc      1.406E-11
    X_U9.ve      1.455E-11
    X_U9.vlim   -1.178E-04
    X_U9.vlp    -4.012E-11
    X_U9.vln    -3.989E-11
    X_U10.vb     5.200E-10
    X_U10.vc     1.446E-11
    X_U10.ve     1.455E-11
    X_U10.vlim  -5.813E-04
    X_U10.vlp   -4.058E-11
    X_U10.vln   -3.942E-11
    X_U11.vb     6.552E-10
    X_U11.vc     1.454E-11
    X_U11.ve     1.455E-11
    X_U11.vlim  -1.037E-03
    X_U11.vlp   -4.104E-11
    X_U11.vln   -3.897E-11
    X_U13.vb    -7.656E-10
    X_U13.vc     1.343E-11
    X_U13.ve     1.455E-11
    X_U13.vlim   1.573E-03
    X_U13.vlp   -3.843E-11
    X_U13.vln   -4.158E-11
    X_U7.vb      3.871E-09
    X_U7.vc      1.715E-11
    X_U7.ve      1.091E-11
    X_U7.vlim   -6.300E-03
    X_U7.vlp    -4.630E-11
    X_U7.vln    -3.370E-11
    X_U6.vb     -1.138E-09
    X_U6.vc      1.337E-11
    X_U6.ve      1.455E-11
    X_U6.vlim    3.782E-03
    X_U6.vlp    -3.622E-11
    X_U6.vln    -4.379E-11
    X_U15.vb    -3.420E-09
    X_U15.vc     1.085E-11
    X_U15.ve     1.819E-11
    X_U15.vlim   3.150E-03
    X_U15.vlp   -3.685E-11
    X_U15.vln   -4.315E-11
    X_U19.vb     1.217E-08
    X_U19.vc     2.390E-11
    X_U19.ve     5.457E-12
    X_U19.vlim  -1.980E-02
    X_U19.vlp   -5.980E-11
    X_U19.vln   -2.020E-11
    X_U20.vb    -1.217E-08
    X_U20.vc     4.101E-12
    X_U20.ve     2.365E-11
    X_U20.vlim   1.980E-02
    X_U20.vlp   -2.020E-11
    X_U20.vln   -5.980E-11

    TOTAL POWER DISSIPATION   1.68E+00  WATTS



          JOB CONCLUDED

          TOTAL JOB TIME             .09
