
**** 09/16/23 02:22:02 ********* PSpice 9.2 (Oct 2000) ******** ID# 0 ********

 * D:\OneDrive - BUET\Desktop\Project demo\DC\DC_subtraction.sch


 ****     CIRCUIT DESCRIPTION


******************************************************************************




* Schematics Version 9.2
* Sat Sep 16 02:22:02 2023



** Analysis setup **
.tran 0.01m 10m 0 0.01m SKIPBP
.TEMP 25
.OP 


* From [PSPICE NETLIST] section of C:\Program Files\Orcad\PSpice\PSpice.ini:
.lib "nom.lib"

.INC "DC_subtraction.net"



**** INCLUDING DC_subtraction.net ****
* Schematics Netlist *



X_U4         $N_0001 $N_0002 $N_0003 $N_0004 $N_0005 uA741
R_Rs4         $N_0001 0  4.7k  
R_Rsf2         $N_0002 $N_0005  4.7k  
R_Rs1         q $N_0002  4.7k  
R_Rs3         b $N_0001  4.7k  
R_R42         $N_0008 b  1k  
X_U58         0 $N_0008 $N_0009 $N_0010 b uA741
V_V56         0 $N_0010 15
V_V57         $N_0009 0 15
X_U59         0 $N_0013 $N_0014 $N_0015 q uA741
V_V58         $N_0014 0 15
V_V59         0 $N_0015 15
R_R43         $N_0013 q  1k  
R_R44         p $N_0013  100k  
R_R45         a $N_0008  100k  
X_U60         0 $N_0018 $N_0019 $N_0020 $N_0021 uA741
R_R46         $N_0005 $N_0018  1k  
V_V16         $N_0003 0 15
V_V17         0 $N_0004 15
V_V60         0 $N_0020 15
V_V61         $N_0019 0 15
R_R49         $N_0024 0  0.00001  
E_E2         $N_0024 0 $N_0021 0 100
R_R47         $N_0018 $N_0021  1K  
V_V63         p 0 95V
V_V62         a 0 50V

**** RESUMING DC_subtraction.cir ****
.PROBE V(*) I(*) W(*) D(*) NOISE(*) 


.END

**** 09/16/23 02:22:02 ********* PSpice 9.2 (Oct 2000) ******** ID# 0 ********

 * D:\OneDrive - BUET\Desktop\Project demo\DC\DC_subtraction.sch


 ****     Diode MODEL PARAMETERS


******************************************************************************




               X_U4.dx         X_U4.dy         X_U58.dx        X_U58.dy        
          IS  800.000000E-18  800.000000E-18  800.000000E-18  800.000000E-18 
          RS    1               1.000000E-03    1               1.000000E-03 
         CJO                   10.000000E-12                   10.000000E-12 


               X_U59.dx        X_U59.dy        X_U60.dx        X_U60.dy        
          IS  800.000000E-18  800.000000E-18  800.000000E-18  800.000000E-18 
          RS    1               1.000000E-03    1               1.000000E-03 
         CJO                   10.000000E-12                   10.000000E-12 


**** 09/16/23 02:22:02 ********* PSpice 9.2 (Oct 2000) ******** ID# 0 ********

 * D:\OneDrive - BUET\Desktop\Project demo\DC\DC_subtraction.sch


 ****     BJT MODEL PARAMETERS


******************************************************************************




               X_U4.qx         X_U58.qx        X_U59.qx        X_U60.qx        
               NPN             NPN             NPN             NPN             
          IS  800.000000E-18  800.000000E-18  800.000000E-18  800.000000E-18 
          BF   93.75           93.75           93.75           93.75         
          NF    1               1               1               1            
          BR    1               1               1               1            
          NR    1               1               1               1            
          CN    2.42            2.42            2.42            2.42         
           D     .87             .87             .87             .87         


**** 09/16/23 02:22:02 ********* PSpice 9.2 (Oct 2000) ******** ID# 0 ********

 * D:\OneDrive - BUET\Desktop\Project demo\DC\DC_subtraction.sch


 ****     TEMPERATURE-ADJUSTED VALUES      TEMPERATURE =   25.000 DEG C


******************************************************************************




 **** DIODE MODEL PARAMETERS

                   X_U4.dy        X_U4.dx       X_U58.dy    

         IS        5.880E-16      5.880E-16      5.880E-16  
         VJ        1.002E+00      1.002E+00      1.002E+00  
        CJO        9.987E-12      0.000E+00      9.987E-12  
         RS        1.000E-03      1.000E+00      1.000E-03  
        IKF        0.000E+00      0.000E+00      0.000E+00  
         BV                   

                  X_U58.dx       X_U59.dy       X_U59.dx    

         IS        5.880E-16      5.880E-16      5.880E-16  
         VJ        1.002E+00      1.002E+00      1.002E+00  
        CJO        0.000E+00      9.987E-12      0.000E+00  
         RS        1.000E+00      1.000E-03      1.000E+00  
        IKF        0.000E+00      0.000E+00      0.000E+00  
         BV                   

                  X_U60.dy       X_U60.dx                   

         IS        5.880E-16      5.880E-16  
         VJ        1.002E+00      1.002E+00  
        CJO        9.987E-12      0.000E+00  
         RS        1.000E-03      1.000E+00  
        IKF        0.000E+00      0.000E+00  
         BV                   


 **** BJT MODEL PARAMETERS

                   X_U4.qx       X_U58.qx       X_U59.qx    

         BF        9.375E+01      9.375E+01      9.375E+01  
        ISE        0.000E+00      0.000E+00      0.000E+00  
        VJE        7.535E-01      7.535E-01      7.535E-01  
        CJE        0.000E+00      0.000E+00      0.000E+00  
         RE        0.000E+00      0.000E+00      0.000E+00  
         RB        0.000E+00      0.000E+00      0.000E+00  
         BR        1.000E+00      1.000E+00      1.000E+00  
        ISC        0.000E+00      0.000E+00      0.000E+00  
        VJC        7.535E-01      7.535E-01      7.535E-01  
        CJC        0.000E+00      0.000E+00      0.000E+00  
         RC        0.000E+00      0.000E+00      0.000E+00  
        RBM        0.000E+00      0.000E+00      0.000E+00  
         IS        5.880E-16      5.880E-16      5.880E-16  
        ISS        0.000E+00      0.000E+00      0.000E+00  
        VJS        7.535E-01      7.535E-01      7.535E-01  
        CJS        0.000E+00      0.000E+00      0.000E+00  
      GAMMA        1.000E-11      1.000E-11      1.000E-11  
        RCO        0.000E+00      0.000E+00      0.000E+00  
         VO        1.000E+01      1.000E+01      1.000E+01  

                  X_U60.qx                                  

         BF        9.375E+01  
        ISE        0.000E+00  
        VJE        7.535E-01  
        CJE        0.000E+00  
         RE        0.000E+00  
         RB        0.000E+00  
         BR        1.000E+00  
        ISC        0.000E+00  
        VJC        7.535E-01  
        CJC        0.000E+00  
         RC        0.000E+00  
        RBM        0.000E+00  
         IS        5.880E-16  
        ISS        0.000E+00  
        VJS        7.535E-01  
        CJS        0.000E+00  
      GAMMA        1.000E-11  
        RCO        0.000E+00  
         VO        1.000E+01  


**** 09/16/23 02:22:02 ********* PSpice 9.2 (Oct 2000) ******** ID# 0 ********

 * D:\OneDrive - BUET\Desktop\Project demo\DC\DC_subtraction.sch


 ****     SMALL SIGNAL BIAS SOLUTION       TEMPERATURE =   25.000 DEG C


******************************************************************************



 NODE   VOLTAGE     NODE   VOLTAGE     NODE   VOLTAGE     NODE   VOLTAGE


(    a)   50.0000  (    b)    -.4999  (    p)   95.0000  (    q)    -.9499      

(X_U4.6)-51.00E-06 (X_U4.7)     .4800 (X_U4.8)     .4800 (X_U4.9)    0.0000     

($N_0001)    -.2501                   ($N_0002)    -.2501                       

($N_0003)   15.0000                   ($N_0004)  -15.0000                       

($N_0005)     .4500                   ($N_0008) 22.21E-06                       

($N_0009)   15.0000                   ($N_0010)  -15.0000                       

($N_0013) 24.86E-06                   ($N_0014)   15.0000                       

($N_0015)  -15.0000                   ($N_0018) 21.88E-06                       

($N_0019)   15.0000                   ($N_0020)  -15.0000                       

($N_0021)    -.4499                   ($N_0024)  -44.9920                       

(X_U4.10)    -.8617                   (X_U4.11)   14.9600                       

(X_U4.12)   14.9600                   (X_U4.13)    -.8478                       

(X_U4.14)    -.8478                   (X_U4.53)   14.0000                       

(X_U4.54)  -14.0000                   (X_U4.90)     .5990                       

(X_U4.91)   40.0000                   (X_U4.92)  -40.0000                       

(X_U4.99)    0.0000                   (X_U58.6) 55.04E-06                       

(X_U58.7)    -.5276                   (X_U58.8)    -.5276                       

(X_U58.9)    0.0000                   (X_U59.6) 105.3E-06                       

(X_U59.7)   -1.0048                   (X_U59.8)   -1.0048                       

(X_U59.9)    0.0000                   (X_U60.6) 48.85E-06                       

(X_U60.7)    -.4724                   (X_U60.8)    -.4724                       

(X_U60.9)    0.0000                   (X_U58.10)    -.6116                      

(X_U58.11)   14.9600                  (X_U58.12)   14.9600                      

(X_U58.13)    -.5977                  (X_U58.14)    -.5977                      

(X_U58.53)   14.0000                  (X_U58.54)  -14.0000                      

(X_U58.90)    -.5531                  (X_U58.91)   40.0000                      

(X_U58.92)  -40.0000                  (X_U58.99)    0.0000                      

(X_U59.10)    -.6116                  (X_U59.11)   14.9600                      

(X_U59.12)   14.9600                  (X_U59.13)    -.5977                      

(X_U59.14)    -.5977                  (X_U59.53)   14.0000                      

(X_U59.54)  -14.0000                  (X_U59.90)   -1.0988                      

(X_U59.91)   40.0000                  (X_U59.92)  -40.0000                      

(X_U59.99)    0.0000                  (X_U60.10)    -.6116                      

(X_U60.11)   14.9600                  (X_U60.12)   14.9600                      

(X_U60.13)    -.5977                  (X_U60.14)    -.5977                      

(X_U60.53)   14.0000                  (X_U60.54)  -14.0000                      

(X_U60.90)    -.4499                  (X_U60.91)   40.0000                      

(X_U60.92)  -40.0000                  (X_U60.99)    0.0000                  




    VOLTAGE SOURCE CURRENTS
    NAME         CURRENT

    V_V56       -1.667E-03
    V_V57       -1.667E-03
    V_V58       -1.667E-03
    V_V59       -1.667E-03
    V_V16       -1.667E-03
    V_V17       -1.667E-03
    V_V60       -1.667E-03
    V_V61       -1.667E-03
    V_V63       -9.500E-04
    V_V62       -5.000E-04
    X_U4.vb     -5.100E-10
    X_U4.vc      1.355E-11
    X_U4.ve      1.478E-11
    X_U4.vlim    5.990E-04
    X_U4.vlp    -3.940E-11
    X_U4.vln    -4.060E-11
    X_U58.vb     5.504E-10
    X_U58.vc     1.450E-11
    X_U58.ve     1.455E-11
    X_U58.vlim  -5.531E-04
    X_U58.vlp   -4.055E-11
    X_U58.vln   -3.945E-11
    X_U59.vb     1.053E-09
    X_U59.vc     1.495E-11
    X_U59.ve     1.360E-11
    X_U59.vlim  -1.099E-03
    X_U59.vlp   -4.110E-11
    X_U59.vln   -3.890E-11
    X_U60.vb     4.885E-10
    X_U60.vc     1.445E-11
    X_U60.ve     1.410E-11
    X_U60.vlim  -4.499E-04
    X_U60.vlp   -4.045E-11
    X_U60.vln   -3.955E-11

    TOTAL POWER DISSIPATION   3.15E-01  WATTS


**** 09/16/23 02:22:02 ********* PSpice 9.2 (Oct 2000) ******** ID# 0 ********

 * D:\OneDrive - BUET\Desktop\Project demo\DC\DC_subtraction.sch


 ****     OPERATING POINT INFORMATION      TEMPERATURE =   25.000 DEG C


******************************************************************************






**** VOLTAGE-CONTROLLED CURRENT SOURCES


NAME         X_U4.ga     X_U4.gcm    X_U58.ga    X_U58.gcm   X_U59.ga  
I-SOURCE    -4.627E-09  -5.137E-09  -4.196E-09  -3.646E-09  -4.699E-09

NAME         X_U59.gcm   X_U60.ga    X_U60.gcm 
I-SOURCE    -3.646E-09  -4.134E-09  -3.646E-09


**** VOLTAGE-CONTROLLED VOLTAGE SOURCES


NAME         E_E2        X_U4.egnd   X_U58.egnd  X_U59.egnd  X_U60.egnd
V-SOURCE    -4.499E+01   0.000E+00   0.000E+00   0.000E+00   0.000E+00
I-SOURCE     4.499E+06  -5.991E-04   5.530E-04   1.099E-03   4.499E-04


**** CURRENT-CONTROLLED CURRENT SOURCES


NAME         X_U4.fb     X_U58.fb    X_U59.fb    X_U60.fb  
I-SOURCE    -5.395E-03   5.825E-03   1.114E-02   5.170E-03


**** CURRENT-CONTROLLED VOLTAGE SOURCES


NAME         X_U4.hlim   X_U58.hlim  X_U59.hlim  X_U60.hlim
V-SOURCE     5.990E-01  -5.531E-01  -1.099E+00  -4.499E-01
I-SOURCE    -1.198E-12   1.106E-12   2.198E-12   8.999E-13


**** DIODES


NAME         X_U4.dc     X_U4.de     X_U4.dlp    X_U4.dln    X_U4.dp   
MODEL        X_U4.dy     X_U4.dy     X_U4.dx     X_U4.dx     X_U4.dx   
ID          -1.36E-11   -1.45E-11   -3.94E-11   -4.06E-11   -3.00E-11 
VD          -1.36E+01   -1.45E+01   -3.94E+01   -4.06E+01   -3.00E+01 
REQ          1.00E+12    1.00E+12    1.00E+12    1.00E+12    1.00E+12 
CAP          2.62E-12    2.54E-12    0.00E+00    0.00E+00    0.00E+00 

NAME         X_U58.dc    X_U58.de    X_U58.dlp   X_U58.dln   X_U58.dp  
MODEL        X_U58.dy    X_U58.dy    X_U58.dx    X_U58.dx    X_U58.dx  
ID          -1.45E-11   -1.35E-11   -4.06E-11   -3.94E-11   -3.00E-11 
VD          -1.45E+01   -1.35E+01   -4.06E+01   -3.94E+01   -3.00E+01 
REQ          1.00E+12    1.00E+12    1.00E+12    1.00E+12    1.00E+12 
CAP          2.54E-12    2.62E-12    0.00E+00    0.00E+00    0.00E+00 

NAME         X_U59.dc    X_U59.de    X_U59.dlp   X_U59.dln   X_U59.dp  
MODEL        X_U59.dy    X_U59.dy    X_U59.dx    X_U59.dx    X_U59.dx  
ID          -1.50E-11   -1.31E-11   -4.11E-11   -3.89E-11   -3.00E-11 
VD          -1.50E+01   -1.31E+01   -4.11E+01   -3.89E+01   -3.00E+01 
REQ          1.00E+12    1.00E+12    1.00E+12    1.00E+12    1.00E+12 
CAP          2.50E-12    2.67E-12    0.00E+00    0.00E+00    0.00E+00 

NAME         X_U60.dc    X_U60.de    X_U60.dlp   X_U60.dln   X_U60.dp  
MODEL        X_U60.dy    X_U60.dy    X_U60.dx    X_U60.dx    X_U60.dx  
ID          -1.45E-11   -1.36E-11   -4.05E-11   -3.96E-11   -3.00E-11 
VD          -1.45E+01   -1.36E+01   -4.05E+01   -3.96E+01   -3.00E+01 
REQ          1.00E+12    1.00E+12    1.00E+12    1.00E+12    1.00E+12 
CAP          2.54E-12    2.62E-12    0.00E+00    0.00E+00    0.00E+00 


**** BIPOLAR JUNCTION TRANSISTORS


NAME         X_U4.q1     X_U4.q2     X_U58.q1    X_U58.q2    X_U59.q1  
MODEL        X_U4.qx     X_U4.qx     X_U58.qx    X_U58.qx    X_U59.qx  
IB           7.97E-08    7.96E-08    7.98E-08    7.97E-08    7.98E-08 
IC           7.47E-06    7.47E-06    7.48E-06    7.48E-06    7.48E-06 
VBE          5.98E-01    5.98E-01    5.98E-01    5.98E-01    5.98E-01 
VBC         -1.52E+01   -1.52E+01   -1.50E+01   -1.50E+01   -1.50E+01 
VCE          1.58E+01    1.58E+01    1.56E+01    1.56E+01    1.56E+01 
BETADC       9.38E+01    9.38E+01    9.38E+01    9.38E+01    9.38E+01 
GM           2.91E-04    2.91E-04    2.91E-04    2.91E-04    2.91E-04 
RPI          3.22E+05    3.23E+05    3.22E+05    3.22E+05    3.22E+05 
RX           0.00E+00    0.00E+00    0.00E+00    0.00E+00    0.00E+00 
RO           1.00E+12    1.00E+12    1.00E+12    1.00E+12    1.00E+12 
CBE          0.00E+00    0.00E+00    0.00E+00    0.00E+00    0.00E+00 
CBC          0.00E+00    0.00E+00    0.00E+00    0.00E+00    0.00E+00 
CJS          0.00E+00    0.00E+00    0.00E+00    0.00E+00    0.00E+00 
BETAAC       9.38E+01    9.38E+01    9.38E+01    9.38E+01    9.38E+01 
CBX/CBX2     0.00E+00    0.00E+00    0.00E+00    0.00E+00    0.00E+00 
FT/FT2       4.63E+15    4.62E+15    4.63E+15    4.63E+15    4.63E+15 



NAME         X_U59.q2    X_U60.q1    X_U60.q2  
MODEL        X_U59.qx    X_U60.qx    X_U60.qx  
IB           7.97E-08    7.98E-08    7.97E-08 
IC           7.47E-06    7.48E-06    7.48E-06 
VBE          5.98E-01    5.98E-01    5.98E-01 
VBC         -1.50E+01   -1.50E+01   -1.50E+01 
VCE          1.56E+01    1.56E+01    1.56E+01 
BETADC       9.38E+01    9.38E+01    9.38E+01 
GM           2.91E-04    2.91E-04    2.91E-04 
RPI          3.22E+05    3.22E+05    3.22E+05 
RX           0.00E+00    0.00E+00    0.00E+00 
RO           1.00E+12    1.00E+12    1.00E+12 
CBE          0.00E+00    0.00E+00    0.00E+00 
CBC          0.00E+00    0.00E+00    0.00E+00 
CJS          0.00E+00    0.00E+00    0.00E+00 
BETAAC       9.38E+01    9.38E+01    9.38E+01 
CBX/CBX2     0.00E+00    0.00E+00    0.00E+00 
FT/FT2       4.63E+15    4.63E+15    4.63E+15 



          JOB CONCLUDED

          TOTAL JOB TIME             .14
